[    0.000000] Initializing cgroup subsys cpuset
[    0.000000] Initializing cgroup subsys cpu
[    0.000000] Initializing cgroup subsys cpuacct
[    0.000000] Linux version 4.4.0-66-generic (buildd@lgw01-28) (gcc version 5.4.0 20160609 (Ubuntu 5.4.0-6ubuntu1~16.04.4) ) #87-Ubuntu SMP Fri Mar 3 15:29:05 UTC 2017 (Ubuntu 4.4.0-66.87-generic 4.4.44)
[    0.000000] Command line: BOOT_IMAGE=/boot/vmlinuz-4.4.0-66-generic root=LABEL=cloudimg-rootfs ro console=tty1 console=ttyS0
[    0.000000] KERNEL supported cpus:
[    0.000000]   Intel GenuineIntel
[    0.000000]   AMD AuthenticAMD
[    0.000000]   Centaur CentaurHauls
[    0.000000] x86/fpu: xstate_offset[2]:  576, xstate_sizes[2]:  256
[    0.000000] x86/fpu: Supporting XSAVE feature 0x01: 'x87 floating point registers'
[    0.000000] x86/fpu: Supporting XSAVE feature 0x02: 'SSE registers'
[    0.000000] x86/fpu: Supporting XSAVE feature 0x04: 'AVX registers'
[    0.000000] x86/fpu: Enabled xstate features 0x7, context size is 832 bytes, using 'standard' format.
[    0.000000] x86/fpu: Using 'lazy' FPU context switches.
[    0.000000] e820: BIOS-provided physical RAM map:
[    0.000000] BIOS-e820: [mem 0x0000000000000000-0x000000000009fbff] usable
[    0.000000] BIOS-e820: [mem 0x000000000009fc00-0x000000000009ffff] reserved
[    0.000000] BIOS-e820: [mem 0x00000000000f0000-0x00000000000fffff] reserved
[    0.000000] BIOS-e820: [mem 0x0000000000100000-0x000000005ffeffff] usable
[    0.000000] BIOS-e820: [mem 0x000000005fff0000-0x000000005fffffff] ACPI data
[    0.000000] BIOS-e820: [mem 0x00000000fec00000-0x00000000fec00fff] reserved
[    0.000000] BIOS-e820: [mem 0x00000000fee00000-0x00000000fee00fff] reserved
[    0.000000] BIOS-e820: [mem 0x00000000fffc0000-0x00000000ffffffff] reserved
[    0.000000] NX (Execute Disable) protection: active
[    0.000000] SMBIOS 2.5 present.
[    0.000000] Hypervisor detected: KVM
[    0.000000] e820: last_pfn = 0x5fff0 max_arch_pfn = 0x400000000
[    0.000000] MTRR: Disabled
[    0.000000] x86/PAT: MTRRs disabled, skipping PAT initialization too.
[    0.000000] x86/PAT: Configuration [0-7]: WB  WT  UC- UC  WB  WT  UC- UC  
[    0.000000] CPU MTRRs all blank - virtualized system.
[    0.000000] found SMP MP-table at [mem 0x0009fff0-0x0009ffff] mapped at [ffff88000009fff0]
[    0.000000] Scanning 1 areas for low memory corruption
[    0.000000] RAMDISK: [mem 0x36ac8000-0x3755bfff]
[    0.000000] ACPI: Early table checksum verification disabled
[    0.000000] ACPI: RSDP 0x00000000000E0000 000024 (v02 VBOX  )
[    0.000000] ACPI: XSDT 0x000000005FFF0030 00003C (v01 VBOX   VBOXXSDT 00000001 ASL  00000061)
[    0.000000] ACPI: FACP 0x000000005FFF00F0 0000F4 (v04 VBOX   VBOXFACP 00000001 ASL  00000061)
[    0.000000] ACPI: DSDT 0x000000005FFF0470 00210F (v01 VBOX   VBOXBIOS 00000002 INTL 20160108)
[    0.000000] ACPI: FACS 0x000000005FFF0200 000040
[    0.000000] ACPI: FACS 0x000000005FFF0200 000040
[    0.000000] ACPI: APIC 0x000000005FFF0240 00005C (v02 VBOX   VBOXAPIC 00000001 ASL  00000061)
[    0.000000] ACPI: SSDT 0x000000005FFF02A0 0001CC (v01 VBOX   VBOXCPUT 00000002 INTL 20160108)
[    0.000000] No NUMA configuration found
[    0.000000] Faking a node at [mem 0x0000000000000000-0x000000005ffeffff]
[    0.000000] NODE_DATA(0) allocated [mem 0x5ffeb000-0x5ffeffff]
[    0.000000] kvm-clock: Using msrs 4b564d01 and 4b564d00
[    0.000000] kvm-clock: cpu 0, msr 0:5ffe3001, primary cpu clock
[    0.000000] kvm-clock: using sched offset of 3468397195 cycles
[    0.000000] clocksource: kvm-clock: mask: 0xffffffffffffffff max_cycles: 0x1cd42e4dffb, max_idle_ns: 881590591483 ns
[    0.000000] Zone ranges:
[    0.000000]   DMA      [mem 0x0000000000001000-0x0000000000ffffff]
[    0.000000]   DMA32    [mem 0x0000000001000000-0x000000005ffeffff]
[    0.000000]   Normal   empty
[    0.000000]   Device   empty
[    0.000000] Movable zone start for each node
[    0.000000] Early memory node ranges
[    0.000000]   node   0: [mem 0x0000000000001000-0x000000000009efff]
[    0.000000]   node   0: [mem 0x0000000000100000-0x000000005ffeffff]
[    0.000000] Initmem setup node 0 [mem 0x0000000000001000-0x000000005ffeffff]
[    0.000000] ACPI: PM-Timer IO Port: 0x4008
[    0.000000] IOAPIC[0]: apic_id 2, version 32, address 0xfec00000, GSI 0-23
[    0.000000] ACPI: INT_SRC_OVR (bus 0 bus_irq 0 global_irq 2 dfl dfl)
[    0.000000] ACPI: INT_SRC_OVR (bus 0 bus_irq 9 global_irq 9 high level)
[    0.000000] Using ACPI (MADT) for SMP configuration information
[    0.000000] smpboot: Allowing 2 CPUs, 0 hotplug CPUs
[    0.000000] PM: Registered nosave memory: [mem 0x00000000-0x00000fff]
[    0.000000] PM: Registered nosave memory: [mem 0x0009f000-0x0009ffff]
[    0.000000] PM: Registered nosave memory: [mem 0x000a0000-0x000effff]
[    0.000000] PM: Registered nosave memory: [mem 0x000f0000-0x000fffff]
[    0.000000] e820: [mem 0x60000000-0xfebfffff] available for PCI devices
[    0.000000] Booting paravirtualized kernel on KVM
[    0.000000] clocksource: refined-jiffies: mask: 0xffffffff max_cycles: 0xffffffff, max_idle_ns: 7645519600211568 ns
[    0.000000] setup_percpu: NR_CPUS:512 nr_cpumask_bits:512 nr_cpu_ids:2 nr_node_ids:1
[    0.000000] PERCPU: Embedded 33 pages/cpu @ffff88005fc00000 s98264 r8192 d28712 u1048576
[    0.000000] PV qspinlock hash table entries: 256 (order: 0, 4096 bytes)
[    0.000000] Built 1 zonelists in Node order, mobility grouping on.  Total pages: 386937
[    0.000000] Policy zone: DMA32
[    0.000000] Kernel command line: BOOT_IMAGE=/boot/vmlinuz-4.4.0-66-generic root=LABEL=cloudimg-rootfs ro console=tty1 console=ttyS0
[    0.000000] PID hash table entries: 4096 (order: 3, 32768 bytes)
[    0.000000] Memory: 1517840K/1572408K available (8452K kernel code, 1293K rwdata, 3980K rodata, 1488K init, 1316K bss, 54568K reserved, 0K cma-reserved)
[    0.000000] SLUB: HWalign=64, Order=0-3, MinObjects=0, CPUs=2, Nodes=1
[    0.000000] Hierarchical RCU implementation.
[    0.000000] 	Build-time adjustment of leaf fanout to 64.
[    0.000000] 	RCU restricting CPUs from NR_CPUS=512 to nr_cpu_ids=2.
[    0.000000] RCU: Adjusting geometry for rcu_fanout_leaf=64, nr_cpu_ids=2
[    0.000000] NR_IRQS:33024 nr_irqs:440 16
[    0.000000] Console: colour VGA+ 80x25
[    0.000000] console [tty1] enabled
[    0.000000] console [ttyS0] enabled
[    0.000000] tsc: Detected 2194.918 MHz processor
[    0.965761] Calibrating delay loop (skipped) preset value.. 4389.83 BogoMIPS (lpj=8779672)
[    0.967670] pid_max: default: 32768 minimum: 301
[    0.981668] ACPI: Core revision 20150930
[    0.984619] ACPI: 2 ACPI AML tables successfully acquired and loaded
[    0.999054] Security Framework initialized
[    1.005859] Yama: becoming mindful.
[    1.006651] AppArmor: AppArmor initialized
[    1.008148] Dentry cache hash table entries: 262144 (order: 9, 2097152 bytes)
[    1.032804] Inode-cache hash table entries: 131072 (order: 8, 1048576 bytes)
[    1.036935] Mount-cache hash table entries: 4096 (order: 3, 32768 bytes)
[    1.040409] Mountpoint-cache hash table entries: 4096 (order: 3, 32768 bytes)
[    1.047709] Initializing cgroup subsys io
[    1.056422] Initializing cgroup subsys memory
[    1.057332] Initializing cgroup subsys devices
[    1.058243] Initializing cgroup subsys freezer
[    1.059189] Initializing cgroup subsys net_cls
[    1.065503] Initializing cgroup subsys perf_event
[    1.149545] Initializing cgroup subsys net_prio
[    1.200407] Initializing cgroup subsys hugetlb
[    1.201335] Initializing cgroup subsys pids
[    1.207640] CPU: Physical Processor ID: 0
[    1.208488] CPU: Processor Core ID: 0
[    1.229590] mce: CPU supports 0 MCE banks
[    1.288156] Last level iTLB entries: 4KB 64, 2MB 8, 4MB 8
[    1.330270] Last level dTLB entries: 4KB 64, 2MB 0, 4MB 0, 1GB 4
[    1.399110] Freeing SMP alternatives memory: 32K (ffffffff820b9000 - ffffffff820c1000)
[    1.416897] ftrace: allocating 32123 entries in 126 pages
[    1.475970] smpboot: APIC(0) Converting physical 0 to logical package 0
[    1.518641] smpboot: Max logical packages: 1
[    1.521989] x2apic enabled
[    1.527878] Switched APIC routing to physical x2apic.
[    1.535438] ..TIMER: vector=0x30 apic1=0 pin1=2 apic2=-1 pin2=-1
[    1.642769] smpboot: CPU0: Intel(R) Core(TM) i5-5200U CPU @ 2.20GHz (family: 0x6, model: 0x3d, stepping: 0x4)
[    1.646903] Performance Events: unsupported p6 CPU model 61 no PMU driver, software events only.
[    1.648764] KVM setup paravirtual spinlock
[    1.650352] x86: Booting SMP configuration:
[    1.671036] .... node  #0, CPUs:      #1
[    1.691203] kvm-clock: cpu 1, msr 0:5ffe3041, secondary cpu clock
[    1.825907] mce: CPU supports 0 MCE banks
[    1.884637] x86: Booted up 1 node, 2 CPUs
[    1.901457] smpboot: Total of 2 processors activated (8779.67 BogoMIPS)
[    1.930094] devtmpfs: initialized
[    1.937619] evm: security.selinux
[    1.954909] evm: security.SMACK64
[    1.963235] evm: security.SMACK64EXEC
[    1.963926] evm: security.SMACK64TRANSMUTE
[    1.964662] evm: security.SMACK64MMAP
[    1.965374] evm: security.ima
[    1.982051] evm: security.capability
[    1.983355] clocksource: jiffies: mask: 0xffffffff max_cycles: 0xffffffff, max_idle_ns: 7645041785100000 ns
[    1.985965] pinctrl core: initialized pinctrl subsystem
[    2.014305] RTC time:  7:15:38, date: 03/16/17
[    2.032388] NET: Registered protocol family 16
[    2.078525] cpuidle: using governor ladder
[    2.142750] cpuidle: using governor menu
[    2.146526] PCCT header not found.
[    2.162548] ACPI: bus type PCI registered
[    2.193272] acpiphp: ACPI Hot Plug PCI Controller Driver version: 0.5
[    2.285417] PCI: Using configuration type 1 for base access
[    2.343715] ACPI: Added _OSI(Module Device)
[    2.401503] ACPI: Added _OSI(Processor Device)
[    2.450638] ACPI: Added _OSI(3.0 _SCP Extensions)
[    2.467510] ACPI: Added _OSI(Processor Aggregator Device)
[    2.469266] ACPI: Executed 1 blocks of module-level executable AML code
[    2.474217] ACPI: Interpreter enabled
[    2.498888] ACPI: (supports S0 S5)
[    2.499649] ACPI: Using IOAPIC for interrupt routing
[    2.500806] PCI: Using host bridge windows from ACPI; if necessary, use "pci=nocrs" and report a bug
[    2.514726] ACPI: PCI Root Bridge [PCI0] (domain 0000 [bus 00-ff])
[    2.528274] acpi PNP0A03:00: _OSC: OS supports [ASPM ClockPM Segments MSI]
[    2.531046] acpi PNP0A03:00: _OSC failed (AE_NOT_FOUND); disabling ASPM
[    2.563135] acpi PNP0A03:00: fail to add MMCONFIG information, can't access extended PCI configuration space under this bridge.
[    2.566702] PCI host bridge to bus 0000:00
[    2.569113] pci_bus 0000:00: root bus resource [io  0x0000-0x0cf7 window]
[    2.575668] pci_bus 0000:00: root bus resource [io  0x0d00-0xffff window]
[    2.604725] pci_bus 0000:00: root bus resource [mem 0x000a0000-0x000bffff window]
[    2.680971] pci_bus 0000:00: root bus resource [mem 0x60000000-0xffdfffff window]
[    2.777966] pci_bus 0000:00: root bus resource [bus 00-ff]
[    2.780524] pci 0000:00:01.1: legacy IDE quirk: reg 0x10: [io  0x01f0-0x01f7]
[    2.787209] pci 0000:00:01.1: legacy IDE quirk: reg 0x14: [io  0x03f6]
[    2.788510] pci 0000:00:01.1: legacy IDE quirk: reg 0x18: [io  0x0170-0x0177]
[    2.789927] pci 0000:00:01.1: legacy IDE quirk: reg 0x1c: [io  0x0376]
[    2.820421] pci 0000:00:07.0: quirk: [io  0x4000-0x403f] claimed by PIIX4 ACPI
[    2.833706] pci 0000:00:07.0: quirk: [io  0x4100-0x410f] claimed by PIIX4 SMB
[    2.850396] ACPI: PCI Interrupt Link [LNKA] (IRQs 5 9 10 *11)
[    2.865607] ACPI: PCI Interrupt Link [LNKB] (IRQs 5 9 10 *11)
[    2.933808] ACPI: PCI Interrupt Link [LNKC] (IRQs 5 9 *10 11)
[    2.966433] ACPI: PCI Interrupt Link [LNKD] (IRQs 5 *9 10 11)
[    2.997189] ACPI: Enabled 2 GPEs in block 00 to 07
[    3.028414] vgaarb: setting as boot device: PCI:0000:00:02.0
[    3.090869] vgaarb: device added: PCI:0000:00:02.0,decodes=io+mem,owns=io+mem,locks=none
[    3.123715] vgaarb: loaded
[    3.166861] vgaarb: bridge control possible 0000:00:02.0
[    3.168041] SCSI subsystem initialized
[    3.168872] ACPI: bus type USB registered
[    3.199133] usbcore: registered new interface driver usbfs
[    3.228923] usbcore: registered new interface driver hub
[    3.262900] usbcore: registered new device driver usb
[    3.279255] PCI: Using ACPI for IRQ routing
[    3.296425] NetLabel: Initializing
[    3.317773] NetLabel:  domain hash size = 128
[    3.352048] NetLabel:  protocols = UNLABELED CIPSOv4
[    3.362092] NetLabel:  unlabeled traffic allowed by default
[    3.370861] amd_nb: Cannot enumerate AMD northbridges
[    3.399458] clocksource: Switched to clocksource kvm-clock
[    3.407780] AppArmor: AppArmor Filesystem Enabled
[    3.415889] pnp: PnP ACPI init
[    3.417338] pnp: PnP ACPI: found 3 devices
[    3.428813] clocksource: acpi_pm: mask: 0xffffff max_cycles: 0xffffff, max_idle_ns: 2085701024 ns
[    3.497521] NET: Registered protocol family 2
[    3.530449] TCP established hash table entries: 16384 (order: 5, 131072 bytes)
[    3.542653] TCP bind hash table entries: 16384 (order: 6, 262144 bytes)
[    3.549503] TCP: Hash tables configured (established 16384 bind 16384)
[    3.563707] UDP hash table entries: 1024 (order: 3, 32768 bytes)
[    3.570193] UDP-Lite hash table entries: 1024 (order: 3, 32768 bytes)
[    3.604261] NET: Registered protocol family 1
[    3.608577] pci 0000:00:00.0: Limiting direct PCI/PCI transfers
[    3.615263] pci 0000:00:01.0: Activating ISA DMA hang workarounds
[    3.655383] Trying to unpack rootfs image as initramfs...
[    5.607234] Freeing initrd memory: 10832K (ffff880036ac8000 - ffff88003755c000)
[    5.631605] RAPL PMU detected, API unit is 2^-32 Joules, 4 fixed counters 10737418240 ms ovfl timer
[    5.642429] hw unit of domain pp0-core 2^-0 Joules
[    5.689994] hw unit of domain package 2^-0 Joules
[    5.731009] hw unit of domain dram 2^-0 Joules
[    5.781012] hw unit of domain pp1-gpu 2^-0 Joules
[    5.835170] platform rtc_cmos: registered platform RTC device (no PNP device found)
[    5.851935] Scanning for low memory corruption every 60 seconds
[    5.995658] futex hash table entries: 512 (order: 3, 32768 bytes)
[    6.095585] audit: initializing netlink subsys (disabled)
[    6.109197] audit: type=2000 audit(1489648544.552:1): initialized
[    6.125663] Initialise system trusted keyring
[    6.128418] HugeTLB registered 2 MB page size, pre-allocated 0 pages
[    6.130919] zbud: loaded
[    6.135599] VFS: Disk quotas dquot_6.6.0
[    6.150737] VFS: Dquot-cache hash table entries: 512 (order 0, 4096 bytes)
[    6.156163] squashfs: version 4.0 (2009/01/31) Phillip Lougher
[    6.256159] fuse init (API version 7.23)
[    6.352172] Key type big_key registered
[    6.355913] Allocating IMA MOK and blacklist keyrings.
[    6.388330] Key type asymmetric registered
[    6.405658] Asymmetric key parser 'x509' registered
[    6.417811] Block layer SCSI generic (bsg) driver version 0.4 loaded (major 249)
[    6.419534] io scheduler noop registered
[    6.420429] io scheduler deadline registered (default)
[    6.421558] io scheduler cfq registered
[    6.422548] pci_hotplug: PCI Hot Plug PCI Core version: 0.5
[    6.423843] pciehp: PCI Express Hot Plug Controller Driver version: 0.4
[    6.438688] ACPI: AC Adapter [AC] (off-line)
[    6.439960] input: Power Button as /devices/LNXSYSTM:00/LNXPWRBN:00/input/input0
[    6.442102] ACPI: Power Button [PWRF]
[    6.488067] input: Sleep Button as /devices/LNXSYSTM:00/LNXSLPBN:00/input/input1
[    6.523155] ACPI: Sleep Button [SLPF]
[    6.525401] GHES: HEST is not enabled!
[    6.526063] ACPI: Battery Slot [BAT0] (battery present)
[    6.610067] Serial: 8250/16550 driver, 32 ports, IRQ sharing enabled
[    6.746574] 00:02: ttyS0 at I/O 0x3f8 (irq = 4, base_baud = 115200) is a 16550A
[    6.898610] tsc: Refined TSC clocksource calibration: 2194.635 MHz
[    6.951902] clocksource: tsc: mask: 0xffffffffffffffff max_cycles: 0x1fa266b007b, max_idle_ns: 440795260493 ns
[    6.967936] Linux agpgart interface v0.103
[    6.977053] brd: module loaded
[    6.985388] loop: module loaded
[    6.993161] scsi host0: ata_piix
[    6.995746] scsi host1: ata_piix
[    7.005473] ata1: PATA max UDMA/33 cmd 0x1f0 ctl 0x3f6 bmdma 0xd000 irq 14
[    7.028524] ata2: PATA max UDMA/33 cmd 0x170 ctl 0x376 bmdma 0xd008 irq 15
[    7.034155] libphy: Fixed MDIO Bus: probed
[    7.040434] tun: Universal TUN/TAP device driver, 1.6
[    7.055794] tun: (C) 1999-2004 Max Krasnyansky <maxk@qualcomm.com>
[    7.060513] PPP generic driver version 2.4.2
[    7.062681] ehci_hcd: USB 2.0 'Enhanced' Host Controller (EHCI) Driver
[    7.069068] ehci-pci: EHCI PCI platform driver
[    7.077564] ehci-platform: EHCI generic platform driver
[    7.084371] ohci_hcd: USB 1.1 'Open' Host Controller (OHCI) Driver
[    7.107732] ohci-pci: OHCI PCI platform driver
[    7.112319] ohci-platform: OHCI generic platform driver
[    7.143264] uhci_hcd: USB Universal Host Controller Interface driver
[    7.168124] i8042: PNP: PS/2 Controller [PNP0303:PS2K,PNP0f03:PS2M] at 0x60,0x64 irq 1,12
[    7.173653] serio: i8042 KBD port at 0x60,0x64 irq 1
[    7.175771] serio: i8042 AUX port at 0x60,0x64 irq 12
[    7.176998] mousedev: PS/2 mouse device common for all mice
[    7.179589] input: AT Translated Set 2 keyboard as /devices/platform/i8042/serio0/input/input2
[    7.189220] rtc_cmos rtc_cmos: rtc core: registered rtc_cmos as rtc0
[    7.198616] rtc_cmos rtc_cmos: alarms up to one day, 114 bytes nvram
[    7.214240] i2c /dev entries driver
[    7.352900] device-mapper: uevent: version 1.0.3
[    7.355742] device-mapper: ioctl: 4.34.0-ioctl (2015-10-28) initialised: dm-devel@redhat.com
[    7.364373] ledtrig-cpu: registered to indicate activity on CPUs
[    7.365940] NET: Registered protocol family 10
[    7.368391] NET: Registered protocol family 17
[    7.393237] Key type dns_resolver registered
[    7.396843] microcode: CPU0 sig=0x306d4, pf=0x40, revision=0x0
[    7.409588] microcode: CPU1 sig=0x306d4, pf=0x40, revision=0x0
[    7.413154] microcode: Microcode Update Driver: v2.01 <tigran@aivazian.fsnet.co.uk>, Peter Oruba
[    7.416516] registered taskstats version 1
[    7.420313] Loading compiled-in X.509 certificates
[    7.475040] Loaded X.509 cert 'Build time autogenerated kernel key: 32ca4feee90b5cde51f5f8c0e024b22f8c679982'
[    7.502435] zswap: loaded using pool lzo/zbud
[    7.505142] Key type trusted registered
[    7.538407] Key type encrypted registered
[    7.544658] AppArmor: AppArmor sha1 policy hashing enabled
[    7.554366] ima: No TPM chip found, activating TPM-bypass!
[    7.555567] evm: HMAC attrs: 0x1
[    7.567293]   Magic number: 9:642:268
[    7.573504] rtc_cmos rtc_cmos: setting system clock to 2017-03-16 07:15:44 UTC (1489648544)
[    7.575525] BIOS EDD facility v0.16 2004-Jun-25, 0 devices found
[    7.597505] EDD information not available.
[    7.612603] Freeing unused kernel memory: 1488K (ffffffff81f45000 - ffffffff820b9000)
[    7.634319] Write protecting the kernel read-only data: 14336k
[    7.641852] Freeing unused kernel memory: 1776K (ffff880001844000 - ffff880001a00000)
[    7.653363] Freeing unused kernel memory: 116K (ffff880001de3000 - ffff880001e00000)
Loading, please [    7.782546] random: systemd-udevd: uninitialized urandom read (16 bytes read, 3 bits of entropy available)
wait...
startin[    7.783304] random: udevadm: uninitialized urandom read (16 bytes read, 3 bits of entropy available)
g version 229
[    7.783342] random: udevadm: uninitialized urandom read (16 bytes read, 3 bits of entropy available)
[    7.783455] random: udevadm: uninitialized urandom read (16 bytes read, 3 bits of entropy available)
[    7.783495] random: udevadm: uninitialized urandom read (16 bytes read, 3 bits of entropy available)
[    7.783586] random: udevadm: uninitialized urandom read (16 bytes read, 3 bits of entropy available)
[    7.783628] random: udevadm: uninitialized urandom read (16 bytes read, 3 bits of entropy available)
[    7.783668] random: udevadm: uninitialized urandom read (16 bytes read, 3 bits of entropy available)
[    7.783704] random: udevadm: uninitialized urandom read (16 bytes read, 3 bits of entropy available)
[    7.783740] random: udevadm: uninitialized urandom read (16 bytes read, 3 bits of entropy available)
[    8.086991] e1000: Intel(R) PRO/1000 Network Driver - version 7.3.21-k8-NAPI
[    8.086998] Fusion MPT base driver 3.04.20
[    8.086999] Copyright (c) 1999-2008 LSI Corporation
[    8.508450] e1000: Copyright (c) 1999-2006 Intel Corporation.
[    8.649534] Fusion MPT SPI Host driver 3.04.20
[    8.696771] mptbase: ioc0: Initiating bringup
[    8.713821] AVX version of gcm_enc/dec engaged.
[    8.721377] AES CTR mode by8 optimization enabled
[    8.767827] ioc0: LSI53C1030 A0: Capabilities={Initiator}
[    8.927859] input: ImExPS/2 Generic Explorer Mouse as /devices/platform/i8042/serio1/input/input4
[    9.005387] scsi host2: ioc0: LSI53C1030 A0, FwRev=00000000h, Ports=1, MaxQ=256, IRQ=20
[    9.259976] scsi 2:0:0:0: Direct-Access     VBOX     HARDDISK         1.0  PQ: 0 ANSI: 5
[    9.546648] scsi target2:0:0: Beginning Domain Validation
[    9.717180] scsi target2:0:0: Domain Validation skipping write tests
[    9.749610] scsi target2:0:0: Ending Domain Validation
[    9.750589] scsi target2:0:0: asynchronous
[    9.755581] scsi 2:0:1:0: Direct-Access     VBOX     HARDDISK         1.0  PQ: 0 ANSI: 5
[    9.757580] scsi target2:0:1: Beginning Domain Validation
[    9.759794] scsi target2:0:1: Domain Validation skipping write tests
[    9.761198] scsi target2:0:1: Ending Domain Validation
[    9.762465] scsi target2:0:1: asynchronous
[    9.870139] sd 2:0:0:0: Attached scsi generic sg0 type 0
[    9.960342] sd 2:0:0:0: [sda] 20971520 512-byte logical blocks: (10.7 GB/10.0 GiB)
[   10.037590] sd 2:0:1:0: [sdb] 20480 512-byte logical blocks: (10.5 MB/10.0 MiB)
[   10.058369] sd 2:0:0:0: [sda] Write Protect is off
[   10.058456] sd 2:0:1:0: Attached scsi generic sg1 type 0
[   10.058647] sd 2:0:1:0: [sdb] Write Protect is off
[   10.058709] sd 2:0:1:0: [sdb] Incomplete mode parameter data
[   10.058710] sd 2:0:1:0: [sdb] Assuming drive cache: write through
[   10.080969] sd 2:0:1:0: [sdb] Attached SCSI disk
[   10.098337] sd 2:0:0:0: [sda] Incomplete mode parameter data
[   10.102223] e1000 0000:00:03.0 eth0: (PCI:33MHz:32-bit) 02:43:fc:58:af:9d
[   10.102229] e1000 0000:00:03.0 eth0: Intel(R) PRO/1000 Network Connection
[   10.138026] e1000 0000:00:03.0 enp0s3: renamed from eth0
[   10.139431] sd 2:0:0:0: [sda] Assuming drive cache: write through
[   10.153248]  sda: sda1
[   10.156127] sd 2:0:0:0: [sda] Attached SCSI disk
[   11.651602] floppy0: no floppy controllers found
Begin: Loading e[   13.026443] md: linear personality registered for level -1
ssential drivers ... [   13.291421] md: multipath personality registered for level -4
[   13.296239] md: raid0 personality registered for level 0
[   13.307949] md: raid1 personality registered for level 1
[   13.390526] raid6: sse2x1   gen()  7133 MB/s
[   13.614287] raid6: sse2x1   xor()  5619 MB/s
[   13.819481] raid6: sse2x2   gen()  9902 MB/s
[   13.927674] raid6: sse2x2   xor()  6708 MB/s
[   14.084819] raid6: sse2x4   gen() 12399 MB/s
[   14.300188] raid6: sse2x4   xor()  7466 MB/s
[   14.387444] raid6: using algorithm sse2x4 gen() 12399 MB/s
[   14.388550] raid6: .... xor() 7466 MB/s, rmw enabled
[   14.389552] raid6: using ssse3x2 recovery algorithm
[   14.392000] xor: automatically using best checksumming function:
[   14.451499]    avx       : 17081.000 MB/sec
[   14.508787] async_tx: api initialized (async)
[   14.613403] md: raid6 personality registered for level 6
[   14.827993] md: raid5 personality registered for level 5
[   14.945581] md: raid4 personality registered for level 4
[   14.952792] md: raid10 personality registered for level 10
done.
Begin: Running /scripts/init-premount ... done.
Begin: Mounting root file system ... Begin: Running /scripts/local-top ... done.
Begin: Running /[   15.016002] Btrfs loaded
scripts/local-premount ... Scanning for Btrfs filesystems
done.
Warning: fsck not present, so skipping root file system
[   15.149092] EXT4-fs (sda1): mounted filesystem with ordered data mode. Opts: (null)
done.
Begin: Running /scripts/local-bottom ... done.
Begin: Running /scripts/init-bottom ... done.
[   15.948966] systemd[1]: systemd 229 running in system mode. (+PAM +AUDIT +SELINUX +IMA +APPARMOR +SMACK +SYSVINIT +UTMP +LIBCRYPTSETUP +GCRYPT +GNUTLS +ACL +XZ -LZ4 +SECCOMP +BLKID +ELFUTILS +KMOD -IDN)
[   16.223465] systemd[1]: Detected virtualization oracle.
[   16.225834] systemd[1]: Detected architecture x86-64.
[   16.238336] random: nonblocking pool is initialized

Welcome to [1mUbuntu 16.04.2 LTS[0m!

[   16.405377] systemd[1]: Set hostname to <ubuntu>.
[   16.443744] systemd[1]: Initializing machine ID from random generator.
[   16.555766] systemd[1]: Installed transient /etc/machine-id file.
[   17.169431] systemd[1]: Started Forward Password Requests to Wall Directory Watch.
[[0;32m  OK  [0m] Started Forward Password Requests to Wall Directory Watch.
[   17.339667] systemd[1]: Listening on udev Kernel Socket.
[[0;32m  OK  [0m] Listening on udev Kernel Socket.
[   17.368272] systemd[1]: Listening on Device-mapper event daemon FIFOs.
[[0;32m  OK  [0m] Listening on Device-mapper event daemon FIFOs.
[   17.639121] systemd[1]: Listening on Syslog Socket.
[[0;32m  OK  [0m] Listening on Syslog Socket.
[   17.641269] systemd[1]: Set up automount Arbitrary Executable File Formats File System Automount Point.
[[0;32m  OK  [0m] Set up automount Arbitrary Executab...ats File System Automount Point.
[   17.714751] systemd[1]: Listening on /dev/initctl Compatibility Named Pipe.
[[0;32m  OK  [0m] Listening on /dev/initctl Compatibility Named Pipe.
[   17.717231] systemd[1]: Listening on Journal Socket (/dev/log).
[[0;32m  OK  [0m] Listening on Journal Socket (/dev/log).
[   17.727917] systemd[1]: Listening on LVM2 poll daemon socket.
[[0;32m  OK  [0m] Listening on LVM2 poll daemon socket.
[   17.731343] systemd[1]: Reached target Swap.
[[0;32m  OK  [0m] Reached target Swap.
[   17.755667] systemd[1]: Reached target Encrypted Volumes.
[[0;32m  OK  [0m] Reached target Encrypted Volumes.
[   17.876073] systemd[1]: Created slice User and Session Slice.
[[0;32m  OK  [0m] Created slice User and Session Slice.
[   17.946646] systemd[1]: Listening on Journal Socket.
[[0;32m  OK  [0m] Listening on Journal Socket.
[   17.948325] systemd[1]: Listening on LVM2 metadata daemon socket.
[[0;32m  OK  [0m] Listening on LVM2 metadata daemon socket.
[   17.950192] systemd[1]: Reached target User and Group Name Lookups.
[[0;32m  OK  [0m] Reached target User and Group Name Lookups.
[   17.961138] systemd[1]: Created slice System Slice.
[[0;32m  OK  [0m] Created slice System Slice.
[   18.043730] systemd[1]: Starting Create list of required static device nodes for the current kernel...
         Starting Create list of required st... nodes for the current kernel...
[   18.066921] systemd[1]: Mounting Debug File System...
         Mounting Debug File System...
[   18.074927] systemd[1]: Starting Remount Root and Kernel File Systems...
[   18.110663] EXT4-fs (sda1): re-mounted. Opts: (null)
         Starting Remount Root and Kernel File Systems...
[   18.117051] systemd[1]: Mounting POSIX Message Queue File System...
         Mounting POSIX Message Queue File System...
[   18.167235] systemd[1]: Created slice system-serial\x2dgetty.slice.
[[0;32m  OK  [0m] Created slice system-serial\x2dgetty.slice.
[   18.170135] systemd[1]: Starting Monitorin  of LVM2 mirrors, snapshots etc. using dmeventd or progress polling...
         Starting Monitoring of LVM2 mirrors... dmeventd or progress polling...
[   18.423748] systemd[1]: Starting Load Kernel Modules...
[   18.556922] Loading iSCSI transport class v2.0-870.
         Starting Load Kernel Modules...
[   18.608131] systemd[1]: Starting Nameserver information manager...
[   18.677409] iscsi: registered transport (tcp)
         Starting Nameserver information manager...
[   18.743189] systemd[1]: Starting Uncomplicated firewall...
         Starting Uncomplicated firewall...
[   18.792010] systemd[1]: Starting Set console keymap...
         Starting Set console keymap...
[   18.812617] systemd[1]: Mounting Huge Pages File System...
         Mounting Huge Pages File System...
[   18.874364] systemd[1]: Reached target Slices.
[[0;32m  OK  [0m] Reached target Slices.
[   18.944183] systemd[1]: Listening on udev Control Socket.
[[0;32m  OK  [0m] Listening on[   18.985814] iscsi: registered transport (iser)
 udev Control Socket.
[   19.040732] systemd[1]: Listening on Journal Audit Socket.
[[0;32m  OK  [0m] Listening on Journal Audit Socket.
[   19.143779] systemd[1]: Starting Journal Service...
         Starting Journal Service...
[   19.196497] systemd[1]: Mounted Debug File System.
[[0;32m  OK  [0m] Mounted Debug File System.
[   19.207019] systemd[1]: Mounted POSIX Message Queue File System.
[[0;32m  OK  [0m] Mounted POSIX Message Queue File System.
[   19.210551] systemd[1]: Mounted Huge Pages File System.
[[0;32m  OK  [0m] Mounted Huge Pages File System.
[   19.223227] systemd[1]: Started Create list of required static device nodes for the current kernel.
[[0;32m  OK  [0m] Started Create list of required sta...ce nodes for the current kernel.
[   19.328532] systemd[1]: Started Remount Root and Kernel File Systems.
[[0;32m  OK  [0m] Started Remount Root and Kernel File Systems.
[   19.388582] systemd[1]: Started Load Kernel Modules.
[[0;32m  OK  [0m] Started Load Kernel Modules.
[   19.444196] systemd[1]: Started Uncomplicated firewall.
[[0;32m  OK  [0m] Started Uncomplicated firewall.
[   19.452714] systemd[1]: Started Set console keymap.
[[0;32m  OK  [0m] Started Set console keymap.
[   19.464474] systemd[1]: Started Journal Service.
[[0;32m  OK  [0m] Started Journal Service.
[[0;32m  OK  [0m] Started Nameserver information manager.
[[0;32m  OK  [0m] Started LVM2 metadata daemon.
         Mounting FUSE Control File System...
         Starting Apply Kernel Variables...
         Starting Flush Journal to Persistent Storage...
         Starting udev Coldplug all Devices...
         Starting Load/Save Random Seed...
         Starting Initial cloud-init job (pre-networking)...
         Starting Create Static Device Nodes in /dev...
[[0;32m  OK  [0m] Mounted FUSE Control File System.
[[0;32m  OK  [0m] Started Apply Kernel Variables.
[[0;32m  OK  [0m] Started Load/Save Random Seed.
[[0;32m  OK  [0m] Started udev Coldplug all Devices.
[[0;32m  OK  [0m] Started Flush Journal to Persistent Storage.
[[0;32m  OK  [0m] Started Monitoring of LVM2 mirrors,...ng dmeventd or progress polling.
[[0;32m  OK  [0m] Started Create Static Device Nodes in /dev.
         Starting udev Kernel Device Manager...
[[0;32m  OK  [0m] Started udev Kernel Device Manager.
[[0;32m  OK  [0m] Reached target Local File Systems (Pre).
[[0;32m  OK  [0m] Reached target Local File Systems.
         Starting Create Volatile Files and Directories...
         Starting Tell Plymouth To Write Out Runtime Data...
         Starting Commit a transient machine-id on disk...
         Starting LSB: AppArmor initialization...
         Starting Set console font and keymap...
[[0;32m  OK  [0m] Started Dispatch Password Requests to Console Directory Watch.
[[0;32m  OK  [0m] Started Create Volatile Files and Directories.
[[0;32m  OK  [0m] Started Tell Plymouth To Write Out Runtime Data.
[[0;32m  OK  [0m] Started Commit a transient machine-id on disk.
[[0;32m  OK  [0m] Found device /dev/ttyS0.
[[0;32m  OK  [0m] Reached target System Time Synchronized.
         Starting Update UTMP about System Boot/Shutdown...
[[0;32m  OK  [0m] Started Update UTMP about System Boot/Shutdown.
[[0;32m  OK  [0m] Started LSB: AppArmor initialization.
[[0;32m  OK  [0m] Listening on Load/Save RF Kill Switch Status /dev/rfkill Watch.
[[0;32m  OK  [0m] Started Set console font and keymap.
[[0;32m  OK  [0m] Created slice system-getty.slice.
[   23.825239] cloud-init[476]: Cloud-init v. 0.7.9 running 'init-local' at Thu, 16 Mar 2017 07:16:02 +0000. Up 23.13 seconds.
[[0;32m  OK  [0m] Started Initial cloud-init job (pre-networking).
[[0;32m  OK  [0m] Reached target Network (Pre).
         Starting Raise network interfaces...
[[0;32m  OK  [0m] Started Raise network interfaces.
[[0;32m  OK  [0m] Reached target Network.
         Starting Initial cloud-init job (metadata service crawler)...
[   26.289477] cloud-init[1046]: Cloud-init v. 0.7.9 running 'init' at Thu, 16 Mar 2017 07:16:04 +0000. Up 24.64 seconds.
[   26.468457] cloud-init[1046]: ci-info: +++++++++++++++++++++++++++++++++++++Net device info++++++++++++++++++++++++++++++++++++++
[   26.468736] cloud-init[1046]: ci-info: +--------+------+----------------------------+---------------+-------+-------------------+
[[0;32m  OK  [0m] Started Initial cloud-init job (metadata service crawler).
[   26.468867] cloud-init[1046]: ci-info: | Device |  Up  |          Address           |      Mask     | Scope |     Hw-Address    |
[   26.684339] cloud-init[1046]: ci-info: +--------+------+----------------------------+---------------+-------+-------------------+
[   26.684682] cloud-init[1046]: ci-info: |   lo   | True |         127.0.0.1          |   255.0.0.0   |   .   |         .         |
[[0;32m  OK  [0m] Reached target Cloud-config availability.
[[   26.684854] cloud-init[1046]: ci-info: |   lo   | True |          ::1/128           |       .       |  host |         .         |
[   26.736980] cloud-init[1046]: ci-info: | enp0s3 | True |         10.0.2.15          | 255.255.255.0 |   .   | 02:43:fc:58:af:9d |
[0;32m  OK  [0m] Reached target System Initialization.
[   26.737052] cloud-init[1046]: ci-info: | enp0s3 | True | fe80::43:fcff:fe58:af9d/64 |       .       |  link | 02:43:fc:58:af:9d |
[   26.796371] cloud-init[1046]: ci-info: +--------+------+----------------------------+---------------+-------+-------------------+
         Starting LXD - unix socket.
[[   26.796778] cloud-init[1046]: ci-info: +++++++++++++++++++++++++++Route IPv4 info++++++++++++++++++++++++++++
[0;32m  OK  [0m] Listening on UUID daemon activation socket.
[   26.842519] cloud-init[1046]: ci-info: +-------+-------------+----------+---------------+-----------+-------+
[   26.929292] cloud-init[1046]: ci-info: | Route | Destination | Gateway  |    Genmask    | Interface | Flags |
[   26.929579] cloud-init[1046]: ci-info: +-------+-------------+----------+---------------+-----------+-------+
[   26.929724] cloud-init[1046]: ci-info: |   0   |   0.0.0.0   | 10.0.2.2 |    0.0.0.0    |   enp0s3  |   UG  |
[   26.929904] cloud-init[1046]: ci-info: |   1   |   10.0.2.0  | 0.0.0.0  | 255.255.255.0 |   enp0s3  |   U   |
[   26.930046] cloud-init[1046]: ci-info: +-------+-------------+----------+---------------+-----------+-------+
[   26.930196] cloud-init[1046]: Generating public/private rsa key pair.
[   26.930354] cloud-init[1046]: Your identification has been saved in /etc/ssh/ssh_host_rsa_key.
[   26.930509] cloud-init[1046]: Your public key has been saved in /etc/ssh/ssh_host_rsa_key.pub.
[   26.930658] cloud-init[1046]: The key fingerprint is:
[   26.930814] cloud-init[1046]: SHA256:NtqxCAuymBOIdZz3yqz7Ob5qmDsxjOCk5uldTOLBWpE root@ubuntu-xenial
[   26.930965] cloud-init[1046]: The key's randomart image is:
[   26.931120] cloud-init[1046]: +---[RSA 2048]----+
[   26.931271] cloud-init[1046]: |                 |
[   26.931424] cloud-init[1046]: |   ...           |
[   26.931579] cloud-init[1046]: |  .E+ .          |
[   26.931731] cloud-init[1046]: |+o.... .         |
[   26.931885] cloud-init[1046]: |Xo.=..  S        |
[   26.932106] cloud-init[1046]: |+BB.== * +       |
[[0;32m  OK  [0m] Started ACPI Events Check.
[   26.932342] cloud-init[1046]: |B..*.o* o        |
[[0;32m  OK  [0m] Started Timer to automatically refresh installed snaps.
[[   27.161436] cloud-init[1046]: | += o...         |
[   27.181660] cloud-init[1046]: |...=+==o         |
[0;32m  OK  [0m] Started Daily Cleanup of Temporary Directories.
[   27.181903] cloud-init[1046]: +----[SHA256]-----+
[   27.208694] cloud-init[1046]: Generating public/private dsa key pair.
[[0;32m  OK  [0m] Started Daily apt activities.
[[   27.208777] cloud-init[1046]: Your identification has been saved in /etc/ssh/ssh_host_dsa_key.
[   27.237912] cloud-init[1046]: Your public key has been saved in /etc/ssh/ssh_host_dsa_key.pub.
[0;32m  OK  [0m] Reached target Timers.
[[0;32m  OK  [0m] Started Trigger resolvconf update for networkd DNS.
[[0;32m  OK  [0m[   27.238001] cloud-init[1046]: The key fingerprint is:
[   27.338153] cloud-init[1046]: SHA256:xqToQXnAcjSEi5jaQHc4AGGIRmWwGEmzIqDEe2dwuvo root@ubuntu-xenial
[   27.338384] cloud-init[1046]: The key's randomart image is:
[   27.338673] cloud-init[1046]: +---[DSA 1024]----+
] Reached target Paths.
         Starting Socket activation for snappy daemon.
[   27.338787] cloud-init[1046]: |%@+B*            |
[   27.517692] cloud-init[1046]: |X=B=o*           |
[[0;32m  OK  [0m] Listening on D-Bus System Message Bus Socket.
[[   27.518063] cloud-init[1046]: |O=o+O . .        |
[   27.573160] cloud-init[1046]: |B..+ = +         |
[   27.573258] cloud-init[1046]: |.o. * . S        |
[   27.573408] cloud-init[1046]: |. .o . .         |
[   27.573562] cloud-init[1046]: |  . .            |
[   27.573724] cloud-init[1046]: | .               |
[   27.573936] cloud-init[1046]: |  .E             |
[0;32m  OK  [0m] Listening on ACPID Listen Socket.
[   27.574152] cloud-init[1046]: +----[SHA256]-----+
[   27.677546] cloud-init[1046]: Generating public/private ecdsa key pair.
[   27.677651] cloud-init[1046]: Your identification has been saved in /etc/ssh/ssh_host_ecdsa_key.
[   27.677800] cloud-init[1046]: Your public key has been saved in /etc/ssh/ssh_host_ecdsa_key.pub.
[   27.677984] cloud-init[1046]: The key fingerprint is:
[   27.678134] cloud-init[1046]: SHA256:1ToDWFR2nKj5lB3mboBrVxMfi457O+KA32KfTIwFDAA root@ubuntu-xenial
[   27.678286] cloud-init[1046]: The key's randomart image is:
[   27.678440] cloud-init[1046]: +---[ECDSA 256]---+
[   27.678593] cloud-init[1046]: |  E.....o.oo..   |
[   27.678746] cloud-init[1046]: |       = ..o* .  |
[   27.678907] cloud-init[1046]: |      . ++.=.= o |
[   27.679054] cloud-init[1046]: |        +++.* o  |
[   27.679207] cloud-init[1046]: |        S+=* .   |
[   27.679360] cloud-init[1046]: |       .o++o+    |
[   27.679514] cloud-init[1046]: |      ..o.oo     |
[   27.679667] cloud-init[1046]: |       .o=o.o    |
[   27.679821] cloud-init[1046]: |       ..+*o.o   |
[   27.679974] cloud-init[1046]: +----[SHA256]-----+
[   27.680297] cloud-init[1046]: Generating public/private ed25519 key pair.
[   27.680444] cloud-init[1046]: Your identification has been saved in /etc/ssh/ssh_host_ed25519_key.
[   27.680600] cloud-init[1046]: Your public key has been saved in /etc/ssh/ssh_host_ed25519_key.pub.
[   27.680756] cloud-init[1046]: The key fingerprint is:
[   27.680906] cloud-init[1046]: SHA256:72dv68rtuc6pkR47fyy+WJPTz29Rd76L82Hy3a7Q8l8 root@ubuntu-xenial
[   27.681062] cloud-init[1046]: The key's randomart image is:
[   27.681212] cloud-init[1046]: +--[ED25519 256]--+
[   27.681367] cloud-init[1046]: |                 |
[   27.681521] cloud-init[1046]: |                 |
[   27.681674] cloud-init[1046]: |                 |
[   27.681830] cloud-init[1046]: |                +|
[[0;32m  OK  [0m] Reached target Network is Online.
[   27.682430] cloud-init[1046]: |        S      .+|
[   27.937554] cloud-init[1046]: |         .   o +.|
[   27.937875] cloud-init[1046]: |          . *.*+E|
[   27.938004] cloud-init[1046]: |         . o+&BBX|
[   27.938150] cloud-init[1046]: |          .oB&^#@|
[   27.938312] cloud-init[1046]: +----[SHA256]-----+
         Starting iSCSI initiator daemon (iscsid)...
[[0;32m  OK  [0m] Listening on LXD - unix socket.
[[0;32m  OK  [0m] Listening on Socket activation for snappy daemon.
[[0;32m  OK  [0m] Reached target Sockets.
[[0;32m  OK  [0m] Reached target Basic System.
         Starting Apply the settings specified in cloud-config...
[[0;32m  OK  [0m] Started Snappy daemon.
         Starting Auto import assertions from block devices...
         Starting /etc/rc.local Compatibility...
         Starting Accounts Service...
[[0;32m  OK  [0m] Started ACPI event daemon.
         Starting Login Service...
         Starting Pollinate to seed the pseudo random number generator...
[[0;32m  OK  [0m] Started FUSE filesystem for LXC.
         Starting LSB: Record successful boot for GRUB...
[[0;32m  OK  [0m] Started Regular background program processing daemon.
[[0;32m  OK  [0m] Started D-Bus System Message Bus.
[   29.394937] cloud-init[1137]: Generating locales (this might take a while)...
         Starting LSB: MD monitoring daemon...
         Starting System Logging Service...
[[0;32m  OK  [0m] Started Deferred execution scheduler.
         Starting LXD - container startup/shutdown...
[[0;32m  OK  [0m] Started iSCSI initiator daemon (iscsid).
[[0;32m  OK  [0m] Started Auto import assertions from block devices.
[[0;32m  OK  [0m] Started /etc/rc.local Compatibility.
         Starting Login to default iSCSI targets...
[[0;32m  OK  [0m] Started Login Service.
         Starting Authenticate and Authorize Users to Run Privileged Tasks...
[[0;32m  OK  [0m] Started LSB: Record successful boot for GRUB.
[[0;32m  OK  [0m] Started Login to default iSCSI targets.
[[0;32m  OK  [0m] Reached target Remote File Systems (Pre).
[[0;32m  OK  [0m] Reached target Remote File Systems.
         Starting LSB: automatic crash report generation...
         Starting Permit User Sessions...
         Starting LSB: daemon to balance interrupts for SMP systems...
         Starting LSB: Set the CPU Frequency Scaling governor to "ondemand"...
         Starting LSB: VirtualBox Linux Additions...
[[0;32m  OK  [0m] Started System Logging Service.
[[0;32m  OK  [0m] Started LSB: MD monitoring daemon.
[[0;32m  OK  [0m] Started Permit User Sessions.
[[0;32m  OK  [0m] Started Authenticate and Authorize Users to Run Privileged Tasks.
[[0;32m  OK  [0m] Started Accounts Service.
[[0;32m  OK  [0m] Started LSB: Set the CPU Frequency Scaling governor to "ondemand".
         Starting Hold until boot process finishes up...
         Starting Terminate Plymouth Boot Screen...
[[0;32m  OK  [0m] Started LSB: automatic crash report generation.
[[0;32m  OK  [0m] Started LSB: daemon to balance interrupts for SMP systems.
[[0;32m  OK  [0m] Started Hold until boot process finishes up.
[[0;32m  OK  [0m] Started Terminate Plymouth Boot Screen.
[[0;32m  OK  [0m] Started Serial Getty on ttyS0.
[[0;32m  OK  [0m] Started Getty on tty1.
[[0;32m  OK  [0m] Reached target Login Prompts.
         Starting Set console scheme...
[[0;32m  OK  [0m] Started Set console scheme.
[   31.628703] cloud-init[1137]:   en_US.UTF-8... done
[[0;32m  OK  [0m] Started LSB: VirtualBox Linux Additions.
[   31.680698] cloud-init[1137]: Generation complete.
[[0;32m  OK  [0m] Stopped OpenBSD Secure Shell server.
         Starting OpenBSD Secure Shell server...
[[0;32m  OK  [0m] Started OpenBSD Secure Shell server.
[[0;32m  OK  [0m] Started LXD - container startup/shutdown.
[[0;32m  OK  [0m] Created slice User Slice of ubuntu.
[[0;32m  OK  [0m] Started Session 1 of user ubuntu.
         Starting User Manager for UID 1000...
[[0;32m  OK  [0m] Started Pollinate to seed the pseudo random number generator.
[[0;32m  OK  [0m] Reached target Multi-User System.
[[0;32m  OK  [0m] Reached target Graphical Interface.
         Starting Update UTMP about System Runlevel Changes...
[[0;32m  OK  [0m] Started User Manager for UID 1000.
[[0;32m  OK  [0m] Started Update UTMP about System Runlevel Changes.
[   33.851570] cloud-init[1137]: Cloud-init v. 0.7.9 running 'modules:config' at Thu, 16 Mar 2017 07:16:08 +0000. Up 28.50 seconds.
[[0;32m  OK  [0m] Started Apply the settings specified in cloud-config.
         Starting Execute cloud user/final scripts...
ci-info: no authorized ssh keys fingerprints found for user ubuntu.
<14>Mar 16 07:16:14 ec2: 
<14>Mar 16 07:16:14 ec2: #############################################################
<14>Mar 16 07:16:14 ec2: -----BEGIN SSH HOST KEY FINGERPRINTS-----
<14>Mar 16 07:16:14 ec2: 1024 SHA256:xqToQXnAcjSEi5jaQHc4AGGIRmWwGEmzIqDEe2dwuvo root@ubuntu-xenial (DSA)
<14>Mar 16 07:16:14 ec2: 256 SHA256:1ToDWFR2nKj5lB3mboBrVxMfi457O+KA32KfTIwFDAA root@ubuntu-xenial (ECDSA)
<14>Mar 16 07:16:14 ec2: 256 SHA256:72dv68rtuc6pkR47fyy+WJPTz29Rd76L82Hy3a7Q8l8 root@ubuntu-xenial (ED25519)
<14>Mar 16 07:16:14 ec2: 2048 SHA256:NtqxCAuymBOIdZz3yqz7Ob5qmDsxjOCk5uldTOLBWpE root@ubuntu-xenial (RSA)
<14>Mar 16 07:16:14 ec2: -----END SSH HOST KEY FINGERPRINTS-----
<14>Mar 16 07:16:14 ec2: #############################################################
-----BEGIN SSH HOST KEY KEYS-----
ecdsa-sha2-nistp256 AAAAE2VjZHNhLXNoYTItbmlzdHAyNTYAAAAIbmlzdHAyNTYAAABBBIE2UidK8W9gBnXj9oMXWCxJH+Cy5SUWs1qx3JYIbdC3+15imEr72YitLKFyhM0c75nsU7xBhIN+qGpzBw+l90w= root@ubuntu-xenial
ssh-ed25519 AAAAC3NzaC1lZDI1NTE5AAAAIPANnJ2rvRe5JY7C4bGRLZWpkuj9pJWcqFuyOKxQcBLm root@ubuntu-xenial
ssh-rsa AAAAB3NzaC1yc2EAAAADAQABAAABAQDE+zCXUtUw5B+iCLRuoRiU3k7V5SbojA8KgchyVDgBUZBk/iW4ntoimxc5YXR3quB1g8HNspDySGlQSA2oF6/6/G0N6kdX+bMWApUel2Sindbj4pAug2iNQsX/hRFXYaF+LbM3Gtf1BjEKT+vYqTQv3x03fYnVHlBCiUGdLB4hTzC6OI2LPtdVHXZB/V8newGDPnbjPPPlqMv93ZZupnXvk9qVPwb0kqX2VoyA92yoUxq5UZoEgI8eSouvP+xgxPrHa/D2Qpl8BwsIgfbk135XhovkdOR65s7hg1xI3BCD0Sjj4956le0490zDm9waIqCPiy9Uq951vKkAEWKkK9xv root@ubuntu-xenial
-----END SSH HOST KEY KEYS-----
[   34.886213] cloud-init[1437]: Cloud-init v. 0.7.9 running 'modules:final' at Thu, 16 Mar 2017 07:16:13 +0000. Up 34.31 seconds.
[   34.962804] cloud-init[1437]: ci-info: no authorized ssh keys fingerprints found for user ubuntu.
[   34.963037] cloud-init[1437]: Cloud-init v. 0.7.9 finished at Thu, 16 Mar 2017 07:16:14 +0000. Datasource DataSourceNoCloud [seed=/dev/sdb][dsmode=net].  Up 34.87 seconds
[[0;32m  OK  [0m] Started Execute cloud user/final scripts.
[[0;32m  OK  [0m] Reached target Cloud-init target.

Ubuntu 16.04.2 LTS ubuntu-xenial ttyS0

ubuntu-xenial login: 