[    0.000000] Initializing cgroup subsys cpuset
[    0.000000] Initializing cgroup subsys cpu
[    0.000000] Initializing cgroup subsys cpuacct
[    0.000000] Linux version 4.4.0-66-generic (buildd@lgw01-28) (gcc version 5.4.0 20160609 (Ubuntu 5.4.0-6ubuntu1~16.04.4) ) #87-Ubuntu SMP Fri Mar 3 15:29:05 UTC 2017 (Ubuntu 4.4.0-66.87-generic 4.4.44)
[    0.000000] Command line: BOOT_IMAGE=/boot/vmlinuz-4.4.0-66-generic root=LABEL=cloudimg-rootfs ro console=tty1 console=ttyS0
[    0.000000] KERNEL supported cpus:
[    0.000000]   Intel GenuineIntel
[    0.000000]   AMD AuthenticAMD
[    0.000000]   Centaur CentaurHauls
[    0.000000] x86/fpu: xstate_offset[2]:  576, xstate_sizes[2]:  256
[    0.000000] x86/fpu: Supporting XSAVE feature 0x01: 'x87 floating point registers'
[    0.000000] x86/fpu: Supporting XSAVE feature 0x02: 'SSE registers'
[    0.000000] x86/fpu: Supporting XSAVE feature 0x04: 'AVX registers'
[    0.000000] x86/fpu: Enabled xstate features 0x7, context size is 832 bytes, using 'standard' format.
[    0.000000] x86/fpu: Using 'lazy' FPU context switches.
[    0.000000] e820: BIOS-provided physical RAM map:
[    0.000000] BIOS-e820: [mem 0x0000000000000000-0x000000000009fbff] usable
[    0.000000] BIOS-e820: [mem 0x000000000009fc00-0x000000000009ffff] reserved
[    0.000000] BIOS-e820: [mem 0x00000000000f0000-0x00000000000fffff] reserved
[    0.000000] BIOS-e820: [mem 0x0000000000100000-0x000000003ffeffff] usable
[    0.000000] BIOS-e820: [mem 0x000000003fff0000-0x000000003fffffff] ACPI data
[    0.000000] BIOS-e820: [mem 0x00000000fec00000-0x00000000fec00fff] reserved
[    0.000000] BIOS-e820: [mem 0x00000000fee00000-0x00000000fee00fff] reserved
[    0.000000] BIOS-e820: [mem 0x00000000fffc0000-0x00000000ffffffff] reserved
[    0.000000] NX (Execute Disable) protection: active
[    0.000000] SMBIOS 2.5 present.
[    0.000000] Hypervisor detected: KVM
[    0.000000] e820: last_pfn = 0x3fff0 max_arch_pfn = 0x400000000
[    0.000000] MTRR: Disabled
[    0.000000] x86/PAT: MTRRs disabled, skipping PAT initialization too.
[    0.000000] x86/PAT: Configuration [0-7]: WB  WT  UC- UC  WB  WT  UC- UC  
[    0.000000] CPU MTRRs all blank - virtualized system.
[    0.000000] found SMP MP-table at [mem 0x0009fff0-0x0009ffff] mapped at [ffff88000009fff0]
[    0.000000] Scanning 1 areas for low memory corruption
[    0.000000] RAMDISK: [mem 0x36ac8000-0x3755bfff]
[    0.000000] ACPI: Early table checksum verification disabled
[    0.000000] ACPI: RSDP 0x00000000000E0000 000024 (v02 VBOX  )
[    0.000000] ACPI: XSDT 0x000000003FFF0030 00003C (v01 VBOX   VBOXXSDT 00000001 ASL  00000061)
[    0.000000] ACPI: FACP 0x000000003FFF00F0 0000F4 (v04 VBOX   VBOXFACP 00000001 ASL  00000061)
[    0.000000] ACPI: DSDT 0x000000003FFF0470 00210F (v01 VBOX   VBOXBIOS 00000002 INTL 20160108)
[    0.000000] ACPI: FACS 0x000000003FFF0200 000040
[    0.000000] ACPI: FACS 0x000000003FFF0200 000040
[    0.000000] ACPI: APIC 0x000000003FFF0240 00005C (v02 VBOX   VBOXAPIC 00000001 ASL  00000061)
[    0.000000] ACPI: SSDT 0x000000003FFF02A0 0001CC (v01 VBOX   VBOXCPUT 00000002 INTL 20160108)
[    0.000000] No NUMA configuration found
[    0.000000] Faking a node at [mem 0x0000000000000000-0x000000003ffeffff]
[    0.000000] NODE_DATA(0) allocated [mem 0x3ffeb000-0x3ffeffff]
[    0.000000] kvm-clock: Using msrs 4b564d01 and 4b564d00
[    0.000000] kvm-clock: cpu 0, msr 0:3ffe3001, primary cpu clock
[    0.000000] kvm-clock: using sched offset of 3347108996 cycles
[    0.000000] clocksource: kvm-clock: mask: 0xffffffffffffffff max_cycles: 0x1cd42e4dffb, max_idle_ns: 881590591483 ns
[    0.000000] Zone ranges:
[    0.000000]   DMA      [mem 0x0000000000001000-0x0000000000ffffff]
[    0.000000]   DMA32    [mem 0x0000000001000000-0x000000003ffeffff]
[    0.000000]   Normal   empty
[    0.000000]   Device   empty
[    0.000000] Movable zone start for each node
[    0.000000] Early memory node ranges
[    0.000000]   node   0: [mem 0x0000000000001000-0x000000000009efff]
[    0.000000]   node   0: [mem 0x0000000000100000-0x000000003ffeffff]
[    0.000000] Initmem setup node 0 [mem 0x0000000000001000-0x000000003ffeffff]
[    0.000000] ACPI: PM-Timer IO Port: 0x4008
[    0.000000] IOAPIC[0]: apic_id 2, version 32, address 0xfec00000, GSI 0-23
[    0.000000] ACPI: INT_SRC_OVR (bus 0 bus_irq 0 global_irq 2 dfl dfl)
[    0.000000] ACPI: INT_SRC_OVR (bus 0 bus_irq 9 global_irq 9 high level)
[    0.000000] Using ACPI (MADT) for SMP configuration information
[    0.000000] smpboot: Allowing 2 CPUs, 0 hotplug CPUs
[    0.000000] PM: Registered nosave memory: [mem 0x00000000-0x00000fff]
[    0.000000] PM: Registered nosave memory: [mem 0x0009f000-0x0009ffff]
[    0.000000] PM: Registered nosave memory: [mem 0x000a0000-0x000effff]
[    0.000000] PM: Registered nosave memory: [mem 0x000f0000-0x000fffff]
[    0.000000] e820: [mem 0x40000000-0xfebfffff] available for PCI devices
[    0.000000] Booting paravirtualized kernel on KVM
[    0.000000] clocksource: refined-jiffies: mask: 0xffffffff max_cycles: 0xffffffff, max_idle_ns: 7645519600211568 ns
[    0.000000] setup_percpu: NR_CPUS:512 nr_cpumask_bits:512 nr_cpu_ids:2 nr_node_ids:1
[    0.000000] PERCPU: Embedded 33 pages/cpu @ffff88003fc00000 s98264 r8192 d28712 u1048576
[    0.000000] PV qspinlock hash table entries: 256 (order: 0, 4096 bytes)
[    0.000000] Built 1 zonelists in Node order, mobility grouping on.  Total pages: 257913
[    0.000000] Policy zone: DMA32
[    0.000000] Kernel command line: BOOT_IMAGE=/boot/vmlinuz-4.4.0-66-generic root=LABEL=cloudimg-rootfs ro console=tty1 console=ttyS0
[    0.000000] PID hash table entries: 4096 (order: 3, 32768 bytes)
[    0.000000] Memory: 1001744K/1048120K available (8452K kernel code, 1293K rwdata, 3980K rodata, 1488K init, 1316K bss, 46376K reserved, 0K cma-reserved)
[    0.000000] SLUB: HWalign=64, Order=0-3, MinObjects=0, CPUs=2, Nodes=1
[    0.000000] Hierarchical RCU implementation.
[    0.000000] 	Build-time adjustment of leaf fanout to 64.
[    0.000000] 	RCU restricting CPUs from NR_CPUS=512 to nr_cpu_ids=2.
[    0.000000] RCU: Adjusting geometry for rcu_fanout_leaf=64, nr_cpu_ids=2
[    0.000000] NR_IRQS:33024 nr_irqs:440 16
[    0.000000] Console: colour VGA+ 80x25
[    0.000000] console [tty1] enabled
[    0.000000] console [ttyS0] enabled
[    0.000000] tsc: Detected 2494.224 MHz processor
[    1.637776] Calibrating delay loop (skipped) preset value.. 4988.44 BogoMIPS (lpj=9976896)
[    1.638930] pid_max: default: 32768 minimum: 301
[    1.639569] ACPI: Core revision 20150930
[    1.640900] ACPI: 2 ACPI AML tables successfully acquired and loaded
[    1.641796] Security Framework initialized
[    1.642360] Yama: becoming mindful.
[    1.642877] AppArmor: AppArmor initialized
[    1.643498] Dentry cache hash table entries: 131072 (order: 8, 1048576 bytes)
[    1.644498] Inode-cache hash table entries: 65536 (order: 7, 524288 bytes)
[    1.645755] Mount-cache hash table entries: 2048 (order: 2, 16384 bytes)
[    1.646596] Mountpoint-cache hash table entries: 2048 (order: 2, 16384 bytes)
[    1.647597] Initializing cgroup subsys io
[    1.659825] Initializing cgroup subsys memory
[    1.662434] Initializing cgroup subsys devices
[    1.664969] Initializing cgroup subsys freezer
[    1.667639] Initializing cgroup subsys net_cls
[    1.670187] Initializing cgroup subsys perf_event
[    1.672043] Initializing cgroup subsys net_prio
[    1.672859] Initializing cgroup subsys hugetlb
[    1.673604] Initializing cgroup subsys pids
[    1.674235] CPU: Physical Processor ID: 0
[    1.674828] CPU: Processor Core ID: 0
[    1.676120] mce: CPU supports 0 MCE banks
[    1.676731] Last level iTLB entries: 4KB 1024, 2MB 1024, 4MB 1024
[    1.677486] Last level dTLB entries: 4KB 1024, 2MB 1024, 4MB 1024, 1GB 4
[    1.679759] Freeing SMP alternatives memory: 32K (ffffffff820b9000 - ffffffff820c1000)
[    1.691567] ftrace: allocating 32123 entries in 126 pages
[    1.742621] smpboot: APIC(0) Converting physical 0 to logical package 0
[    1.914739] smpboot: Max logical packages: 1
[    2.009490] x2apic enabled
[    2.081873] Switched APIC routing to physical x2apic.
[    2.188440] ..TIMER: vector=0x30 apic1=0 pin1=2 apic2=-1 pin2=-1
[    2.312821] smpboot: CPU0: Intel(R) Core(TM) i7-4710HQ CPU @ 2.50GHz (family: 0x6, model: 0x3c, stepping: 0x3)
[    2.422701] Performance Events: unsupported p6 CPU model 60 no PMU driver, software events only.
[    2.423998] KVM setup paravirtual spinlock
[    2.425201] x86: Booting SMP configuration:
[    2.425797] .... node  #0, CPUs:      #1
[    2.426466] kvm-clock: cpu 1, msr 0:3ffe3041, secondary cpu clock
[    2.427758] mce: CPU supports 0 MCE banks
[    2.430079] x86: Booted up 1 node, 2 CPUs
[    2.430856] smpboot: Total of 2 processors activated (9976.89 BogoMIPS)
[    2.431966] devtmpfs: initialized
[    2.434418] evm: security.selinux
[    2.434954] evm: security.SMACK64
[    2.435483] evm: security.SMACK64EXEC
[    2.436026] evm: security.SMACK64TRANSMUTE
[    2.436628] evm: security.SMACK64MMAP
[    2.437216] evm: security.ima
[    2.437678] evm: security.capability
[    2.438401] clocksource: jiffies: mask: 0xffffffff max_cycles: 0xffffffff, max_idle_ns: 7645041785100000 ns
[    2.439736] pinctrl core: initialized pinctrl subsystem
[    2.440502] RTC time: 11:01:55, date: 03/12/17
[    2.441644] NET: Registered protocol family 16
[    2.453293] cpuidle: using governor ladder
[    2.465442] cpuidle: using governor menu
[    2.466197] PCCT header not found.
[    2.466949] ACPI: bus type PCI registered
[    2.467532] acpiphp: ACPI Hot Plug PCI Controller Driver version: 0.5
[    2.468377] PCI: Using configuration type 1 for base access
[    2.481380] ACPI: Added _OSI(Module Device)
[    2.482165] ACPI: Added _OSI(Processor Device)
[    2.482789] ACPI: Added _OSI(3.0 _SCP Extensions)
[    2.483428] ACPI: Added _OSI(Processor Aggregator Device)
[    2.484663] ACPI: Executed 1 blocks of module-level executable AML code
[    2.487119] ACPI: Interpreter enabled
[    2.581835] ACPI: (supports S0 S5)
[    2.670510] ACPI: Using IOAPIC for interrupt routing
[    2.717277] PCI: Using host bridge windows from ACPI; if necessary, use "pci=nocrs" and report a bug
[    2.725340] ACPI: PCI Root Bridge [PCI0] (domain 0000 [bus 00-ff])
[    2.880707] acpi PNP0A03:00: _OSC: OS supports [ASPM ClockPM Segments MSI]
[    3.080019] acpi PNP0A03:00: _OSC failed (AE_NOT_FOUND); disabling ASPM
[    3.264575] acpi PNP0A03:00: fail to add MMCONFIG information, can't access extended PCI configuration space under this bridge.
[    3.366169] PCI host bridge to bus 0000:00
[    3.366806] pci_bus 0000:00: root bus resource [io  0x0000-0x0cf7 window]
[    3.367605] pci_bus 0000:00: root bus resource [io  0x0d00-0xffff window]
[    3.368404] pci_bus 0000:00: root bus resource [mem 0x000a0000-0x000bffff window]
[    3.369427] pci_bus 0000:00: root bus resource [mem 0x40000000-0xffdfffff window]
[    3.370478] pci_bus 0000:00: root bus resource [bus 00-ff]
[    3.403422] pci 0000:00:01.1: legacy IDE quirk: reg 0x10: [io  0x01f0-0x01f7]
[    3.404256] pci 0000:00:01.1: legacy IDE quirk: reg 0x14: [io  0x03f6]
[    3.405031] pci 0000:00:01.1: legacy IDE quirk: reg 0x18: [io  0x0170-0x0177]
[    3.405896] pci 0000:00:01.1: legacy IDE quirk: reg 0x1c: [io  0x0376]
[    3.421987] pci 0000:00:07.0: quirk: [io  0x4000-0x403f] claimed by PIIX4 ACPI
[    3.443542] pci 0000:00:07.0: quirk: [io  0x4100-0x410f] claimed by PIIX4 SMB
[    3.448921] ACPI: PCI Interrupt Link [LNKA] (IRQs 5 9 10 *11)
[    3.498883] ACPI: PCI Interrupt Link [LNKB] (IRQs 5 9 10 *11)
[    3.509738] ACPI: PCI Interrupt Link [LNKC] (IRQs 5 9 *10 11)
[    3.532037] ACPI: PCI Interrupt Link [LNKD] (IRQs 5 *9 10 11)
[    3.533138] ACPI: Enabled 2 GPEs in block 00 to 07
[    3.534104] vgaarb: setting as boot device: PCI:0000:00:02.0
[    3.534818] vgaarb: device added: PCI:0000:00:02.0,decodes=io+mem,owns=io+mem,locks=none
[    3.535899] vgaarb: loaded
[    3.536383] vgaarb: bridge control possible 0000:00:02.0
[    3.537301] SCSI subsystem initialized
[    3.537969] ACPI: bus type USB registered
[    3.574900] usbcore: registered new interface driver usbfs
[    3.599115] usbcore: registered new interface driver hub
[    3.599797] usbcore: registered new device driver usb
[    3.600594] PCI: Using ACPI for IRQ routing
[    3.676117] NetLabel: Initializing
[    3.755765] NetLabel:  domain hash size = 128
[    3.867799] NetLabel:  protocols = UNLABELED CIPSOv4
[    4.006328] NetLabel:  unlabeled traffic allowed by default
[    4.153922] amd_nb: Cannot enumerate AMD northbridges
[    4.298942] clocksource: Switched to clocksource kvm-clock
[    4.394385] AppArmor: AppArmor Filesystem Enabled
[    4.398842] pnp: PnP ACPI init
[    4.402051] pnp: PnP ACPI: found 3 devices
[    4.415430] clocksource: acpi_pm: mask: 0xffffff max_cycles: 0xffffff, max_idle_ns: 2085701024 ns
[    4.418028] NET: Registered protocol family 2
[    4.418844] TCP established hash table entries: 8192 (order: 4, 65536 bytes)
[    4.419873] TCP bind hash table entries: 8192 (order: 5, 131072 bytes)
[    4.427483] TCP: Hash tables configured (established 8192 bind 8192)
[    4.436719] UDP hash table entries: 512 (order: 2, 16384 bytes)
[    4.440314] UDP-Lite hash table entries: 512 (order: 2, 16384 bytes)
[    4.444306] NET: Registered protocol family 1
[    4.447467] pci 0000:00:00.0: Limiting direct PCI/PCI transfers
[    4.451882] pci 0000:00:01.0: Activating ISA DMA hang workarounds
[    4.454043] Trying to unpack rootfs image as initramfs...
[    6.048218] Freeing initr  eeooyy  00332K (ffff880036ac8000 - ffff88003755c000)
[    6.670010] RAPL PMU detected, API unit is 2^-32 Joules, 4 fixed counters 10737418240 ms ovfl timer
[    6.681428] hw unit of domain pp0-core 2^-0 Joules
[    6.682688] hw unit of domain package 2^-0 Joules
[    6.683624] hw unit of domain dram 2^-0 Joules
[    6.684496] hw unit of domain pp1-gpu 2^-0 Joules
[    6.685470] platform rtc_cmos: registered platform RTC device (no PNP device found)
[    6.687104] Scanning for low memory corruption every 60 seconds
[    6.693796] futex hash table entries: 512 (order: 3, 32768 bytes)
[    6.694798] audit: initializing netlink subsys (disabled)
[    6.695688] audit: type=2000 audit(1489316521.336:1): initialized
[    6.696885] Initialise system trusted keyring
[    6.806530] HugeTLB registered 2 MB page size, pre-allocated 0 pages
[    6.852851] zbud: loaded
[    6.853586] VFS: Disk quotas dquot_6.6.0
[    6.854212] VFS: Dquot-cache hash table entries: 512 (order 0, 4096 bytes)
[    6.855376] squashfs: version 4.0 (2009/01/31) Phillip Lougher
[    6.856689] fuse init (API version 7.23)
[    6.857460] Key type big_key registered
[    6.858114] Allocating IMA MOK and blacklist keyrings.
[    6.859878] Key type asymmetric registered
[    6.860568] Asymmetric key parser 'x509' registered
[    6.861371] Block layer SCSI generic (bsg) driver version 0.4 loaded (major 249)
[    6.862602] io scheduler noop registered
[    6.867322] io scheduler deadline registered (default)
[    6.868097] io scheduler cfq registered
[    6.868794] pci_hotplug: PCI Hot Plug PCI Core version: 0.5
[    6.869600] pciehp: PCI Express Hot Plug Controller Driver version: 0.4
[    6.870628] ACPI: AC Adapter [AC] (off-line)
[    6.877411] input: Power Button as /devices/LNXSYSTM:00/LNXPWRBN:00/input/input0
[    6.878579] ACPI: Power Button [PWRF]
[    6.879237] input: Sleep Button as /devices/LNXSYSTM:00/LNXSLPBN:00/input/input1
[    6.880365] ACPI: Sleep Button [SLPF]
[    6.881127] GHES: HEST is not enabled!
[    6.881583] ACPI: Battery Slot [BAT0] (battery present)
[    6.882579] Serial: 8250/16550 driver, 32 ports, IRQ sharing enabled
[    6.908783] 00:02: ttyS0 at I/O 0x3f8 (irq = 4, base_baud = 115200) is a 16550A
[    6.914480] Linux agpgart interface v0.103
[    6.918946] brd: module loaded
[    6.928277] loop: module loaded
[    6.934153] scsi host0: ata_piix
[    6.934900] scsi host1: ata_piix
[    6.935521] ata1: PATA max UDMA/33 cmd 0x1f0 ctl 0x3f6 bmdma 0xd000 irq 14
[    6.947483] ata2: PATA max UDMA/33 cmd 0x170 ctl 0x376 bmdma 0xd008 irq 15
[    6.954495] libphy: Fixed MDIO Bus: probed
[    6.957248] tun: Universal TUN/TAP device driver, 1.6
[    6.957934] tun: (C) 1999-2004 Max Krasnyansky <maxk@qualcomm.com>
[    6.958708] PPP generic driver version 2.4.2
[    6.959363] ehci_hcd: USB 2.0 'Enhanced' Host Controller (EHCI) Driver
[    6.960141] ehci-pci: EHCI PCI platform driver
[    6.960738] ehci-platform: EHCI generic platform driver
[    6.961421] ohci_hcd: USB 1.1 'Open' Host Controller (OHCI) Driver
[    6.962161] ohci-pci: OHCI PCI platform driver
[    6.963848] ohci-platform: OHCI generic platform driver
[    6.964521] uhci_hcd: USB Universal Host Controller Interface driver
[    6.965321] i8042: PNP: PS/2 Controller [PNP0303:PS2K,PNP0f03:PS2M] at 0x60,0x64 irq 1,12
[    6.966860] serio: i8042 KBD port at 0x60,0x64 irq 1
[    6.967554] serio: i8042 AUX port at 0x60,0x64 irq 12
[    6.968358] mousedev: PS/2 mouse device common for all mice
[    6.969534] input: AT Translated Set 2 keyboard as /devices/platform/i8042/serio0/input/input2
[    6.970798] rtc_cmos rtc_cmos: rtc core: registered rtc_cmos as rtc0
[    6.971633] rtc_cmos rtc_cmos: alarms up to one day, 114 bytes nvram
[    6.972392] i2c /dev entries driver
[    6.972958] device-mapper: uevent: version 1.0.3
[    6.973606] device-mapper: ioctl: 4.34.0-ioctl (2015-10-28) initialised: dm-devel@redhat.com
[    6.974753] ledtrig-cpu: registered to indicate activity on CPUs
[    6.975887] NET: Registered protocol family 10
[    6.976703] NET: Registered protocol family 17
[    6.977304] Key type dns_resolver registered
[    6.978026] microcode: CPU0 sig=0x306c3, pf=0x40, revision=0x0
[    6.978883] microcode: CPU1 sig=0x306c3, pf=0x40, revision=0x0
[    6.979642] microcode: Microcode Update Driver: v2.01 <tigran@aivazian.fsnet.co.uk>, Peter Oruba
[    6.980861] registered taskstats version 1
[    6.981453] Loading compiled-in X.509 certificates
[    6.982633] Loaded X.509 cert 'Build time autogenerated kernel key: 32ca4feee90b5cde51f5f8c0e024b22f8c679982'
[    6.983892] zswap: loaded using pool lzo/zbud
[    6.985852] Key type trusted registered
[    7.239760] Key tpp  encrppted registered
[   776627116] AppArmor: AppArmor sha1 policy hashing enabled
[    7.720329] ima: No TPM chip found, activating TPM-bypass!
[    7.720452] tsc: Refined TSC clocksource calibration: 2495.611 MHz
[    7.720459] clocksource: tsc: mask: 0xffffffffffffffff max_cycles: 0x23f907b1b85, max_idle_ns: 440795306993 ns
[    7.778632] evm: HMAC attrs: 0x1
[    7.789708]   Magic number: 9:10:24
[    7.793801] misc cpu_dma_latency: hash matches
[    7.766760] rtc_cmos rtc_cmos: settin  yyttmmccoock to 2017-03-12 11:02:01 UTC (1489316521)
[    8.219217] BIOS EDD facility v0.16 2004-Jun-25, 0 devices found
[    8.527092  DDD infrrmation not available.
[    8.758234] Freeing unused kernel memory: 1488K (ffffffff81f45000 - ffffffff820b9000)
[    9.197320] Write protecting the kernel read-only data: 14336k
[    9.775303] Freeing unused kernel memory: 1776K (ffff880001844000 - ffff880001a00000)
[    9.991141] Freeing unused kernel memory: 116K (ffff880001de3000 - ffff880001e00000)
Loading, please [   10.738528] random: systemd-udevd: uninitialized urandom read (16 bytes read, 4 bits of entropy available)
wait...
starting version 229
[   10.739090] random: udevadm: uninitialized urandom read (16 bytes read, 4 bits of entropy available)
[   10.739141] random: udevadm: uninitialized urandom read (16 bytes read, 4 bits of entropy available)
[   10.739229] random: udevadm: uninitialized urandom read (16 bytes read, 4 bits of entropy available)
[   10.739259] random: udevadm: uninitialized urandom read (16 bytes read, 4 bits of entropy available)
[   10.739290] random: udevadm: uninitialized urandom read (16 bytes read, 4 bits of entropy available)
[   10.739329] random: udevadm: uninitialized urandom read (16 bytes read, 4 bits of entropy available)
[   10.739368] random: udevadm: uninitialized urandom read (16 bytes read, 4 bits of entropy available)
[   10.739398] random: udevadm: uninitialized urandom read (16 bytes read, 4 bits of entropy available)
[   10.739425] random: udevadm: uninitialized urandom read (16 bytes read, 4 bits of entropy available)
[   10.840896] Fusion MPT base driver 3.04.20
[   11.107659] Copyright (c) 1999-2008 LSI Corporation
[   11.459179] Fusion MPT SPI Host driver 3.04.20
[   11.470941] e1000: Intel(R) PRO/1000 Network Driver - version 7.3.21-k8-NAPI
[   11.470941] e1000: Copyright (c) 1999-2006 Intel Corporation.
[   11.738530] input: ImExPS/2 Generic Explorer Mouse as /devices/platform/i8042/serio1/input/input4
[   11.751979] AVX version of gcm_enc/dec engaged.
[   11.817168] AES CTR mode by8 optimization enabled
[   11.842346] e1000 0000:00:03.0 eth0: (PCI:33MHz:32-bit) 02:43:fc:58:af:9d
[   11.848489] e1000 0000:00:03.0 eth0: Intel(R) PRO/1000 Network Connection
[   11.850207] e1000 0000:00:03.0 enp0s3: renamed from eth0
[   11.850309] mptbase: ioc0: Initiating bringup
[   11.911279] ioc0: LSI53C1030 A0: Capabilities={Initiator}
[   12.222831] scsi host2: ioc0: LSI53C1030 A0, FwRev=00000000h, Ports=1, MaxQ=256, IRQ=20
[   12.387408] scsi 2:0:0:0: Direct-Access     VBOX     HARDDISK         1.0  PQ: 0 ANSI: 5
[   12.614820] scsi target2:0:0: Beginning Domain Validation
[   12.705973] scsi target2:0:0: Domain Validation skipping write tests
[   12.706785] scsi target2:0:0: Ending Domain Validation
[   12.707509] scsi target2:0:0: asynchronous
[   12.708375] scsi 2:0:1:0: Direct-Access     VBOX     HARDDISK         1.0  PQ: 0 ANSI: 5
[   12.709497] scsi target2:0:1: Beginning Domain Validation
[   12.710758] scsi target2:0:1: Domain Validation skipping write tests
[   12.711558] scsi target2:0:1: Ending Domain Validation
[   12.712259] scsi target2:0:1: asynchronous
[   12.717028] sd 2:0:0:0: Attached scsi generic sg0 type 0
[   12.717757] sd 2:0:0:0: [sda] 20971520 512-byte logical blocks: (10.7 GB/10.0 GiB)
[   12.719090] sd 2:0:1:0: [sdb] 20480 512-byte logical blocks: (10.5 MB/10.0 MiB)
[   12.720177] sd 2:0:1:0: Attached scsi generic sg1 type 0
[   12.720906] sd 2:0:0:0: [sda] Write Protect is off
[   12.720987] sd 2:0:1:0: [sdb] Write Protect is off
[   12.721070] sd 2:0:1:0: [sdb] Incomplete mode parameter data
[   12.721071] sd 2:0:1:0: [sdb] Assuming drive cache: write through
[   12.725322] sd 2:0:0:0: [sda] Incomplete mode parameter data
[   12.726039] sd 2:0:0:0: [sda] Assuming drive cache: write through
[   12.760754]  sda: sda1
[   12.765964] sd 2:0:1:0: [sdb] Attached SCSI disk
[   13.345162] sd 2:0:0:0: [sda] Attached SCSI disk
[   14.455014] floppy0: no floppy controllers found
Begin: Loading e[   15.818292] md: linear personality registered for level -1
ssential drivers[   16.369530] md: multipath personality registered for level -4
 ... [   16.533796] md: raid0 personality registered for level 0
[   16.635843] md: raid1 personality registered for level 1
[   16.726791] raid6: sse2x1   gen()  3678 MB/s
[   16.926748] raid6: sse2x1   xor()  8735 MB/s
[   17.176742] raid6: sse2x2   gen() 14842 MB/s
[   17.456726] raid6: sse2x2   xor()  9741 MB/s
[   17.586758] raid6: sse2x4   gen() 16821 MB/s
[   17.836719] raid6: sse2x4   xor()  7691 MB/s
[   18.047057] raid6: using algorithm sse2x4 gen() 16821 MB/s
[   18.137250] raid6: .... xor() 7691 MB/s, rmw enabled
[   18.137889] raid6: using ssse3x2 recovery algorithm
[   18.139949] xor: automatically using best checksumming function:
[   18.178981]    avx       : 21393.000 MB/sec
[   18.297467] async_tx: api initialized (async)
[   18.429429] md: raid6 personality registered for level 6
[   18.566096] md: raid5 personality registered for level 5
[   18.716522] md: raid4 personality registered for level 4
[   18.829220] md: raid10 personality registered for level 10
done.
Begin: Running /scripts/init-premount ... done.
Begin: Mounting root file system ... Begin: Running /scripts/local-top ... done.
Begin: Running /scripts/local-premount ... [   18.869661] Btrfs loaded
Scanning for Btrfs filesystems
done.
Warning: fsck not present, so skipping root file system
[   18.970279] EXT4-fs (sda1): mounted filesystem with ordered data mode. Opts: (null)
done.
Begin: Running /scripts/local-bottom ... done.
Begin: Running /scripts/init-bottom ... done.
[   19.811228] systemd[1]: systemd 229 running in system mode. (+PAM +AUDIT +SELINUX +IMA +APPARMOR +SMACK +SYSVINIT +UTMP +LIBCRYPTSETUP +GCRYPT +GNUTLS +ACL +XZ -LZ4 +SECCOMP +BLKID +ELFUTILS +KMOD -IDN)
[   19.938869] systemd[1]: Detected virtualization oracle.
[   19.969553] systemd[1]: Detected architecture x86-64.

Welcome to [1mUbuntu 16.04.2 LTS[0m!

[   20.008967] systemd[1]: Set hostname to <ubuntu-xenial>.
[   20.250083] random: nonblockiggppoo  ssiiiiiillzzed
[   21.506871] systemd[1]: Listening on udev Control Socke..

[[0;32m  OK  [0m] Listening on udev Control Socket.
[   21.787479] systemd[1]: Created slice User and Session Slice.
[[0;32m  OK  [0m] Created slice User and Session Slice.
[   22.140893] systemd[1]: Listening on udev Kernel Socket.
[[0;32m  OK  [0m] Listening on udev Kernel Socket.
[   22.147316] systemd[1]: Listening on Journal Audit Socket.
[[0;32m  OK  [0m] Listening on Journal Audit Socket.
[   22.243256] systemd[1]: Reached target Swap.
[[0;32m  OK  [0m] Reached target Swap.
[   22.244733] systemd[1]: Reached target User and Group Name Lookups.
[[0;32m  OK  [0m] Reached target User and Group Name Lookups.
[   22224400]]sssstemd[1]: Reached target Encrypte  ooluee..

[[0;32m  OK  [0m] Reached target Encrypted Volumes.
[   22.871571] systemd[1]: Created slice System Slice.
[[0;32m  OK  [0m] Created slice System Slice.
[   23.271906] syseedd11::CCeetted slice system-serial\x2dgetty.slice.
[[0;32m  OK  [0m] Created slice system-serial\x2dgetty.slice.
[   23.560084] systemd[1]: Reached target Slices.
[[0;32m  OK  [0m] Reached target Slices.
[   23.995359] systemd[1]: Listening on LVM2 poll daemon socket.
[[0;32m  OK  [0m] Listening on LVM2 poll daemon socket.
[   23.997162] systemd[1]: Listening on Journal Socket (/dev/log).
[[0;32m  OK  [0m] Listening on Journal Socket (/dev/log).
[   23.998805] systemd[1]: Started Forward Password Requests to Wall Directory Watch.
[[0;32m  OK  [0m] Started Forward Password Requests to Wall Directory Watch.
[   24.000981] systemd[1]: Set up automount Arbitrary Executable File Formats File System Automount Point.
[[0;32m  OK  [0m] Set up automount Arbitrary Executab...ats File System Automount Point.
[   24.003266] systemd[1]: Listening on Device-mapper event daemon FIFOs.
[[0;32m  OK  [0m] Listening on Device-mapper event daemon FIFOs.
[   24.004824] systemd[1]: Listening on Journal Socket.
[[0;32m  OK  [0m] Listening on Journal Socket.
[   24.015075] systemd[1]: Mounting Debug File System...
         Mounting Debug File System...
[   24.115132] systemd[1]: Starting Load Kernel Modules...
[   24.195772] Loading iSCSI transport class v2.0-870.
         Starting Load Kernel Modules...
[   24.197527] systemd[1]: Starting Set console keymap...
         Starting Set console keymap...
[   24.206150] systemd[1]: Starting Remount Root and Kernel File Systems...
         Starting Remount Root and Kernel File Systems...
[   24.228574] systemd[1]: Starting Nameserver information manager...
         Startin[   24.236959] EXT4-fs (sda1): re-mounted. Opts: (null)
g Nameserver information manager...
[   24.240955] systemd[1]: Mounting POSIX Message Queue File System...
         Mounting POSIX Message Queue File System...
[   24.254410] systemd[1]: Starting Create list of required static device nodes for the current kernel...
         Startin[   24.365639] iscsi: registered transport (tcp)
g Create list of required st... nodes for the current kernel...
[   24.628401] systemd[1]: Mounting Huge Pages File System...
         Mounting Huge Pages File System...
[   24.668418] systemd[1]: Starting Uncomplicated firewall...
         Starting Uncomplicated firewall...
[   24.669783] systemd[1]: Listening on /dev/initctl Compatibility Named Pipe.
[[0;32m  OK  [0m] Listening on /dev/initctl Compatibility Named Pipe.
[   24.739198] systemd[1]: Listening on LVM2 metadata daemon socket.
[[0;32m  OK  [0m] Listening on LVM2 metadata daemon socket.
[   24.854007] iscsi: registered transport (iser)
[   25.279186] systemd[1]: Starting Monitoring of LVM2 mirrors, snapshots etc. using dmeventd or progress polling...
         Starting Monitoring of LVM2 mirrors... dmeventd or progress polling...
[   25.484237] systemd[1]: Listening on Syslog Socket.
[[0;32m  OK  [0m] Listening on Syslog Socket.
[   25.486238] systemd[1]: Starting Journal Service...
         Starting Journal Service...
[   25.488714] systemd[1]: Mounted Debug File System.
[[0;32m  OK  [0m] Mounted Debug File System.
[   25.494454] systemd[1]: Mounted POSIX Message Queue File System.
[[0;32m  OK  [0m] Mounted POSIX Message Queue File System.
[   25.496166] systemd[1]: Mounted Huge Pages File System.
[[0;32m  OK  [0m] Mounted Huge Pages File System.
[   25.497996] systemd[1]: Started Load Kernel Modules.
[[0;32m  OK  [0m] Started Load Kernel Modules.
[   25.499863] systemd[1]: Started Set console keymap.
[[0;32m  OK  [0m] Started Set console keymap.
[   25.501524] systemd[1]: Started Remount Root and Kernel File Systems.
[[0;32m  OK  [0m] Started Remount Root and Kernel File Systems.
[   25.527782] systemd[1]: Started Create list of required static device nodes for the currentkkrree..

[[0;32m  OK  [0m] Started Create list of required sta...ce nodes for the current kernel.
[   26.390115] systemd[1]: Started Uncomplicated firewall.
[[0;32m  OK  [0m] Started Uncomplicated firewall.
[   26.399174] systemd[1]: Started Nameserver information manager.
[[0;32m  OK  [0m] Started Nameserver information manager.
[   26.402530] systemd[1]: Started Journal Service.
[[0;32m  OK  [0m] Started Journal Service.
[[0;32m  OK  [0m] Started LVM2 metadata daemon.
         Starting Create Static Device Nodes in /dev...
         Starting Load/Save Random Seed...
         Starting Flush Journal to Persistent Storage...
         Starting Initial cloud-init job (pre-networking)...
         Starting udev Coldplug all Devices...
         Starting Apply Kernel Variables...
         Mounting FUSE Control File System...
[[0;32m  OK  [0m] Mounted FUSE Control File System.
[   26.867043] systemd-journald[441]: Received request to flush runtime journal from PID 1
[[0;32m  OK  [0m] Started Flush Journal to Persistent Storage.
[[0;32m  OK  [0m] Started udev Coldplug all Devices.
[[0;32m  OK  [0m] Started Load/Save Random Seed.
[[0;32m  OK  [0m] Started Create Static Device Nodes in /dev.
         Starting udev Kernel Device Manager...
[[0;32m  OK  [0m] Started Apply Kernel Variables.
[[0;32m  OK  [0m] Started Monitoring of LVM2 mirrors,...ng dmeventd or progress polling.
[[0;32m  OK  [0m] Started udev Kernel Device Manager.
[[0;32m  OK  [0m] Started Dispatch Password Requests to Console Directory Watch.
[[0;32m  OK  [0m] Reached target Local File Systems (Pre).
[[0;32m  OK  [0m] Reached target Local File Systems.
         Starting Set console font and keymap...
         Starting LSB: AppArmor initialization...
         Starting Create Volatile Files and Directories...
         Starting Tell Plymouth To Write Out Runtime Data...
[[0;32m  OK  [0m] Started Tell Plymouth To Write Out Runtime Data.
[[0;32m  OK  [0m] Found device /dev/ttyS0.
[[0;32m  OK  [0m] Started Create Volatile Files and Directories.
         Starting Update UTMP about System Boot/Shutdown...
[[0;32m  OK  [0m] Reached target System Time Synchronized.
[[0;32m  OK  [0m] Started Update UTMP about System Boot/Shutdown.
[[0;32m  OK  [0m] Started Set console font and keymap.
[[0;32m  OK  [0m] Created slice system-getty.slice.
[[0;32m  OK  [0m] Found device 82540EM Gigabit Ethern...r (PRO/1000 MT Desktop Adapter).
[[0;32m  OK  [0m] Started LSB: AppArmor initialization.
[[0;32m  OK  [0m] Listening on Load/Save RF Kill Switch Status /dev/rfkill Watch.
[   28.284690] cloud-init[471]: Cloud-init v. 0.7.9 running 'init-local' at Sun, 12 Mar 2017 11:02:25 +0000. Up 27.56 seconds.
[[0;32m  OK  [0m] Started Initial cloud-init job (pre-networking).
[[0;32m  OK  [0m] Reached target Network (Pre).
         Starting Raise network interfaces...
[[0;32m  OK  [0m] Started ifup for enp0s3.
[[0;32m  OK  [0m] Started Raise network interfaces.
         Starting Initial cloud-init job (metadata service crawler)...
[[0;32m  OK  [0m] Reached target Network.
[   29.400889] cloud-init[1078]: Cloud-init v. 0.7.9 running 'init' at Sun, 12 Mar 2017 11:02:26 +0000. Up 28.88 seconds.
[[0;32m  OK  [0m] Started Initial cloud-init job (metadata service crawler).
[[0;32m  OK  [0m] Reached target System Initialization.
[   29.452921] cloud-init[1078]: ci-info: +++++++++++++++++++++++++++++++++++++Net device info++++++++++++++++++++++++++++++++++++++
[   29.456270] cloud-init[1078]: ci-info: +--------+------+----------------------------+---------------+-------+-------------------+
[   29.457617] cloud-init[1078]: ci-info: | Device |  Up  |          Address           |      Mask     | Scope |     Hw-Address    |
[   29.458775] cloud-init[1078]: ci-info: +--------+------+----------------------------+---------------+-------+-------------------+
[   29.459968] cloud-init[1078]: ci-info: | enp0s3 | True |         10.0.2.15          | 255.255.255.0 |   .   | 02:43:fc:58:af:9d |
[   29.461333] cloud-init[1078]: ci-info: | enp0s3 | True | fe80::43:fcff:fe58:af9d/64 |       .       |  link | 02:43:fc:58:af:9d |
         Starting LXD - unix socket.
[[0;32m  OK  [0m] Started Trigger resolvconf update for networkd DNS.
[[0;32m  OK  [0m] Started Daily Cleanup of Temporary Directories.
[[0;32m  OK  [0m] Listening on D-Bus System Message Bus Socket.
[   29.554822] cloud-init[1078]: ci-info: |   lo   | True |         127.0.0.1          |   255.0.0.0   |   .   |         .         |
[   29.816381] cloud-init[1078]: ci-info: |   lo   | True |          ::1/128           |       .       |  host |         .         |
[   29.888277] cloud-init[1078]: ci-info: +--------+------+----------------------------+---------------+-------+-------------------+
[   29.984278] cloud-init[1078]: ci-info: +++++++++++++++++++++++++++Route IPv4 info++++++++++++++++++++++++++++
[   30.001958] cloud-init[1078]: ci-info: +-------+-------------+----------+---------------+-----------+-------+
[[0;32m  OK  [0m] Started ACPI Events Check.
[[0;32m  OK  [0m] Reached target Paths.
[   30.037256] cloud-init[1078]: ci-info: | Route | Destination | Gateway  |    Genmask    | Interface | Flags |
[   30.062280] cloud-init[1078]: ci-info: +-------+-------------+----------+---------------+-----------+-------+
[   30.066833] cloud-init[1078]: ci-info: |   0   |   0.0.0.0   | 10.0.2.2 |    0.0.0.0    |   enp0s3  |   UG  |
[   30.080993] cloud-init[1078]: ci-info: |   1   |   10.0.2.0  | 0.0.0.0  | 255.255.255.0 |   enp0s3  |   U   |
[   30.082290] cloud-init[1078]: ci-info: +-------+-------------+----------+---------------+-----------+-------+
[[0;32m  OK  [0m] Started Daily apt activities.
[[0;32m  OK  [0m] Listening on UUID daemon activation socket.
[[0;32m  OK  [0m] Started Timer to automatically refresh installed snaps.
[[0;32m  OK  [0m] Reached target Timers.
[[0;32m  OK  [0m] Listening on ACPID Listen Socket.
         Starting Socket activation for snappy daemon.
[[0;32m  OK  [0m] Reached target Network is Online.
         Starting iSCSI initiator daemon (iscsid)...
[[0;32m  OK  [0m] Reached target Cloud-config availability.
[[0;32m  OK  [0m] Listening on LXD - unix socket.
[[0;32m  OK  [0m] Listening on Socket activation for snappy daemon.
[[0;32m  OK  [0m] Reached target Sockets.
[[0;32m  OK  [0m] Reached target Basic System.
         Starting LSB: MD monitoring daemon...
         Starting The PHP 7.0 FastCGI Process Manager...
         Starting LXD - container startup/shutdown...
[[0;32m  OK  [0m] Started Deferred execution scheduler.
         Starting LSB: Record successful boot for GRUB...
         Starting /etc/rc.local Compatibility...
         Starting System Logging Service...
[[0;32m  OK  [0m] Started ACPI event daemon.
         Starting Login Service...
[[0;32m  OK  [0m] Started Snappy daemon.
         Starting Auto import assertions from block devices...
         Starting Apply the settings specified in cloud-config...
[[0;32m  OK  [0m] Started Regular background program processing daemon.
[[0;32m  OK  [0m] Started D-Bus System Message Bus.
[   31.071873] cloud-init[1162]: Cloud-init v. 0.7.9 running 'modules:config' at Sun, 12 Mar 2017 11:02:28 +0000. Up 30.80 seconds.
[[0;32m  OK  [0m] Started FUSE filesystem for LXC.
         Starting Accounts Service...
         Starting OpenBSD Secure Shell server...
[[0;32m  OK  [0m] Started System Logging Service.
[[0;32m  OK  [0m] Started /etc/rc.local Compatibility.
[[0;32m  OK  [0m] Started Auto import assertions from block devices.
[[0;32m  OK  [0m] Started Apply the settings specified in cloud-config.
[[0;32m  OK  [0m] Started Login Service.
[[0;32m  OK  [0m] Started LSB: Record successful boot for GRUB.
[[0;32m  OK  [0m] Started iSCSI initiator daemon (iscsid).
         Starting Login to default iSCSI targets...
[[0;32m  OK  [0m] Started LSB: MD monitoring daemon.
[[0;32m  OK  [0m] Started OpenBSD Secure Shell server.
[[0;32m  OK  [0m] Started Login to default iSCSI targets.
[[0;32m  OK  [0m] Reached target Remote File Systems (Pre).
[[0;32m  OK  [0m] Reached target Remote File Systems.
         Starting LSB: daemon to balance interrupts for SMP systems...
         Starting LSB: VirtualBox Linux Additions...
         Starting Permit User Sessions...
         Starting LSB: Set the CPU Frequency Scaling governor to "ondemand"...
         Starting LSB: Apache2 web server...
         Starting LSB: automatic crash report generation...
[[0;32m  OK  [0m] Started LSB: Set the CPU Frequency Scaling governor to "ondemand".
[[0;32m  OK  [0m] Started Permit User Sessions.
         Starting Terminate Plymouth Boot Screen...
         Starting Hold until boot process finishes up...
[[0;32m  OK  [0m] Started LSB: daemon to balance interrupts for SMP systems.
[[0;32m  OK  [0m] Started Terminate Plymouth Boot Screen.
[[0;32m  OK  [0m] Started Hold until boot process finishes up.
[[0;32m  OK  [0m] Started Serial Getty on ttyS0.
[[0;32m  OK  [0m] Started Getty on tty1.
[[0;32m  OK  [0m] Reached target Login Prompts.
         Starting Set console scheme...
[[0;32m  OK  [0m] Started LSB: automatic crash report generation.
[[0;32m  OK  [0m] Started Set console scheme.
         Starting Authenticate and Authorize Users to Run Privileged Tasks...
[[0;32m  OK  [0m] Started LSB: VirtualBox Linux Additions.
[[0;32m  OK  [0m] Started LXD - container startup/shutdown.
[[0;32m  OK  [0m] Started Authenticate and Authorize Users to Run Privileged Tasks.
[[0;32m  OK  [0m] Started Accounts Service.
[[0;32m  OK  [0m] Started The PHP 7.0 FastCGI Process Manager.
[[0;32m  OK  [0m] Created slice User Slice of ubuntu.
[[0;32m  OK  [0m] Started Session 1 of user ubuntu.
         Starting User Manager for UID 1000...
[[0;32m  OK  [0m] Started User Manager for UID 1000.
[[0;32m  OK  [0m] Started LSB: Apache2 web server.
[[0;32m  OK  [0m] Reached target Multi-User System.
         Starting Execute cloud user/final scripts...
[[0;32m  OK  [0m] Reached target Graphical Interface.
         Starting Update UTMP about System Runlevel Changes...
[[0;32m  OK  [0m] Started Update UTMP about System Runlevel Changes.
[   35.851084] cloud-init[1429]: Cloud-init v. 0.7.9 running 'modules:final' at Sun, 12 Mar 2017 11:02:33 +0000. Up 35.69 seconds.
[   35.903945] cloud-init[1429]: Cloud-init v. 0.7.9 finished at Sun, 12 Mar 2017 11:02:33 +0000. Datasource DataSourceNoCloud [seed=/dev/sdb][dsmode=net].  Up 35.84 seconds
[[0;32m  OK  [0m] Started Execute cloud user/final scripts.
[[0;32m  OK  [0m] Reached target Cloud-init target.

Ubuntu 16.04.2 LTS ubuntu-xenial ttyS0

ubuntu-xenial login: 