[    0000000  nitilizig cgoup ubsy  ppset
[   00000000]]IIiiiillizin cgrup sbsyscpu
[   0.00000 Iniialiing grou subys cuacc
[   0.0000] Liux vrsio 4.40-66geneic((uulld@ggw01-88) (gcc version 5.4.0 20160609 (Ubuntu 5.4.0-6ubuntu1~16.04.4) ) #87-Ubuntu SMP Fri Mar 3 15:29:05 UTC 2017 (Ubuntu 4.4.0-66.87-generic 4.4.44)
[    0.000000] Command line: BOOT_IMAGE=/boot/vmlinuz-4.4.0-66-generic root=LABEL=cloudimg-rootfs ro console=tty1 console=ttyS0
[    0.000000] KERNEL supported cpus:
[    0.000000]   Intel GenuineIntel
[    0.000000]   AMD AuthenticAMD
[    0.000000]   Centaur CentaurHauls
[    0.000000] x86/fpu: xstate_offset[2]:  576, xstate_sizes[2]:  256
[    0.000000] x86/fpu: Supporting XSAVE feature 0x01: 'x87 floating point registers'
[    0.000000] x86/fpu: Supporting XSAVE feature 0x02: 'SSE registers'
[    0.000000] x86/fpu: Supporting XSAVE feature 0x04: 'AVX registers'
[    0.000000] x86/fpu: Enabled xstate features 0x7, context size is 832 bytes, using 'standard' format.
[    0.000000] x86/fpu: Using 'lazy' FUUccnneettssiiccee.
[   0000000] 8800 BOSppovddddppysccl AA  aa:
[    ..0000] IISSee20  me  x0000000000000--xx0000000099bbf]uuabee

[   ..000000  IISSe800 [ee 000000000009f00--xx0000000099fff]rrsevvdd

[   00000000] BIOS-e820: [mem 0x00000000000f0000-0x00000000000fffff] reserved
[    0.000000] BIOS-e820: [mem 0x0000000000100000-0x000000003ffeffff] usable
[    0.000000] BIOS-e820: [mem 0x000000003fff0000-0x000000003fffffff] ACPI data
[    0.000000] BIOS-e820: [mem 0x00000000fec00000-0x00000000fec00fff] reserved
[    0.000000] BIOS-e820: [mem 0x00000000fee00000-0x00000000fee00fff] reserved
[    0.000000] BIOS-e820: [mem 0x00000000fffc0000-0x00000000ffffffff] reserved
[    0.000000] NX (Execute Disable) protection: active
[    0.000000] SMBIOS 2.5 present.
[    0.000000] Hypervisor detected: KVM
[    0.000000] e820: last_pfn = 0x3fff0 max_arch_pfn = 0x400000000
[    0.000000] MTRR: Disabled
[    0.000000] x86/PAT: MTRRs disabled, skipping PAT initialization too.
[    0.000000] x86/PAT: Configuration [0-7]: WB  WT  UC- UC  WB  WT  UC- UC  
[    0.000000] CPU MTRRs all blank - virtualized system.
[    0.000000] found SMP MP-table at [mem 0x0009fff0-0x0009ffff] mapped at [ffff88000009fff0]
[    0.000000] Scanning 1 areas for low memory corruption
[    0.000000] RAMDISK: [mem 0x36ac8000-0x3755bfff]
[    0.000000] ACPI: Early table checksum verification disabled
[    0.000000] ACPI: RSDP 0x00000000000E0000 000024 (v02 VBOX  )
[    0.000000] ACPI: XSDT 0x000000003FFF0030 00003C (v01 VBOX   VBOXXSDT 00000001 ASL  00000061)
[    0.000000] ACPI: FACP 0x000000003FFF00F0 0000F4 (v04 VBOX   VBOXFACP 00000001 ASL  00000061)
[    0.000000] ACPI: DSDT 0x000000003FFF0470 00210F (v01 VBOX   VBOXBIOS 00000002 INTL 20160108)
[    0.000000] ACPI: FACS 0x000000003FFF0200 000040
[    0.000000] ACPI: FACS 0x000000003FFF0200 000040
[    0.000000] ACPI: APIC 0x000000003FFF0240 000054 (v02 VBOX   VBOXAPIC 00000001 ASL  00000061)
[    0.000000] ACPI: SSDT 0x000000003FFF02A0 0001CC (v01 VBOX   VBOXCPUT 00000002 INTL 20160108)
[    0.000000] No NUMA configuration found
[    0.000000] Faking a node at [mem 0x0000000000000000-0x000000003ffeffff]
[    0.000000] NODE_DATA(0) allocated [mem 0x3ffeb000-0x3ffeffff
[   0000000]]kkm-llcc::Usnn mrr  bb66dd1 nn  bb6400
[   ..00000]kkm-llcc::cp 0  ss 033fe0011  riaay pp  llck

[   0000000]kkmmccoc::usnn  ccedoofsttoo  38220977cccces

[   0000000]ccookkoucc: vv--llck mss:: 0xffffffffffffffff max_cycles: 0x1cd42e4dffb, max_idle_ns: 881590591483 ns
[    0.000000] Zone ranges:
[    0.000000]   DMA      [mem 0x0000000000001000-0x0000000000ffffff]
[    0.000000]   DMA32    [mem 0x0000000001000000-0x000000003ffeffff]
[    0.000000]   Normal   empty
[    0.000000]   Device   empty
[    0.000000] Movable zone start for each node
[    0.000000] Early memory node ranges
[    0.000000]   node   0: [mem 0x0000000000001000-0x000000000009efff]
[    0.000000]   node   0: [mem 0x0000000000100000-0x000000003ffeffff]
[    0.000000] Initmem setup node 0 [mem 0x0000000000001000-0x000000003ffeffff]
[    0.000000] ACPI: PM-Timer IO Port: 0x4008
[    0.000000] IOAPIC[0]: apic_id 1, version 32, address 0xfec00000, GSI 0-23
[    0.000000] ACPI: INT_SRC_OVR (bus 0 bus_irq 0 global_irq 2 dfl dfl)
[    0.000000] ACPI: INT_SRC_OVR (bus 0 bus_irq 9 global_irq 9 high level)
[    0.000000] Using ACPI (MADT) for SMP configuration information
[    0.000000] smpboot: Allowing 1 CPUs, 0 hotplug CPUs
[    0.000000] PM: Registered nosave memory: [mem 0x00000000-0x00000fff]
[    0.000000] PM: Registered nosave memory: [mem 0x0009f000-0x0009ffff]
[    0.000000] PM: Registered nosave memory: [mem 0x000a0000-0x000effff]
[    0.000000] PM: Registered nosave memory: [mem 0x000f0000-0x000fffff]
[    0.000000] e820: [mem 0x40000000-0xfebfffff] available for PCI devices
[    0.000000] Booting paravirtualized kernel on KVM
[    0.000000] clocksource: refined-jiffies: mask: 0xffffffff max_cycles: 0xffffffff, max_idle_ns: 7645519600211568 ns
[    0.000000] setup_percpu: NR_CPUS:512 nr_cpumask_bits:512 nr_cpu_ids:1 nr_node_ids:1
[    0.000000] PERCPU: Embedded 33 pages/cpu @ffff88003fc00000 s98264 r8192 d28712 u2097152
[    0.000000] PV qspinlock hash table entries: 256 (order: 0, 4096 bytes)
[    0.000000] Built 1 zonelists in Node order, mobility grouping on.  Total pages: 257913
[    0.000000] Policy zone: DMA32
[    0.000000] Kernel command line: BOOT_IMAGE=/boot/vmlinuz-4.4.0-66-generic root=LABEL=loddmm-roofsrr  oosoeett11ccnnol==ty00

[   ..00000]PPD aahhttbl  ntiiss  09  oree::33 3778 yyee))

[   00000000 Mmmrr::101176//008820  vallbbee(855K eennllcoee 199KKrwat,,3900  ooat,,1488  nnt,1111K sss, 46244K reserved, 0K cma-rserved)
[    0.000000] SLUB: HWalign=64, Order=0-3, MinObjects=0, CPUs=1, Nodes=1
[    0.000000] Hierarchical RCU implementation.
[    0.000000] 	Build-time adjustment of leaf fanout to 64.
[    0.000000] 	RCU restricting CPUs from NR_CPUS=512 to nr_cpu_ids=1.
[    0.000000] RCU: Adjusting geometry for rcu_fanout_leaf=64, nr_cpu_ids=1
[    0.000000] NR_IRQS:33024 nr_irqs:256 16
[    0.000000] Console: colour VGA+ 80x25
[    0.000000] console [tty1] enabled
[    0.000000] console [ttyS0] enabled
[    0.000000] tsc: Detected 2494.224 MHz processor
[    4.157992] Calibrating delay loop (skipped) preset value.. 4988.44 BogoMIPS (lpj=9976896)
[    4.159084] pid_max: default: 32768 minimum: 301
[    4.159670] ACPI: Core revision 20150930
[    4.160989] ACPI: 2 ACPI AML tables successfully acquired and loaded
[    4.161853] Security Framework initialized
[    4.162393] Yama: becoming mindful.
[    4.162894] AppArmor: AppArmor initialized
[    4.163495] Dentry cache hash table entries: 131072 (order: 8, 1048576 bytes)
[    4.164461] Inode-cache hash table entries: 65536 (order: 7, 524288 bytes)
[    4.165648] Mount-cache hash table entries: 2048 (order: 2, 16384 bytes)
[    4.166408] Mountpoint-cache hash table entries: 2048 (order: 2, 16384 bytes)
[    4.167326] Initializing cgroup subsys io
[    4.167864] Initializing cgroup subsys memory
[    4.168456] Initializing cgroup subsys devices
[    4.169030] Initializing cgroup subsys freezer
[    4.169601] Initializing cgroup subsys net_cls
[    4.170188] Initializing cgroup subsys perf_event
[    4.170784] Initializing cgroup subsys net_prio
[    4.171366] Initializing cgroup subsys hugetlb
[    4.171938] Initializing cgroup subsys pids
[    4.172569] CPU: Physical Processor ID: 0
[    4.173888] mce: CPU supports 0 MCE banks
[    4.174460] process: using mwait in idle threads
[    4.175044] Last level iTLB entries: 4KB 1024, 2MB 1024, 4MB 1024
[    4.175748] Last level dTLB entries: 4KB 1024, 2MB 1024, 4MB 1024, 1GB 4
[    4.193994] Freeing SMP alternatives memory: 32K (ffffffff820b9000 - ffffffff820c1000)
[    4.201782] ftrace: allocating 32123 entries in 126 pages
[    4.236133] smpboot: APIC(0) Converting physical 0 to logical package 0
[    4.242710] smpboot: Max logical packages: 1
[    4.243483] x2apic enabled
[    4.244075] Switched APIC routing to physical x2apic.
[    4.253753] ..TIMER: vector=0x30 apic1=0 pin1=2 apic2=-1 pin2=-1
[    4.365185] smpboot: CPU0: Intel(R) Core(TM) i7-4710HQ CPU @ 2.50GHz (family: 0x6, model: 0x3c, stepping: 0x3)
[    4.915843] Performance Events: unsupported p6 CPU model 60 no PMU driver, software events only.
[    5.199700] KVM setup paravirtual spinlock
[    5.200805] x86: Booted up 1 node, 1 CPUs
[    5.201367] smpboot: Total of 1 processors activated (4988.44 BogoMIPS)
[    5.202328] devtmpfs: initialized
[    5.204780] evm: security.selinux
[    5.370182] evm: security.SMACK64
[    5.534458] evm: security.SMACK64EXEC
[    5.744472] evm: security.SMACK64TRANSMUTE
[    5.970111] evm: security.SMACK64MMAP
[    6.184464] evm: security.ima
[    6.256046] evm: security.capability
[    6.316100] clocksource: jiffies: mask: 0xffffffff max_cycles: 0xffffffff, max_idle_ns: 7645041785100000 ns
[    6.874793] pinctrl core: initialized pinctrl subsystem
[    7.170239] RTC time: 23:41:49, date: 03/08/17
[    7.294793] NET: Registered protocol family 16
[    7.295510] cpuidle: using governor ladder
[    7.310439] cpuidle: using governor menu
[    7.311040] PCCT header not found.
[    7.324519] ACPI: bus type PCI registered
[    7.325102] acpiphp: ACPI Hot Plug PCI Controller Driver version: 0.5
[    7.325986] PCI: Using configuration type 1 for base access
[    7.333206] ACPI: Added _OSI(Module Device)
[    7.333774] ACPI: Added _OSI(Processor Device)
[    7.334371] ACPI: Added _OSI(3.0 _SCP Extensions)
[    7.334977] ACPI: Added _OSI(Processor Aggregator Device)
[    7.336049] ACPI: Executed 1 blocks of module-level executable AML code
[    7.338292] ACPI: Interpreter enabled
[    7.535948] ACPI: (supports S0 S5)
[    7.734453] ACPI: Using IOAPIC for interrupt routing
[    8.016058] PCI: Using host bridge windows from ACPI; if necessary, use "pci=nocrs" and report a bug
[    8.357441] ACPI: PCI Root Bridge [PCI0] (domain 0000 [bus 00-ff])
[    8.374934] acpi PNP0A03:00: _OSC: OS supports [ASPM ClockPM Segments MSI]
[    8.375750] acpi PNP0A03:00: _OSC failed (AE_NOT_FOUND); disabling ASPM
[    8.394654] acpi PNP0A03:00: fail to add MMCONFIG information, can't access extended PCI configuration space under this bridge.
[    8.396219] PCI host bridge to bus 0000:00
[    8.396776] pci_bus 0000:00: root bus resource [io  0x0000-0x0cf7 window]
[    8.397557] pci_bus 0000:00: root bus resource [io  0x0d00-0xffff window]
[    8.398320] pci_bus 0000:00: root bus resource [mem 0x000a0000-0x000bffff window]
[    8.399288] pci_bus 0000:00: root bus resource [mem 0x40000000-0xffdfffff window]
[    8.400255] pci_bus 0000:00: root bus resource [bus 00-ff]
[    8.401966] pci 0000:00:01.1: legacy IDE quirk: reg 0x10: [io  0x01f0-0x01f7]
[    8.404967] pci 0000:00:01.1: legacy IDE quirk: reg 0x14: [io  0x03f6]
[    8.405724] pci 0000:00:01.1: legacy IDE quirk: reg 0x18: [io  0x0170-0x0177]
[    8.406521] pci 0000:00:01.1: legacy IDE quirk: reg 0x1c: [io  0x0376]
[    8.417666] pci 0000:00:07.0: quirk: [io  0x4000-0x403f] claimed by PIIX4 ACPI
[    8.804690] pci 0000:00:07.0: quirk: [io  0x4100-0x410f] claimed by PIIX4 SMB
[    9.199495] ACPI: PCI Interrupt Link [LNKA] (IRQs 5 9 10 *11)
[    9.444695] ACPI: PCI Interrupt Link [LNKB] (IRQs 5 9 10 *11)
[    9.445848] ACPI: PCI Interrupt Link [LNKC] (IRQs 5 9 *10 11)
[    9.446962] ACPI: PCI Interrupt Link [LNKD] (IRQs 5 *9 10 11)
[    9.455933] ACPI: Enabled 2 GPEs in block 00 to 07
[    9.460658] vgaarb: setting as boot device: PCI:0000:00:02.0
[    9.461350] vgaarb: device added: PCI:0000:00:02.0,decodes=io+mem,owns=io+mem,locks=none
[    9.462411] vgaarb: loaded
[    9.462847] vgaarb: bridge control possible 0000:00:02.0
[    9.463704] SCSI subsystem initialized
[    9.464292] ACPI: bus type USB registered
[    9.464857] usbcore: registered new interface driver usbfs
[    9.465540] usbcore: registered new interface driver hub
[    9.466193] usbcore: registered new device driver usb
[    9.466948] PCI: Using ACPI for IRQ routing
[    9.664697] NetLabel: Initializing
[    9.844452] NetLabel:  domain hash size = 128
[   10.079506] NetLabel:  protocols = UNLABELED CIPSOv4
[   10.370152] NetLabel:  unlabeled traffic allowed by default
[   10.510313] amd_nb: Cannot enumerate AMD northbridges
[   10.514811] clocksource: Switched to clocksource kvm-clock
[   005500694  ppAAmmrr  ppAAmmrrFFllssysee  nnbbee
[   11.02244]]pppp  nn  CCIIiiiit
[   11334477]]pppp  nn  CCPI: found 3 devices
[   11.580116] clocksource: acpi_pm: mask: 0xffffff max_cycles: 0xffffff, max_idle_ns: 2085701024 ns
[   11.581356] NET: Registered protocol family 2
[   11.582105] TCP established hash table entries: 8192 (order: 4, 65536 bytes)
[   11.582972] TCP bind hash table entries: 8192 (order: 5, 131072 bytes)
[   11.604814] TCP: Hash tables configured (established 8192 bind 8192)
[   11.605581] UDP hash table entries: 512 (order: 2, 16384 bytes)
[   11.606281] UDP-Lite hash table entries: 512 (order: 2, 16384 bytes)
[   11.607050] NET: Registered protocol family 1
[   11.607638] pci 0000:00:00.0: Limiting direct PCI/PCI transfers
[   11.608363] pci 0000:00:01.0: Activating ISA DMA hang workarounds
[   11.609174] Trying to unpack rootfs image as initramfs...
[   129999441]FFeeiiggiiiirr  eeooyy: 0033KK((ffff880066cc0000--ffff88000355cc00))
[   13.714813] RAPL PMU detected, API unit is 2^-32 Joules, 4 fixed counters 10737418240 ms ovfl timer
[   13.715978] hw unit of domain pp0-core 2^-0 Joules
[   13.716597] hw unit of domain package 2^-0 Joules
[   13.717205] hw unit of domain dram 2^-0 Joules
[   13.717789] hw unit of domain pp1-gpu 2^-0 Joules
[   13.718446] platform rtc_cmos: registered platform RTC device (no PNP device found)
[   13.719503] Scanning for low memory corruption every 60 seconds
[   13.720439] futex hash table entries: 256 (order: 2, 16384 bytes)
[   13.721189] audit: initializing netlink subsys (disabled)
[   13.721875] audit: type=2000 audit(1489016510.831:1): initialized
[   13.722821] Initialise system trusted keyring
[   13.723485] HugeTLB registered 2 MB page size, pre-allocated 0 pages
[   13.725257] zbud: loaded
[   13.725803] VFS: Disk quotas dquot_6.6.0
[   13.726354] VFS: Dquot-cache hash table entries: 512 (order 0, 4096 bytes)
[   13.727308] squashfs: version 4.0 (2009/01/31) Phillip Lougher
[   13.728174] fuse init (API version 7.23)
[   13.728818] Key type big_key registered
[   13.729350] Allocating IMA MOK and blacklist keyrings.
[   13.730109] Key type asymmetric registered
[   13.730659] Asymmetric key parser 'x509' registered
[   13.731306] Block layer SCSI generic (bsg) driver version 0.4 loaded (major 249)
[   13.732290] io scheduler noop registered
[   13.732847] io scheduler deadline registered (default)
[   13.733498] io scheduler cfq registered
[   13.734093] pci_hotplug: PCI Hot Plug PCI Core version: 0.5
[   13.734781] pciehp: PCI Express Hot Plug Controller Driver version: 0.4
[   13.735657] ACPI: AC Adapter [AC] (on-line)
[   13.736246] input: Power Button as /devices/LNXSYSTM:00/LNXPWRBN:00/input/input0
[   13.737238] ACPI: Power Button [PWRF]
[   13.737778] input: Sleep Button as /devices/LNXSYSTM:00/LNXSLPBN:00/input/input1
[   13.738742] ACPI: Sleep Button [SLPF]
[   13.739729] ACPI: Battery Slot [BAT0] (battery present)
[   13.740416] GHES: HEST is not enabled!
[   13.740993] Serial: 8250/16550 driver, 32 ports, IRQ sharing enabled
[   33772299]]00::22  ttSS  ttII/O003388((rr    ,,bbss__aaud==115500))ii    6655AA
[   14555566]]LLnnxxaappaart interface v0.103
[   14.764651] tsc: Refined TSC clocksource calibration: 2494.103 MHz
[   14.765452] clocksource: tsc: mask: 0xffffffffffffffff max_cycles: 0x23f377679bf, max_idle_ns: 440795312236 ns
[   14.786172] brd: module loaded
[   14.805197] loop: module loaded
[   14.806056] scsi host0: ata_piix
[   14.806592] scsi host1: ata_piix
[   14.807084] ata1: PATA max UDMA/33 cmd 0x1f0 ctl 0x3f6 bmdma 0xd000 irq 14
[   14.807876] ata2: PATA max UDMA/33 cmd 0x170 ctl 0x376 bmdma 0xd008 irq 15
[   14.809063] libphy: Fixed MDIO Bus: probed
[   14.809608] tun: Universal TUN/TAP device driver, 1.6
[   14.812002] tun: (C) 1999-2004 Max Krasnyansky <maxk@qualcomm.com>
[   14.812785] PPP generic driver version 2.4.2
[   14.813388] ehci_hcd: USB 2.0 'Enhanced' Host Controller (EHCI) Driver
[   14.814145] ehci-pci: EHCI PCI platform driver
[   14.814734] ehci-platform: EHCI generic platform driver
[   14.815396] ohci_hcd: USB 1.1 'Open' Host Controller (OHCI) Driver
[   14.816115] ohci-pci: OHCI PCI platform driver
[   14.816711] ohci-platform: OHCI generic platform driver
[   14.817356] uhci_hcd: USB Universal Host Controller Interface driver
[   14.818134] i8042: PNP: PS/2 Controller [PNP0303:PS2K,PNP0f03:PS2M] at 0x60,0x64 irq 1,12
[   14.819546] serio: i8042 KBD port at 0x60,0x64 irq 1
[   14.820188] serio: i8042 AUX port at 0x60,0x64 irq 12
[   14.820910] mousedev: PS/2 mouse device common for all mice
[   14.821748] input: AT Translated Set 2 keyboard as /devices/platform/i8042/serio0/input/input2
[   14.823105] rtc_cmos rtc_cmos: rtc core: registered rtc_cmos as rtc0
[   14.823880] rtc_cmos rtc_cmos: alarms up to one day, 114 bytes nvram
[   14.824663] i2c /dev entries driver
[   14.825194] device-mapper: uevent: version 1.0.3
[   14.825822] device-mapper: ioctl: 4.34.0-ioctl (2015-10-28) initialised: dm-devel@redhat.com
[   14.826894] ledtrig-cpu: registered to indicate activity on CPUs
[   14.827805] NET: Registered protocol family 10
[   14.828519] NET: Registered protocol family 17
[   14.829100] Key type dns_resolver registered
[   14.829744] microcode: CPU0 sig=0x306c3, pf=0x40, revision=0x0
[   14.830458] microcode: Microcode Update Driver: v2.01 <tigran@aivazian.fsnet.co.uk>, Peter Oruba
[   14.831650] registered taskstats version 1
[   14.832210] Loading compiled-in X.509 certificates
[   14.833368] Loaded X.509 cert 'Build time autogenerated kernel key: 32ca4feee90b5cde51f5f8c0e024b22f8c679982'
[   14.834585] zswap: loaded using pool lzo/zbud
[   14.836156] Key type trusted registered
[   14.838316] Key type encrypted registered
[   14.838862] AppArmor: AppArmor sha1 policy hashing enabled
[   14.839548] ima: No TPM chip found, activating TPM-bypass!
[   14.840227] evm: HMAC attrs: 0x1
[   14.840867]   Magic number: 9:156:706
[   14.841426] rtc_cmos rtc_cmos: setting system clock to 2017-03-08 23:41:57 UTC (1489016517)
[   14.842518] BIOS EDD facility v0.16 2004-Jun-25, 0 devices found
[   14.843238] EDD information not available.
[   14.964125] Freeing unused kernel memory: 1488K (ffffffff81f45000 - ffffffff820b9000)
[   15.804761] Write protecting the kernel read-only data: 14336k
[   15.865023] Freeing unused kernel memory: 1776K (ffff880001844000 - ffff880001a00000)
[   15.866224] Freeing unused kernel memory: 116K (ffff880001de3000 - ffff880001e00000)
Loading, please [   15.874812] random: udevadm: uninitialized urandom read (16 bytes read, 3 bits of entropy available)
wait...
startin[   16.865355] random: systemd-udevd: uninitialized urandom read (16 bytes read, 3 bits of entropy available)
g version 229
[   16.885742] random: systemd-udevd: uninitialized urandom read (16 bytes read, 4 bits of entropy available)
[   16.895465] random: systemd-udevd: uninitialized urandom read (16 bytes read, 4 bits of entropy available)
[   16.896767] random: systemd-udevd: uninitialized urandom read (16 bytes read, 4 bits of entropy available)
[   16.905614] random: udevadm: uninitialized urandom read (16 bytes read, 4 bits of entropy available)
[   16.906840] random: udevadm: uninitialized urandom read (16 bytes read, 4 bits of entropy available)
[   16.908058] random: udevadm: uninitialized urandom read (16 bytes read, 4 bits of entropy available)
[   16.909251] random: udevadm: uninitialized urandom read (16 bytes read, 4 bits of entropy available)
[   16.910429] random: udevadm: uninitialized urandom read (16 bytes read, 4 bits of entropy available)
[   16.938434] e1000: Intel(R) PRO/1000 Network Driver - version 7.3.21-k8-NAPI
[   17.444558] e1000: Copyright (c) 1999-2006 Intel Corporation.
[   17.934735] Fusion MPT base driver 3.04.20
[   17.984537] Copyright (c) 1999-2008 LSI Corporation
[   18.225944] AVX version of gcm_enc/dec engaged.
[   18.724060] AES CTR mode by8 optimization enabled
[   19.005637] input: ImExPS/2 Generic Explorer Mouse as /devices/platform/i8042/serio1/input/input4
[   19.020434] Fusion MPT SPI Host driver 3.04.20
[   19.035497] mptbase: ioc0: Initiating bringup
[   19.103047] ioc0: LSI53C1030 A0: Capabilities={Initiator}
[   19.792273] scsi host2: ioc0: LSI53C1030 A0, FwRev=00000000h, Ports=1, MaxQ=256, IRQ=20
[   20.208180] scsi 2:0:0:0: Direct-Access     VBOX     HARDDISK         1.0  PQ: 0 ANSI: 5
[   21.084769] scsi target2:0:0: Beginning Domain Validation
[   21.229657] scsi target2:0:0: Domain Validation skipping write tests
[   21.244908] scsi target2:0:0: Ending Domain Validation
[   21.257081] scsi target2:0:0: asynchronous
[   21.280565] scsi 2:0:1:0: Direct-Access     VBOX     HARDDISK         1.0  PQ: 0 ANSI: 5
[   21.381570] scsi target2:0:1: Beginning Domain Validation
[   21.436053] scsi target2:0:1: Domain Validation skipping write tests
[   21.484825] scsi target2:0:1: Ending Domain Validation
[   21.538569] scsi target2:0:1: asynchronous
[   21.545141] sd 2:0:0:0: Attached scsi generic sg0 type 0
[   21.545816] sd 2:0:0:0: [sda] 20971520 512-byte logical blocks: (10.7 GB/10.0 GiB)
[   21.547016] sd 2:0:1:0: [sdb] 20480 512-byte logical blocks: (10.5 MB/10.0 MiB)
[   21.548180] sd 2:0:1:0: Attached scsi generic sg1 type 0
[   21.548949] sd 2:0:1:0: [sdb] Write Protect is off
[   21.549559] sd 2:0:0:0: [sda] Write Protect is off
[   21.550264] sd 2:0:1:0: [sdb] Incomplete mode parameter data
[   21.550949] sd 2:0:1:0: [sdb] Assuming drive cache: write through
[   21.551673] sd 2:0:0:0: [sda] Incomplete mode parameter data
[   21.552348] sd 2:0:0:0: [sda] Assuming drive cache: write through
[   21.579473]  sda: sda1
[   21.580287] sd 2:0:0:0: [sda] Attached SCSI disk
[   21.581113] sd 2:0:1:0: [sdb] Attached SCSI disk
[   21.587469] e1000 0000:00:03.0 eth0: (PCI:33MHz:32-bit) 02:43:fc:58:af:9d
[   21.694667] e1000 0000:00:03.0 eth0: Intel(R) PRO/1000 Network Connection
[   21.696952] e1000 0000:00:03.0 enp0s3: renamed from eth0
[   22.042974] floppy0: no floppy controllers found
Begin: Loading e[   23.413757] md: linear personality registered for level -1
ssential drivers ... [   23.426848] md: multipath personality registered for level -4
[   23.436681] md: raid0 personality registered for level 0
[   23.443297] md: raid1 personality registered for level 1
[   23.534162] raid6: sse2x1   gen() 11907 MB/s
[   23.624163] raid6: sse2x1   xor()  9236 MB/s
[   23.714154] raid6: sse2x2   gen() 15169 MB/s
[   23.814153] raid6: sse2x2   xor() 10207 MB/s
[   23.904158] raid6: sse2x4   gen() 17330 MB/s
[   23.994154] raid6: sse2x4   xor() 11997 MB/s
[   24.004778] raid6: using algorithm sse2x4 gen() 17330 MB/s
[   24.005506] raid6: .... xor() 11997 MB/s, rmw enabled
[   24.006190] raid6: using ssse3x2 recovery algorithm
[   24.008032] xor: automatically using best checksumming function:
[   24.104158]    avx       : 54573.000 MB/sec
[   24.115906] async_tx: api initialized (async)
[   24.132933] md: raid6 personality registered for level 6
[   24.134882] md: raid5 personality registered for level 5
[   24.135614] md: raid4 personality registered for level 4
[   24.140261] md: raid10 personality registered for level 10
done.
Begin: Running /scripts/init-premount ... done.
Begin: Mounting root file system ... Begin: Running /scripts/local-top ... done.
Begin: Running /scripts/local-premount ... [   24.179816] Btrfs loaded
Scanning for Btrfs filesystems
done.
Warning: fsck no[   24.239253] EXT4-fs (sda1): INFO: recovery required on readonly filesystem
t present, so skipping root file system
[   24.365079] EXT4-fs (sda1): write access will be enabled during recovery
[   24.402523] EXT4-fs (sda1): recovery complete
[   24.834630] EXT4-fs (sda1): mounted filesystem with ordered data mode. Opts: (null)
done.
Begin: Running /scripts/local-bottom ... done.
Begin: Running /scripts/init-bottom ... done.
[   55998877]]sssseedd11::sssstedd2299rrnniiggii  yyttmm mode. (+PAM +AUDIT +SELINUX +IMA +APPARMOR +SMACK +SYSVINIT +UTMP +LIBCRYPTSETUP +GCRYPT +GNUTLS +ACL +XZ -LZ4 +SECCOMP +BLKID +ELFUTILS +KMOD -IDN)
[   26.495969] systemd[1]: Detected virtualization oracle.
[   26.496638] systemd[1]: Detected architecture x86-64.
[   26.51755]]rrnnoo::nnnnllcciigg poo  ssiiiiiillzzdd


Welcome to [1mUbuntu 16.04.2 LTS[0m!

[   27.064356] systemd[1]: Set hostname to <ubuntu-xenial>.
[   77771122]]ssystedd11::RRaahhddttrree  Encrypee  oouuee..

[[0;32m  OK  [0m] Reached target Encrypted Volumes.
[   28.267076] syttmm[[]]  ttrree  oowwrrd Password Requests to Wall Directory Watch.
[[0;32m  OK  [0m] Started Forward Password Requests to Wall Directory Watch.
[   28.586032] systemd[1]: Listening on udev Kernel Socket.
[[0;32m  OK  [0m] Listening on udev Kernel Socket.
[   28.588647] systemd[1]: Listening on Syslog Socket.
[[0;32m  OK  [0m] Listening on Syslog Socket.
[   28.590149] systemd[1]: Listening on Device-mapper event daemon FIFOs.
[[0;32m  OK  [0m] Listening on Device-mapper event daemon FIFOs.
[   28.591800] systemd[1]: Listening on udev Control Socket.
[[0;32m  OK  [0m] Listening on udev Control Socket.
[   28.593243] systemd[1]: Reached target Swap.
[[0;32m  OK  [0m] Reached target Swap.
[   28.594582] systemd[1]: Listening on Journal Audit Socket.
[[0;32m  OK  [0m] Listening on Journal Audit Socket.
[   28.596070] systemd[1]: Listening on Journal Socket (/dev/log).
[[0;32m  OK  [0m] Listening on Journal Socket (/dev/log).
[   28.597584] systemd[1]: Reached target User and Group Name Lookups.
[[0;32m  OK  [0m] Reached target User and Group Name Lookups.
[   28.599169] systemd[1]: Listening on LVM2 metadata daemon socket.
[[0;32m  OK  [0m] Listening on LVM2 metadata daemon socket.
[   28.600729] systemd[1]: Listening on Journal Socket.
[[0;32m  OK  [0m] Listening on Journal Socket.
[   28.602113] systemd[1]: Listening on LVM2 poll daemon socket.
[[0;32m  OK  [0m] Listening on LVM2 poll daemon socket.
[   28.603720] systemd[1]: Set up automount Arbitrary Executable File Formats File System Automount Point.
[[0;32m  OK  [0m] Set up automount Arbitrary Executab...ats File System Automount Point.
[   28.610993] systemd[1]: Listening on /dev/initctl Compatibility Named Pipe.
[[0;32m  OK  [0m] Listening on /dev/initctl Compatibility Named Pipe.
[   28.613873] systemd[1]: Created slice System Slice.
[[0;32m  OK  [0m] Created slice System Slice.
[   28.616844] systemd[1]: Starting Journal Service...
         Starting Journal Service...
[   28.618241] systemd[1]: Created slice system-serial\x2dgetty.slice.
[[0;32m  OK  [0m] Created slice system-serial\x2dgetty.slice.
[   28.620777] systemd[1]: Starting RmmuuttRRoo  nn  eennllFFll  yyttem....

         Starting Remount Root and Kernel File Systems...
[   29001177]]sssseedd11::SSaattnng rraaeellss  ff rqqiiee  ttttccddevcc  nodes oo  hh  uurrnn  eennll..
         Starting Create list of required st... nodes for the current kernel...
[   30.072421] systemd[1]: Starting Set console keymap...
         Starting Set console keymap...
[   30.074288  yyttmm[[]]  oonniiggHHug  aaee  iieeSSssee....

         Mounting Huge Pages File System...
[   30.699843] systemd[1]: Starting Monitoring of LVM2 mirrors, snapshots etc. using dmeventd or progress polling...
         Starting Monitoring of LVM2 mirrors... dmeventd or progress polling...
[   30.772704] systemd[1]: Starting Uncomplicated firewall...
         Starting Uncomplicated firewall...
[   00880055]] ETT--ss((dd11): re-oonnee..OOtt::((uull
[   11330099]]sssseedd11::SSaattnn  Load Krree  oodules...
         Starting Load Kernel Modules...
[   31.816840] systemd[1]: Mounting Debug File System...
         Mounting Debug File System...
[   31.819955] systemd[1]: Starting Nameserver information manager...
         Starting Nameserver information manager...
[   31.822575] systemd[1]: Mounting POSIX Message Queue File yyttmm..
         Mounting POSIX Message Queue File System...
[   22002255]]sssseedd[1::CCeettddssiieeUUee  nnd eessoo  llcc..

[[0;32m  OK  [0m] Created slice User and Sessio[   32.726988] Loading iSCSI transport class v2.0-870.
n Slice.
[   32.884749] systemd[1]: Reached target Slices.
[[0;32m  OK  [0m] Reached target Slices.
[   32.887006] systemd[1]: Mounted Debug File System.
[[0;32m  OK  [0m] Mounted Debug File System.
[   32.888392] systemd[1]: Mounted POSIX Message Queue File System.
[[0;32m  OK  [0m] Mounted POSIX Message Queue File System.
[   32.889877] systemd[1]: Mounted Huge Pages File System.
[[0;32m  OK  [0m] Mounted Huge Pages File System.
[   32997766]]sssstemd11::SSaattddJJuunnllSSeriiee.
[   33335544]]iiccii  eeiistrrddttaassoott((cc))

[[0;32m  OK  [0m] Started Journal Service.
[[0;32m  OK  [0m] Started Remount Root and Kernel File Systems.
[[0;32m  OK  [0m] Started Create list of required sta...ce nodes for the current kernel.
[[0;32m  OK  [0m] Started Set console keymap.
[[0;32m  OK  [0m] Started Uncomplicated firewall.
[[0;32m  OK  [0m] Started Nameserver information manager.
[[0;32m  OK  [0[   33.967700] iscsi: registered transport (iser)
m] Started LVM2 metadata daemon.
         Starting Create Static Device Nodes in /dev...
         Starting Initial cloud-init job (pre-networking)...
         Starting udev Coldplug all Devices...
         Starting Load/Save Random Seed...
         Starting Flush Journal to Persistent Storage...
[[0;32m  OK  [0m] Started Load Kernel Modules.
         Starting Apply Kernel Variables...
         Mounting FUSE Control File System...
[[0;32m  OK  [0m] Mounted FUSE Control File System.
[[0;32m  OK  [0m] Started udev Coldplug all Devices.
[   34.177188] systemd-journald[403]: Received request to flush runtime journal from PID 1
[[0;32m  OK  [0m] Started Flush Journal to Persistent Storage.
[[0;32m  OK  [0m] Started Load/Save Random Seed.
[[0;32m  OK  [0m] Started Apply Kernel Variables.
[[0;32m  OK  [0m] Started Create Static Device Nodes in /dev.
         Starting udev Kernel Device Manager...
[[0;32m  OK  [0m] Started Monitoring of LVM2 mirrors,...ng dmeventd or progress polling.
[[0;32m  OK  [0m] Started udev Kernel Device Manager.
[[0;32m  OK  [0m] Reached target Local File Systems (Pre).
[[0;32m  OK  [0m] Reached target Local File Systems.
         Starting Set console font and keymap...
         Starting LSB: AppArmor initialization...
         Starting Tell Plymouth To Write Out Runtime Data...
         Starting Create Volatile Files and Directories...
[[0;32m  OK  [0m] Started Dispatch Password Requests to Console Directory Watch.
[[0;32m  OK  [0m] Started Tell Plymouth To Write Out Runtime Data.
[[0;32m  OK  [0m] Found device /dev/ttyS0.
[[0;32m  OK  [0m] Started Create Volatile Files and Directories.
[[0;32m  OK  [0m] Reached target System Time Synchronized.
         Starting Update UTMP about System Boot/Shutdown...
[[0;32m  OK  [0m] Found device 82540EM Gigabit Ethern...r (PRO/1000 MT Desktop Adapter).
[[0;32m  OK  [0m] Started Set console font and keymap.
[[0;32m  OK  [0m] Started Update UTMP about System Boot/Shutdown.
[[0;32m  OK  [0m] Created slice system-getty.slice.
[[0;32m  OK  [0m] Listening on Load/Save RF Kill Switch Status /dev/rfkill Watch.
[[0;32m  OK  [0m] Started LSB: AppArmor initialization.
[   28.978914] cloud-init[462]: Cloud-init v. 0.7.9 running 'init-local' at Wed, 08 Mar 2017 23:42:21 +0000. Up 28.42 seconds.
[[0;32m  OK  [0m] Started Initial cloud-init job (pre-networking).
[[0;32m  OK  [0m] Reached target Network (Pre).
         Starting Raise network interfaces...
[[0;32m  OK  [0m] Started ifup for enp0s3.
[[0;32m  OK  [0m] Started Raise network interfaces.
[[0;32m  OK  [0m] Reached target Network.
         Starting Initial cloud-init job (metadata service crawler)...
[   29.928852] cloud-init[1073]: Cloud-init v. 0.7.9 running 'init' at Wed, 08 Mar 2017 23:42:22 +0000. Up 29.47 seconds.
[   30.036339] cloud-init[1073]: ci-info: +++++++++++++++++++++++++++++++++++++Net device info++++++++++++++++++++++++++++++++++++++
[[0;32m  OK  [0m] Started Initial cloud-init job (metadata service crawler).
[   30.070317] cloud-init[1073]: ci-info: +--------+------+----------------------------+---------------+-------+-------------------+
[   30.072260] cloud-init[1073]: ci-info: | Device |  Up  |          Address           |      Mask     | Scope |     Hw-Address    |
[[0;32m  OK  [0m] Reached target System Initialization.
[[0;32m  OK  [0m] Started Daily Cleanup of Temporary Directories.
[   30.075981] cloud-init[1073]: ci-info: +--------+------+----------------------------+---------------+-------+-------------------+
[   30.080486] cloud-init[1073]: ci-info: | enp0s3 | True |         10.0.2.15          | 255.255.255.0 |   .   | 02:43:fc:58:af:9d |
[   30.081933] cloud-init[1073]: ci-info: | enp0s3 | True | fe80::43:fcff:fe58:af9d/64 |       .       |  link | 02:43:fc:58:af:9d |
[   30.083143] cloud-init[1073]: ci-info: |   lo   | True |         127.0.0.1          |   255.0.0.0   |   .   |         .         |
[   30.084354] cloud-init[1073]: ci-info: |   lo   | True |          ::1/128           |       .       |  host |         .         |
[   30.085542] cloud-init[1073]: ci-info: +--------+------+----------------------------+---------------+-------+-------------------+
[[0;32m  OK  [0m] Started Daily apt activities.
[   30.111143] cloud-init[1073]: ci-info: +++++++++++++++++++++++++++Route IPv4 info++++++++++++++++++++++++++++
[   30.117831] cloud-init[1073]: ci-info: +-------+-------------+----------+---------------+-----------+-------+
[   30.120348] cloud-init[1073]: ci-info: | Route | Destination | Gateway  |    Genmask    | Interface | Flags |
[[0;32m  OK  [0m] Listening on ACPID Listen Socket.
[   30.125475] cloud-init[1073]: ci-info: +-------+-------------+----------+---------------+-----------+-------+
[   30.128981] cloud-init[1073]: ci-info: |   0   |   0.0.0.0   | 10.0.2.2 |    0.0.0.0    |   enp0s3  |   UG  |
         Starting Socket activation for snappy daemon.
[[0;32m  OK  [0m] Listening on D-Bus System Message Bus Socket.
[   30.132947] cloud-init[1073]: ci-info: |   1   |   10.0.2.0  | 0.0.0.0  | 255.255.255.0 |   enp0s3  |   U   |
[   30.138079] cloud-init[1073]: ci-info: +-------+-------------+----------+---------------+-----------+-------+
         Starting LXD - unix socket.
[[0;32m  OK  [0m] Started Trigger resolvconf update for networkd DNS.
[[0;32m  OK  [0m] Listening on UUID daemon activation socket.
[[0;32m  OK  [0m] Started ACPI Events Check.
[[0;32m  OK  [0m] Reached target Paths.
[[0;32m  OK  [0m] Started Timer to automatically refresh installed snaps.
[[0;32m  OK  [0m] Reached target Timers.
[[0;32m  OK  [0m] Reached target Network is Online.
         Starting iSCSI initiator daemon (iscsid)...
[[0;32m  OK  [0m] Reached target Cloud-config availability.
[[0;32m  OK  [0m] Listening on Socket activation for snappy daemon.
[[0;32m  OK  [0m] Listening on LXD - unix socket.
[[0;32m  OK  [0m] Reached target Sockets.
[[0;32m  OK  [0m] Reached target Basic System.
         Starting LSB: Record successful boot for GRUB...
         Starting LSB: MD monitoring daemon...
         Starting /etc/rc.local Compatibility...
         Starting LXD - container startup/shutdown...
         Starting System Logging Service...
[[0;32m  OK  [0m] Started Snappy daemon.
         Starting Auto import assertions from block devices...
[[0;32m  OK  [0m] Started Regular background program processing daemon.
[[0;32m  OK  [0m] Started D-Bus System Message Bus.
[[0;32m  OK  [0m] Started FUSE filesystem for LXC.
         Starting Accounts Service...
         Starting Apply the settings specified in cloud-config...
[[0;32m  OK  [0m] Started Deferred execution scheduler.
[[0;32m  OK  [0m] Started ACPI event daemon.
         Starting Login Service...
         Starting OpenBSD Secure Shell server...
[[0;32m  OK  [0m] Started System Logging Service.
[[0;32m  OK  [0m] Started /etc/rc.local Compatibility.
[[0;32m  OK  [0m] Started Auto import assertions from block devices.
[[0;32m  OK  [0m] Started Login Service.
[[0;32m  OK  [0m] Started LSB: Record successful boot for GRUB.
[[0;32m  OK  [0m] Started iSCSI initiator daemon (iscsid).
         Starting Login to default iSCSI targets...
[   31.684783] cloud-init[1168]: Cloud-init v. 0.7.9 running 'modules:config' at Wed, 08 Mar 2017 23:42:24 +0000. Up 31.35 seconds.
[[0;32m  OK  [0m] Started LSB: MD monitoring daemon.
[[0;32m  OK  [0m] Started Apply the settings specified in cloud-config.
[[0;32m  OK  [0m] Started Login to default iSCSI targets.
[[0;32m  OK  [0m] Reached target Remote File Systems (Pre).
[[0;32m  OK  [0m] Reached target Remote File Systems.
         Starting LSB: Set the CPU Frequency Scaling governor to "ondemand"...
         Starting LSB: VirtualBox Linux Additions...
         Starting Permit User Sessions...
         Starting LSB: Apache2 web server...
         Starting LSB: automatic crash report generation...
         Starting LSB: daemon to balance interrupts for SMP systems...
[[0;32m  OK  [0m] Started OpenBSD Secure Shell server.
[[0;32m  OK  [0m] Started Permit User Sessions.
[[0;32m  OK  [0m] Started LSB: Set the CPU Frequency Scaling governor to "ondemand".
         Starting Authenticate and Authorize Users to Run Privileged Tasks...
         Starting Hold until boot process finishes up...
         Starting Terminate Plymouth Boot Screen...
[[0;32m  OK  [0m] Started Hold until boot process finishes up.
[[0;32m  OK  [0m] Started Terminate Plymouth Boot Screen.
         Starting Set console scheme...
[[0;32m  OK  [0m] Started Serial Getty on ttyS0.
[[0;32m  OK  [0m] Started Getty on tty1.
[[0;32m  OK  [0m] Reached target Login Prompts.
[[0;32m  OK  [0m] Started LSB: automatic crash report generation.
[[0;32m  OK  [0m] Started Set console scheme.
[[0;32m  OK  [0m] Started LSB: daemon to balance interrupts for SMP systems.
[[0;32m  OK  [0m] Started Authenticate and Authorize Users to Run Privileged Tasks.
[[0;32m  OK  [0m] Started LSB: VirtualBox Linux Additions.
[[0;32m  OK  [0m] Started Accounts Service.
[[0;32m  OK  [0m] Started LXD - container startup/shutdown.
[[0;32m  OK  [0m] Created slice User Slice of ubuntu.
         Starting User Manager for UID 1000...
[[0;32m  OK  [0m] Started Session 1 of user ubuntu.
[[0;32m  OK  [0m] Started User Manager for UID 1000.
[[0;32m  OK  [0m] Started LSB: Apache2 web server.
[[0;32m  OK  [0m] Reached target Multi-User System.
         Starting Execute cloud user/final scripts...
[[0;32m  OK  [0m] Reached target Graphical Interface.
         Starting Update UTMP about System Runlevel Changes...
[[0;32m  OK  [0m] Started Update UTMP about System Runlevel Changes.
[   35.126067] cloud-init[1470]: Cloud-init v. 0.7.9 running 'modules:final' at Wed, 08 Mar 2017 23:42:27 +0000. Up 34.98 seconds.
[   35.211263] cloud-init[1470]: Cloud-init v. 0.7.9 finished at Wed, 08 Mar 2017 23:42:28 +0000. Datasource DataSourceNoCloud [seed=/dev/sdb][dsmode=net].  Up 35.12 seconds[[0;32m  OK  [0m] Started Execute cloud user/final scripts.
[[0;32m  OK  [0m] Reached target Cloud-init target.


Ubuntu 16.04.2 LTS ubuntu-xenial ttyS0

ubuntu-xenial login: 