[    0.000000] Initializing cgroup subsys cpuset
[    0.000000] Initializing cgroup subsys cpu
[    0.000000] Initializing cgroup subsys cpuacct
[    0.000000] Linux version 4.4.0-66-generic (buildd@lgw01-28) (gcc version 5.4.0 20160609 (Ubuntu 5.4.0-6ubuntu1~16.04.4) ) #87-Ubuntu SMP Fri Mar 3 15:29:05 UTC 2017 (Ubuntu 4.4.0-66.87-generic 4.4.44)
[    0.000000] Command line: BOOT_IMAGE=/boot/vmlinuz-4.4.0-66-generic root=LABEL=cloudimg-rootfs ro console=tty1 console=ttyS0
[    0.000000] KERNEL supported cpus:
[    0.000000]   Intel GenuineIntel
[    0.000000]   AMD AuthenticAMD
[    0.000000]   Centaur CentaurHauls
[    0.000000] x86/fpu: xstate_offset[2]:  576, xstate_sizes[2]:  256
[    0.000000] x86/fpu: Supporting XSAVE feature 0x01: 'x87 floating point registers'
[    0.000000] x86/fpu: Supporting XSAVE feature 0x02: 'SSE registers'
[    0.000000] x86/fpu: Supporting XSAVE feature 0x04: 'AVX registers'
[    0.000000] x86/fpu: Enabled xstate features 0x7, context size is 832 bytes, using 'standard' format.
[    0.000000] x86/fpu: Using 'lazy' FPU context switches.
[    0.000000] e820: BIOS-provided physical RAM map:
[    0.000000] BIOS-e820: [mem 0x0000000000000000-0x000000000009fbff] usable
[    0.000000] BIOS-e820: [mem 0x000000000009fc00-0x000000000009ffff] reserved
[    0.000000] BIOS-e820: [mem 0x00000000000f0000-0x00000000000fffff] reserved
[    0.000000] BIOS-e820: [mem 0x0000000000100000-0x000000003ffeffff] usable
[    0.000000] BIOS-e820: [mem 0x000000003fff0000-0x000000003fffffff] ACPI data
[    0.000000] BIOS-e820: [mem 0x00000000fec00000-0x00000000fec00fff] reserved
[    0.000000] BIOS-e820: [mem 0x00000000fee00000-0x00000000fee00fff] reserved
[    0.000000] BIOS-e820: [mem 0x00000000fffc0000-0x00000000ffffffff] reserved
[    0.000000] NX (Execute Disable) protection: active
[    0.000000] SMBIOS 2.5 present.
[    0.000000] Hypervisor detected: KVM
[    0.000000] e820: last_pfn = 0x3fff0 max_arch_pfn = 0x400000000
[    0.000000] MTRR: Disabled
[    0.000000] x86/PAT: MTRRs disabled, skipping PAT initialization too.
[    0.000000] x86/PAT: Configuration [0-7]: WB  WT  UC- UC  WB  WT  UC- UC  
[    0.000000] CPU MTRRs all blank - virtualized system.
[    0.000000] found SMP MP-table at [mem 0x0009fff0-0x0009ffff] mapped at [ffff88000009fff0]
[    0.000000] Scanning 1 areas for low memory corruption
[    0.000000] RAMDISK: [mem 0x36ac8000-0x3755bfff]
[    0.000000] ACPI: Early table checksum verification disabled
[    0.000000] ACPI: RSDP 0x00000000000E0000 000024 (v02 VBOX  )
[    0.000000] ACPI: XSDT 0x000000003FFF0030 00003C (v01 VBOX   VBOXXSDT 00000001 ASL  00000061)
[    0.000000] ACPI: FACP 0x000000003FFF00F0 0000F4 (v04 VBOX   VBOXFACP 00000001 ASL  00000061)
[    0.000000] ACPI: DSDT 0x000000003FFF0470 0021C8 (v02 VBOX   VBOXBIOS 00000002 INTL 20160108)
[    0.000000] ACPI: FACS 0x000000003FFF0200 000040
[    0.000000] ACPI: FACS 0x000000003FFF0200 000040
[    0.000000] ACPI: APIC 0x000000003FFF0240 00005C (v02 VBOX   VBOXAPIC 00000001 ASL  00000061)
[    0.000000] ACPI: SSDT 0x000000003FFF02A0 0001CC (v01 VBOX   VBOXCPUT 00000002 INTL 20160108)
[    0.000000] No NUMA configuration found
[    0.000000] Faking a node at [mem 0x0000000000000000-0x000000003ffeffff]
[    0.000000] NODE_DATA(0) allocated [mem 0x3ffeb000-0x3ffeffff]
[    0.000000] kvm-clock: Using msrs 4b564d01 and 4b564d00
[    0.000000] kvm-clock: cpu 0, msr 0:3ffe3001, primary cpu clock
[    0.000000] kvm-clock: using sched offset of 3243516847 cycles
[    0.000000] clocksource: kvm-clock: mask: 0xffffffffffffffff max_cycles: 0x1cd42e4dffb, max_idle_ns: 881590591483 ns
[    0.000000] Zone ranges:
[    0.000000]   DMA      [mem 0x0000000000001000-0x0000000000ffffff]
[    0.000000]   DMA32    [mem 0x0000000001000000-0x000000003ffeffff]
[    0.000000]   Normal   empty
[    0.000000]   Device   empty
[    0.000000] Movable zone start for each node
[    0.000000] Early memory node ranges
[    0.000000]   node   0: [mem 0x0000000000001000-0x000000000009efff]
[    0.000000]   node   0: [mem 0x0000000000100000-0x000000003ffeffff]
[    0.000000] Initmem setup node 0 [mem 0x0000000000001000-0x000000003ffeffff]
[    0.000000] ACPI: PM-Timer IO Port: 0x4008
[    0.000000] IOAPIC[0]: apic_id 2, version 32, address 0xfec00000, GSI 0-23
[    0.000000] ACPI: INT_SRC_OVR (bus 0 bus_irq 0 global_irq 2 dfl dfl)
[    0.000000] ACPI: INT_SRC_OVR (bus 0 bus_irq 9 global_irq 9 high level)
[    0.000000] Using ACPI (MADT) for SMP configuration information
[    0.000000] smpboot: Allowing 2 CPUs, 0 hotplug CPUs
[    0.000000] PM: Registered nosave memory: [mem 0x00000000-0x00000fff]
[    0.000000] PM: Registered nosave memory: [mem 0x0009f000-0x0009ffff]
[    0.000000] PM: Registered nosave memory: [mem 0x000a0000-0x000effff]
[    0.000000] PM: Registered nosave memory: [mem 0x000f0000-0x000fffff]
[    0.000000] e820: [mem 0x40000000-0xfebfffff] available for PCI devices
[    0.000000] Booting paravirtualized kernel on KVM
[    0.000000] clocksource: refined-jiffies: mask: 0xffffffff max_cycles: 0xffffffff, max_idle_ns: 7645519600211568 ns
[    0.000000] setup_percpu: NR_CPUS:512 nr_cpumask_bits:512 nr_cpu_ids:2 nr_node_ids:1
[    0.000000] PERCPU: Embedded 33 pages/cpu @ffff88003fc00000 s98264 r8192 d28712 u1048576
[    0.000000] PV qspinlock hash table entries: 256 (order: 0, 4096 bytes)
[    0.000000] Built 1 zonelists in Node order, mobility grouping on.  Total pages: 257913
[    0.000000] Policy zone: DMA32
[    0.000000] Kernel command line: BOOT_IMAGE=/boot/vmlinuz-4.4.0-66-generic root=LABEL=cloudimg-rootfs ro console=tty1 console=ttyS0
[    0.000000] PID hash table entries: 4096 (order: 3, 32768 bytes)
[    0.000000] Memory: 1001744K/1048120K available (8452K kernel code, 1293K rwdata, 3980K rodata, 1488K init, 1316K bss, 46376K reserved, 0K cma-reserved)
[    0.000000] SLUB: HWalign=64, Order=0-3, MinObjects=0, CPUs=2, Nodes=1
[    0.000000] Hierarchical RCU implementation.
[    0.000000] 	Build-time adjustment of leaf fanout to 64.
[    0.000000] 	RCU restricting CPUs from NR_CPUS=512 to nr_cpu_ids=2.
[    0.000000] RCU: Adjusting geometry for rcu_fanout_leaf=64, nr_cpu_ids=2
[    0.000000] NR_IRQS:33024 nr_irqs:440 16
[    0.000000] Console: colour VGA+ 80x25
[    0.000000] console [tty1] enabled
[    0.000000] console [ttyS0] enabled
[    0.000000] tsc: Detected 2494.224 MHz processor
[    0.693840] Calibrating delay loop (skipped) preset value.. 4988.44 BogoMIPS (lpj=9976896)
[    0.694987] pid_max: default: 32768 minimum: 301
[    0.695627] ACPI: Core revision 20150930
[    0.696951] ACPI: 2 ACPI AML tables successfully acquired and loaded
[    0.697875] Security Framework initialized
[    0.698452] Yama: becoming mindful.
[    0.698988] AppArmor: AppArmor initialized
[    0.699631] Dentry cache hash table entries: 131072 (order: 8, 1048576 bytes)
[    0.700587] Inode-cache hash table entries: 65536 (order: 7, 524288 bytes)
[    0.701841] Mount-cache hash table entries: 2048 (order: 2, 16384 bytes)
[    0.702651] Mountpoint-cache hash table entries: 2048 (order: 2, 16384 bytes)
[    0.703639] Initializing cgroup subsys io
[    0.704195] Initializing cgroup subsys memory
[    0.704797] Initializing cgroup subsys devices
[    0.705418] Initializing cgroup subsys freezer
[    0.706027] Initializing cgroup subsys net_cls
[    0.706618] Initializing cgroup subsys perf_event
[    0.707248] Initializing cgroup subsys net_prio
[    0.707867] Initializing cgroup subsys hugetlb
[    0.708470] Initializing cgroup subsys pids
[    0.709091] CPU: Physical Processor ID: 0
[    0.709656] CPU: Processor Core ID: 0
[    0.710952] mce: CPU supports 0 MCE banks
[    0.711538] Last level iTLB entries: 4KB 1024, 2MB 1024, 4MB 1024
[    0.712265] Last level dTLB entries: 4KB 1024, 2MB 1024, 4MB 1024, 1GB 4
[    0.714569] Freeing SMP alternatives memory: 32K (ffffffff820b9000 - ffffffff820c1000)
[    0.722013] ftrace: allocating 32123 entries in 126 pages
[    0.755380] smpboot: APIC(0) Converting physical 0 to logical package 0
[    0.757620] smpboot: Max logical packages: 1
[    0.763655] x2apic enabled
[    0.764296] Switched APIC routing to physical x2apic.
[    0.765924] ..TIMER: vector=0x30 apic1=0 pin1=2 apic2=-1 pin2=-1
[    0.873551] smpboot: CPU0: Intel(R) Core(TM) i7-4710HQ CPU @ 2.50GHz (family: 0x6, model: 0x3c, stepping: 0x3)
[    0.875413] Performance Events: unsupported p6 CPU model 60 no PMU driver, software events only.
[    0.877069] KVM setup paravirtual spinlock
[    0.878577] x86: Booting SMP configuration:
[    0.879370] .... node  #0, CPUs:      #1
[    0.880160] kvm-clock: cpu 1, msr 033ffe3041, secondary cpu clock
[    1.056049] mce: CPU supports 0 MCE banks
[    1.058457] x86: Booted up 1 node, 2 CPUs
[    1.087805] smpboot: Total of 2 processors activated (9976.89 BogoMIPS)
[    1.106148] devtmpfs: initialized
[    1.108571] evm: security.selinux
[    1.109084] evm: security.SMACK64
[    1.109588] evm: security.SMACK64EXEC
[    1.110129] evm: security.SMACK64TRANSMUTE
[    1.110683] evm: security.SMACK64MMAP
[    1.111203] evm: security.ima
[    1.117977] evm: security.capability
[    1.203195] clocksource: jiffies: mask: 0xffffffff max_cycles: 0xffffffff, max_idle_ns: 7645041785100000 ns
[    1.281712] pinctrl core: initialized pinctrl subsystem
[    1.311033] RTC time:  8:05:04, date: 04/30/17
[    1.312156] NET: Registered protocol family 16
[    1.321116] cpuidle: using governor ladder
[    1.333191] cpuidle: using governor menu
[    1.335134] PCCT header not found.
[    1.335765] ACPI: bus type PCI registered
[    1.336326] acpiphp: ACPI Hot Plug PCI Controller Driver version: 0.5
[    1.337179] PCI: Using configuration type 1 for base access
[    1.349890] ACPI: Added _OSI(Module Device)
[    1.373740] ACPI: Added _OSI(Processor Device)
[    1.374349] ACPI: Added _OSI(3.0 _SCP Extensions)
[    1.374980] ACPI: Added _OSI(Processor Aggregator Device)
[    1.376260] ACPI: Executed 1 blocks of module-level executable AML code
[    1.378622] ACPI: Interpreter enabled
[    1.379154] ACPI: (supports S0 S5)
[    1.379676] ACPI: Using IOAPIC for interrupt routing
[    1.380455] PCI: Using host bridge windows from ACPI; if necessary, use "pci=nocrs" and report a bug
[    1.384218] ACPI: PCI Root Bridge [PCI0] (domain 0000 [bus 00-ff])
[    1.384961] acpi PNP0A03:00: _OSC: OS supports [ASPM ClockPM Segments MSI]
[    1.385829] acpi PNP0A03:00: _OSC failed (AE_NOT_FOUND); disabling ASPM
[    1.386608] acpi PNP0A03:00: fail to add MMCONFIG information, can't access extended PCI configuration space under this bridge.
[    1.388168] PCI host bridge to bus 0000:00
[    1.388724] pci_bus 0000:00: root bus resource [io  0x0000-0x0cf7 window]
[    1.389522] pci_bus 0000:00: root bus resource [io  0x0d00-0xffff window]
[    1.390330] pci_bus 0000:00: root bus resource [mem 0x000a0000-0x000bffff window]
[    1.391352] pci_bus 0000:00: root bus resource [mem 0x40000000-0xffdfffff window]
[    1.392357] pci_bus 0000:00: root bus resource [bus 00-ff]
[    1.394093] pci 0000:00:01.1: legacy IDE quirk: reg 0x10: [io  0x01f0-0x01f7]
[    1.394932] pci 0000:00:01.1: legacy IDE quirk: reg 0x14: [io  0x03f6]
[    1.395802] pci 0000:00:01.1: legacy IDE quirk: reg 0x18: [io  0x0170-0x0177]
[    1.396617] pci 0000:00:01.1: legacy IDE quirk: reg 0x1c: [io  0x0376]
[    1.412521] pci 0000:00:07.0: quirk: [io  0x4000-0x403f] claimed by PIIX4 ACPI
[    1.442990] pci 0000:00:07.0: quirk: [io  0x4100-0x410f] claimed by PIIX4 SMB
[    1.453593] ACPI: PCI Interrupt Link [LNKA] (IRQs 5 9 10 *11)
[    1.456873] ACPI: PCI Interrupt Link [LNKB] (IRQs 5 9 10 *11)
[    1.487160] ACPI: PCI Interrupt Link [LNKC] (IRQs 5 9 *10 11)
[    1.569535] ACPI: PCI Interrupt Link [LNKD] (IRQs 5 *9 10 11)
[    1.577222] ACPI: Enabled 2 GPEs in block 00 to 07
[    1.578295] vgaarb: setting as boot device: PCI:0000:00:02.0
[    1.579013] vgaarb: device added: PCI:0000:00:02.0,decodes=io+mem,owns=io+mem,locks=none
[    1.580077] vgaarb: loaded
[    1.580510] vgaarb: bridge control possible 0000:00:02.0
[    1.581411] SCSI subsystem initialized
[    1.582080] ACPI: bus type USB registered
[    1.583733] usbcore: registered new interface driver usbfs
[    1.585937] usbcore: registered new interface driver hub
[    1.586662] usbcore: registered new device driver usb
[    1.587625] PCI: Using ACPI for IRQ routing
[    1.588445] NetLabel: Initializing
[    1.588942] NetLabel:  domain hash size = 128
[    1.589521] NetLabel:  protocols = UNLABELED CIPSOv4
[    1.590201] NetLabel:  unlabeled traffic allowed by default
[    1.591005] amd_nb: Cannot enumerate AMD northbridges
[    1.591712] clocksource: Switched to clocksource kvm-clock
[    1.598281] AppArmor: AppArmor Filesystem Enabled
[    1.714137] pnp: PnP ACPI init
[    1.805299] pnp: PnP ACPI: found 3 devices
[    1.841711] clocksource: acpi_pm: mask: 0xffffff max_cycles: 0xffffff, max_idle_ns: 2085701024 ns
[    1.863700] NET: Registered protocol family 2
[    1.864443] TCP established hash table entries: 8192 (order: 4, 65536 bytes)
[    1.865335] TCP bind hash table entries: 8192 (order: 5, 131072 bytes)
[    1.866140] TCP: Hash tables configured (established 8192 bind 8192)
[    1.866915] UDP hash table entries: 512 (order: 2, 16384 bytes)
[    1.867661] UDP-Lite hash table entries: 512 (order: 2, 16384 bytes)
[    1.868455] NET: Registered protocol family 1
[    1.869050] pci 0000:00:00.0: Limiting direct PCI/PCI transfers
[    1.869785] pci 0000:00:01.0: Activating ISA DMA hang workarounds
[    1.870978] Trying to unpack rootfs image as initramfs...
[    3.280487] Freeing initrd memory: 10832K (ffff880036ac8000 - ffff88003755c000)
[    3.287024] RAPL PMU detected, API unit is 2^-32 Joules, 4 fixed counters 10737418240 ms ovfl timer
[    3.288331] hw unit of domain pp0-core 2^-0 Joules
[    3.289018] hw unit of domain package 2^-0 Joules
[    3.289708] hw unit of domain dram 2^-0 Joules
[    3.290334] hw unit of domain pp1-gpu 2^-0 Joules
[    3.291034] platform rtc_cmos: registered platform RTC device (no PNP device found)
[    3.292240] Scanning for low memory corruption every 60 seconds
[    3.293380] futex hash table entries: 512 (order: 3, 32768 bytes)
[    3.294224] audit: initializing netlink subsys (disabled)
[    3.295041] audit: type=2000 audit(1493539510.324:1): initialized
[    3.296179] Initialise system trusted keyring
[    3.298040] HugeTLB registered 2 MB page size, pre-allocated 0 pages
[    3.300112] zbud: loaded
[    3.302213] VFS: Disk quotas dquot_6.6.0
[    3.304435] VFS: Dquot-cache hash table entries: 512 (order 0, 4096 bytes)
[    3.305614] squashfs: version 4.0 (2009/01/31) Phillip Lougher
[    3.306695] fuse init (API version 7.23)
[    3.307463] Key type big_key registered
[    3.308133] Allocating IMA MOK and blacklist keyrings.
[    3.309717] Key type asymmetric registered
[    3.310438] Asymmetric key parser 'x509' registered
[    3.311224] Block layer SCSI generic (bsg) driver version 0.4 loaded (major 249)
[    3.312433] io scheduler noop registered
[    3.313040] io scheduler deadline registered (default)
[    3.313802] io scheduler cfq registered
[    3.314485] pci_hotplug: PCI Hot Plug PCI Core version: 0.5
[    3.315312] pciehp: PCI Express Hot Plug Controller Driver version: 0.4
[    3.316382] ACPI: AC Adapter [AC] (on-line)
[    3.317065] input: Power Button as /devices/LNXSYSTM:00/LNXPWRBN:00/input/input0
[    3.318162] ACPI: Power Button [PWRF]
[    3.318769] input: Sleep Button as /devices/LNXSYSTM:00/LNXSLPBN:00/input/input1
[    3.319945] ACPI: Sleep Button [SLPF]
[    3.320699] GHES: HEST is not enabled!
[    3.321174] ACPI: Battery Slot [BAT0] (battery present)
[    3.323206] Serial: 8250/16550 driver, 32 ports, IRQ sharing enabled
[    3.345331] 00:02: ttyS0 at I/O 0x3f8 (irq = 4, base_baud = 115200) is a 16550A
[    3.349623] Linux agpgart interface v0.103
[    3.354853] brd: module loaded
[    3.357691] loop: module loaded
[    3.360733] scsi host0: ata_piix
[    3.362467] scsi host1: ata_piix
[    3.363050] ata1: PATA max UDMA/33 cmd 0x1f0 ctl 0x3f6 bmdma 0xd000 irq 14
[    3.363989] ata2: PATA max UDMA/33 cmd 0x170 ctl 0x376 bmdma 0xd008 irq 15
[    3.366415] libphy: Fixed MDIO Bus: probed
[    3.367115] tun: Universal TUN/TAP device driver, 1.6
[    3.367949] tun: (C) 1999-2004 Max Krasnyansky <maxk@qualcomm.com>
[    3.368870] PPP generic driver version 2.4.2
[    3.369623] ehci_hcd: USB 2.0 'Enhanced' Host Controller (EHCI) Driver
[    3.370514] ehci-pci: EHCI PCI platform driver
[    3.371169] ehci-platform: EHCI generic platform driver
[    3.371974] ohci_hcd: USB 1.1 'Open' Host Controller (OHCI) Driver
[    3.372814] ohci-pci: OHCI PCI platform driver
[    3.373477] ohci-platform: OHCI generic platform driver
[    3.374219] uhci_hcd: USB Universal Host Controller Interface driver
[    3.375165] i8042: PNP: PS/2 Controller [PNP0303:PS2K,PNP0f03:PS2M] at 0x60,0x64 irq 1,12
[    3.376830] serio: i8042 KBD port at 0x60,0x64 irq 1
[    3.377533] serio: i8042 AUX port at 0x60,0x64 irq 12
[    3.378452] mousedev: PS/2 mouse device common for all mice
[    3.379537] input: AT Translated Set 2 keyboard as /devices/platform/i8042/serio0/input/input2
[    3.381289] rtc_cmos rtc_cmos: rtc core: registered rtc_cmos as rtc0
[    3.383259] rtc_cmos rtc_cmos: alarms up to one day, 114 bytes nvram
[    3.384189] i2c /dev entries driver
[    3.384814] device-mapper: uevent: version 1.0.3
[    3.385611] device-mapper: ioctl: 4.34.0-ioctl (2015-10-28) initialised: dm-devel@redhat.com
[    3.386900] ledtrig-cpu: registered to indicate activity on CPUs
[    3.388229] NET: Registered protocol family 10
[    3.392563] NET: Registered protocol family 17
[    3.396267] Key type dns_resolver registered
[    3.397073] microcode: CPU0 sig=0x306c3, pf=0x40, revision=0x0
[    3.397885] microcode: CPU1 sig=0x306c3, pf=0x40, revision=0x0
[    3.398691] microcode: Microcode Update Driver: v2.01 <tigran@aivazian.fsnet.co.uk>, Peter Oruba
[    3.400360] registered taskstats version 1
[    3.402466] Loading compiled-in X.509 certificates
[    3.403696] Loaded X.509 cert 'Build time autogenerated kernel key: 32ca4feee90b5cde51f5f8c0e024b22f8c679982'
[    3.405131] zswap: loaded using pool lzo/zbud
[    3.407439] Key type trusted registered
[    3.411683] Key type encrypted registered
[    3.412854] AppArmor: AppArmor sha1 policy hashing enabled
[    3.414259] ima: No TPM chip found, activating TPM-bypass!
[    3.415728] evm: HMAC attrs: 0x1
[    3.416586]   Magic number: 13:601:69
[    3.417271] rtc_cmos rtc_cmos: setting system clock to 2017-04-30 08:05:06 UTC (1493539506)
[    3.418602] BIOS EDD facility v0.16 2004-Jun-25, 0 devices found
[    3.420551] EDD information not available.
[    3.520990] Freeing unused kernel memory: 1488K (ffffffff81f45000 - ffffffff820b9000)
[    3.523229] Write protecting the kernel read-only data: 14336k
[    3.524506] Freeing unused kernel memory: 1776K (ffff880001844000 - ffff880001a00000)
[    3.527087] Freeing unused kernel memory: 116K (ffff880001de3000 - ffff880001e00000)
Loading, please wait...
starting version[    3.540167] random: systemd-udevd: uninitialized urandom read (16 bytes read, 2 bits of entropy available)
 229
[    3.540731] random: udevadm: uninitialized urandom read (16 bytes read, 2 bits of entropy available)
[    3.540760] random: udevadm: uninitialized urandom read (16 bytes read, 2 bits of entropy available)
[    3.540851] random: udevadm: uninitialized urandom read (16 bytes read, 2 bits of entropy available)
[    3.540884] random: udevadm: uninitialized urandom read (16 bytes read, 2 bits of entropy available)
[    3.540915] random: udevadm: uninitialized urandom read (16 bytes read, 2 bits of entropy available)
[    3.540944] random: udevadm: uninitialized urandom read (16 bytes read, 2 bits of entropy available)
[    3.540974] random: udevadm: uninitialized urandom read (16 bytes read, 2 bits of entropy available)
[    3.541002] random: udevadm: uninitialized urandom read (16 bytes read, 2 bits of entropy available)
[    3.541030] random: udevadm: uninitialized urandom read (16 bytes read, 2 bits of entropy available)
[    3.578213] e1000: Intel(R) PRO/1000 Network Driver - version 7.3.21-k8-NAPI
[    3.884705] e1000: Copyright (c) 1999-2006 Intel Corporation.
[    4.155182] Fusion MPT base driver 3.04.20
[    4.226219] Copyright (c) 1999-2008 LSI Corporation
[    4.250952] Fusion MPT SPI Host driver 3.04.20
[    4.264584] AVX version of gcm_enc/dec engaged.
[    4.397877] AES CTR mode by8 optimization enabled
[    4.546235] tsc: Refined TSC clocksource calibration: 2498.310 MHz
[    4.552118] clocksource: tsc: mask: 0xffffffffffffffff max_cycles: 0x2402fd758e7, max_idle_ns: 440795316408 ns
[    4.555005] input: ImExPS/2 Generic Explorer Mouse as /devices/platform/i8042/serio1/input/input4
[    4.570592] e1000 0000:00:03.0 eth0: (PCI:33MHz:32-bit) 02:43:fc:58:af:9d
[    4.607236] e1000 0000:00:03.0 eth0: Intel(R) PRO/1000 Network Connection
[    5.106802] e1000 0000:00:08.0 eth1: (PCI:33MHz:32-bit) 08:00:27:3e:d1:d0
[    5.292238] e1000 0000:00:08.0 eth1: Intel(R) PRO/1000 Network Connection
[    5.307022] mptbase: ioc0: Initiating bringup
[    5.309536] e1000 0000:00:08.0 enp0s8: renamed from eth1
[    5.328007] e1000 0000:00:03.0 enp0s3: renamed from eth0
[    5.379913] ioc0: LSI53C1030 A0: Capabilities={Initiator}
[    5.595595] scsi host2: ioc0: LSI53C1030 A0, FwRev=00000000h, Ports=1, MaxQ=256, IRQ=20
[    6.088367] scsi 2:0:0:0: Direct-Access     VBOX     HARDDISK         1.0  PQ: 0 ANSI: 5
[    6.346991] scsi target2:0:0: Beginning Domain Validation
[    6.348882] scsi target2:0:0: Domain Validation skipping write tests
[    6.354460] scsi target2:0:0: Ending Domain Validation
[    6.355185] scsi target2:0:0: asynchronous
[    6.497281] scsi 2:0:1:0: Direct-Access     VBOX     HARDDISK         1.0  PQ: 0 ANSI: 5
[    6.847110] scsi target2:0:1: Beginning Domain Validation
[    6.849140] scsi target2:0:1: Domain Validation skipping write tests
[    6.850186] scsi target2:0:1: Ending Domain Validation
[    6.850943] scsi target2:0:1: asynchronous
[    6.855798] sd 2:0:0:0: Attached scsi generic sg0 type 0
[    6.856603] sd 2:0:0:0: [sda] 20971520 512-byte logical blocks: (10.7 GB/10.0 GiB)
[    6.858056] sd 2:0:1:0: Attached scsi generic sg1 type 0
[    6.858774] sd 2:0:1:0: [sdb] 20480 512-byte logical blocks: (10.5 MB/10.0 MiB)
[    6.860064] sd 2:0:1:0: [sdb] Write Protect is off
[    6.860731] sd 2:0:0:0: [sda] Write Protect is off
[    6.861465] sd 2:0:1:0: [sdb] Incomplete mode parameter data
[    6.862197] sd 2:0:1:0: [sdb] Assuming drive cache: write through
[    6.863025] sd 2:0:0:0: [sda] Incomplete mode parameter data
[    6.863739] sd 2:0:0:0: [sda] Assuming drive cache: write through
[    6.881112]  sda: sda1
[    7.128153] sd 2:0:1:0: [sdb] Attached SCSI disk
[    7.134844] sd 2:0:0:0: [sda] Attached SCSI disk
[    7.409199] floppy0: no floppy controllers found
Begin: Loading e[    8.743476] md: linear personality registered for level -1
ssential drivers ... [    9.059481] md: multipath personality registered for level -4
[    9.063543] md: raid0 personality registered for level 0
[    9.067558] md: raid1 personality registered for level 1
[    9.388872] raid6: sse2x1   gen() 10732 MB/s
[    9.606704] raid6: sse2x1   xor()  8712 MB/s
[    9.706683] raid6: sse2x2   gen() 12459 MB/s
[    9.792968] raid6: sse2x2   xor()  9011 MB/s
[    9.886738] raid6: sse2x4   gen() 15432 MB/s
[   10.006766] raid6: sse2x4   xor() 10686 MB/s
[   10.027407] raid6: using algorithm sse2x4 gen() 15432 MB/s
[   10.028263] raid6: .... xor() 10686 MB/s, rmw enabled
[   10.029004] raid6: using ssse3x2 recovery algorithm
[   10.038398] xor: automatically using best checksumming function:
[   10.099738]    avx       : 21357.000 MB/sec
[   10.108477] async_tx: api initialized (async)
[   10.117644] md: raid6 personality registered for level 6
[   10.267141] md: raid5 personality registered for level 5
[   10.377362] md: raid4 personality registered for level 4
[   10.382854] md: raid10 personality registered for level 10
done.
Begin: Running /scripts/init-premount ... done.
Begin: Mounting root file system ... Begi[   10.422568] Btrfs loaded
n: Running /scripts/local-top ... done.
Begin: Running /scripts/local-premount ... Scanning for Btrfs filesystems
done.
Warning: fsck not present, so skipping root file system
[   10.617914] EXT4-fs (sda1): mounted filesystem with ordered data mode. Opts: (null)
done.
Begin: Running /scripts/local-bottom ... done.
Begin: Running /scripts/init-bottom ... done.
[   11.322164] systemd[1]: systemd 229 running in system mode. (+PAM +AUDIT +SELINUX +IMA +APPARMOR +SMACK +SYSVINIT +UTMP +LIBCRYPTSETUP +GCRYPT +GNUTLS +ACL +XZ -LZ4 +SECCOMP +BLKID +ELFUTILS +KMOD -IDN)
[   11.344234] systemd[1]: Detected virtualization oracle.
[   11.411929] systemd[1]: Detected architecture x86-64.

Welcome to [1mUbuntu 16.04.2 LTS[0m!

[   11.461293] systemd[1]: Set hostname to <ubuntu-xenial>.
[   11.736117] random: nonblocking pool is initialized
[   12.449067] systemd[1]: Reached target Swap.
[[0;32m  OK  [0m] Reached target Swap.
[   12.584116] systemd[1]: Listening on /dev/initctl Compatibility Named Pipe.
[[0;32m  OK  [0m] Listening on /dev/initctl Compatibility Named Pipe.
[   12.700377] systemd[1]: Listening on Journal Socket.
[[0;32m  OK  [0m] Listening on Journal Socket.
[   12.701994] systemd[1]: Listening on Syslog Socket.
[[0;32m  OK  [0m] Listening on Syslog Socket.
[   12.703392] systemd[1]: Listening on Journal Socket (/dev/log).
[[0;32m  OK  [0m] Listening on Journal Socket (/dev/log).
[   12.705029] systemd[1]: Set up automount Arbitrary Executable File Formats File System Automount Point.
[[0;32m  OK  [0m] Set up automount Arbitrary Executab...ats File System Automount Point.
[   12.707316] systemd[1]: Started Forward Password Requests to Wall Directory Watch.
[[0;32m  OK  [0m] Started Forward Password Requests to Wall Directory Watch.
[   12.712220] systemd[1]: Created slice User and Session Slice.
[[0;32m  OK  [0m] Created slice User and Session Slice.
[   12.777445] systemd[1]: Listening on udev Kernel Socket.
[[0;32m  OK  [0m] Listening on udev Kernel Socket.
[   12.828070] systemd[1]: Listening on Journal Audit Socket.
[[0;32m  OK  [0m] Listening on Journal Audit Socket.
[   13.024113] systemd[1]: Listening on udev Control Socket.
[[0;32m  OK  [0m] Listening on udev Control Socket.
[   13.212071] systemd[1]: Listening on LVM2 metadata daemon socket.
[[0;32m  OK  [0m] Listening on LVM2 metadata daemon socket.
[   13.391469] systemd[1]: Listening on Device-mapper event daemon FIFOs.
[[0;32m  OK  [0m] Listening on Device-mapper event daemon FIFOs.
[   13.394885] systemd[1]: Reached target Encrypted Volumes.
[[0;32m  OK  [0m] Reached target Encrypted Volumes.
[   13.396557] systemd[1]: Listening on LVM2 poll daemon socket.
[[0;32m  OK  [0m] Listening on LVM2 poll daemon socket.
[   13.398491] systemd[1]: Created slice System Slice.
[[0;32m  OK  [0m] Created slice System Slice.
[   13.411827] systemd[1]: Mounting POSIX Message Queue File System...
         Mounting POSIX Message Queue File System...
[   13.416892] systemd[1]: Mounting Huge Pages File System...
         Mounting Huge Pages File System...
[   13.421339] systemd[1]: Starting Create list of required static device nodes for the current kernel...
         Starting Create list of required st... nodes for the current kernel...
[   13.439902] systemd[1]: Starting Monitoring of LVM2 mirrors, snapshots etc. using dmeventd or progress polling...
         Starting Monitoring of LVM2 mirrors... dmeventd or progress polling...
[   13.445117] systemd[1]: Starting Journal Service...
         Starting Journal Service...
[   13.452707] systemd[1]: Starting Set console keymap...
         Starting Set console keymap...
[   13.456735] systemd[1]: Mounting Debug File System...
         Mounting Debug File System...
[   13.464184] systemd[1]: Starting Remount Root and Kernel File Systems...
         Starting Remount Root and Kernel File Systems...
[   13.476519] systemd[1]: Reached target Slices.
[[0;32m  OK  [0m] Reached target Slices.
[   13.592068] systemd[1]: Starting Load Kernel Modules...
         Starting Load Kernel Modules...
[   13.600494] systemd[1]: Created slice system-serial\x2dgetty.slice.
[[0;32m  OK  [0m] Created slice system-serial\x2dgetty.slice.
[   13.669414] systemd[1]: Reached target User and Group Name Lookups.
[[0;32m  OK  [0m] Reached target User and Group Name Lookups.
[   13.868225] systemd[1]: Starting Uncomplicated firewall...
         Starting Uncomplicated firewall.[   14.015813] EXT4-fs (sda1): re-mounted. Opts: (null)
..
[   14.183962] systemd[1]: Starting Nameserver information manager...
         [   14.337805] Loading iSCSI transport class v2.0-870.
Starting Nameserver information manager...
[   14.651324] iscsi: registered transport (tcp)
[   14.832725] systemd[1]: Mounted Debug File System.
[[0;32m  OK  [0m] Mounted Debug File System.
[   14.839702] systemd[1]: Mounted POSIX Message Queue File System.
[[0;32m  OK  [0m] Mounted POSIX Message Queue File System.
[   14.896076] systemd[1]: Mounted Huge Pages File System.
[[0;32m  OK  [0[   15.030657] iscsi: registered transport (iser)
m] Mounted Huge Pages File System.
[   15.258437] systemd[1]: Started Journal Service.
[[0;32m  OK  [0m] Started Journal Service.
[[0;32m  OK  [0m] Started Create list of required sta...ce nodes for the current kernel.
[[0;32m  OK  [0m] Started Set console keymap.
[[0;32m  OK  [0m] Started Remount Root and Kernel File Systems.
[[0;32m  OK  [0m] Started Load Kernel Modules.
[[0;32m  OK  [0m] Started Uncomplicated firewall.
[[0;32m  OK  [0m] Started LVM2 metadata daemon.
         Mounting FUSE Control File System...
         Starting Apply Kernel Variables...
         Starting udev Coldplug all Devices...
         Starting Initial cloud-init job (pre-networking)...
         Starting Load/Save Random Seed...
         Starting Create Static Device Nodes in /dev...
         Starting Flush Journal to Persistent Storage...
[[0;32m  OK  [0m] Mounted FUSE Control File System.
[[0;32m  OK  [0m] Started Nameserver information manager.
[[0;32m  OK  [0m] Started Apply Kernel Variables.
[[0;32m  OK  [0m] Started Load/Save Random Seed.
[[0;32m  OK  [0m] Started udev Coldplug all Devices.
[[0;32m  OK  [0m] Started Flush Journal to Persistent Storage.
[[0;32m  OK  [0m] Started Create Static Device Nodes in /dev.
         Starting udev Kernel Device Manager...
[[0;32m  OK  [0m] Started Monitoring of LVM2 mirrors,...ng dmeventd or progress polling.
[[0;32m  OK  [0m] Started udev Kernel Device Manager.
[[0;32m  OK  [0m] Reached target Local File Systems (Pre).
[[0;32m  OK  [0m] Reached target Local File Systems.
         Starting Set console font and keymap...
         Starting Create Volatile Files and Directories...
         Starting Tell Plymouth To Write Out Runtime Data...
         Starting LSB: AppArmor initialization...
[[0;32m  OK  [0m] Started Dispatch Password Requests to Console Directory Watch.
[[0;32m  OK  [0m] Started Tell Plymouth To Write Out Runtime Data.
[[0;32m  OK  [0m] Started Create Volatile Files and Directories.
         Starting Update UTMP about System Boot/Shutdown...
[[0;32m  OK  [0m] Reached target System Time Synchronized.
[[0;32m  OK  [0m] Found device /dev/ttyS0.
[[0;32m  OK  [0m] Started Update UTMP about System Boot/Shutdown.
[[0;32m  OK  [0m] Started Set console font and keymap.
[[0;32m  OK  [0m] Created slice system-getty.slice.
[[0;32m  OK  [0m] Found device 82540EM Gigabit Ethern...r (PRO/1000 MT Desktop Adapter).
[[0;32m  OK  [0m] Found device 82540EM Gigabit Ethern...r (PRO/1000 MT Desktop Adapter).
[[0;32m  OK  [0m] Started LSB: AppArmor initialization.
[[0;32m  OK  [0m] Listening on Load/Save RF Kill Switch Status /dev/rfkill Watch.
[   19.951468] cloud-init[466]: Cloud-init v. 0.7.9 running 'init-local' at Sun, 30 Apr 2017 08:05:23 +0000. Up 19.38 seconds.
[[0;32m  OK  [0m] Started Initial cloud-init job (pre-networking).
[[0;32m  OK  [0m] Reached target Network (Pre).
         Starting Raise network interfaces...
[[0;32m  OK  [0m] Started ifup for enp0s8.
[[0;32m  OK  [0m] Started ifup for enp0s3.
[[0;32m  OK  [0m] Started Raise network interfaces.
[[0;32m  OK  [0m] Reached target Network.
         Starting Initial cloud-init job (metadata service crawler)...
[   21.556160] cloud-init[1164]: Cloud-init v. 0.7.9 running 'init' at Sun, 30 Apr 2017 08:05:24 +0000. Up 20.70 seconds.
[   21.629331] [[0;32m  OK  [0m] Started Initial cloud-init job (metadata service crawler).
cloud-init[1164]: ci-info: ++++++++++++++++++++++++++++++++++++++Net device info++++++++++++++++++++++++++++++++++++++[[0;32m  OK  [0m] Reached target Cloud-config availability.
[[0;32m  OK  [0m] Reached target Network is Online.

[   21.640301] cloud-init[1164]: ci-info: +--------+------+-----------------------------+---------------+-------+-------------------+
[   21.716294]          cloud-initStarting iSCSI initiator daemon (iscsid)...[1164]: 
ci-info: | Device |  Up  |           Address           |      Mask     | Scope |     Hw-Address    |
[   21.856525] [cloud-init[0;32m  OK  [0m[1164]: ] ci-info: +--------+------+-----------------------------+---------------+-------+-------------------+Reached target System Initialization.

[   21.856929] [cloud-init[0;32m  OK  [0m[1164]: ] ci-info: | enp0s3 | True |          10.0.2.15          | 255.255.255.0 |   .   | 02:43:fc:58:af:9d |Listening on ACPID Listen Socket.

[   21.921863] cloud-init[1164]: ci-info: | enp0s3 | True |  fe80::43:fcff:fe58:af9d/64 |       .       |  link | 02:43:fc:58:af:9d |
[   21.923227] cloud-init[1164]: ci-info: | enp0s8 | True |         192.168.1.2         | 255.255.255.0 |   .   | 08:00:27:3e:d1:d0 |
[   21.976320] [cloud-init[0;32m  OK  [0m[1164]: ] ci-info: | enp0s8 | True | fe80::a00:27ff:fe3e:d1d0/64 |       .       |  link | 08:00:27:3e:d1:d0 |Started Timer to automatically refresh installed snaps.

[[0;32m  OK  [0m] Started Daily Cleanup of Temporary Directories.
[   21.976687] cloud-init[1164]: ci-info: |   lo   | True |          127.0.0.1          |   255.0.0.0   |   .   |         .         |
[   22.041419] cloud-init[1164]: ci-info: |   lo   | True |           ::1/128           |       .       |  host |         .         |
[   22.044026] cloud-init[1164]: ci-info: +--------+------+-----------------------------+---------------+-------+-------------------+
[   22.048877] cloud-init[1164]: ci-info: +++++++++++++++++++++++++++Route IPv4 info++++++++++++++++++++++++++++
[   22.128302]          cloud-initStarting LXD - unix socket.[1164]: 
ci-info: +-------+-------------+----------+---------------+-----------+-------+
[   22.148762] [cloud-init[0;32m  OK  [0m[1164]: ] ci-info: | Route | Destination | Gateway  |    Genmask    | Interface | Flags |Started ACPI Events Check.

[   22.149262]          Starting Socket activation for snappy daemon.
[[0;32m  OK  [0m] Listening on UUID daemon activation socket.
[[0;32m  OK  [0m] Listening on D-Bus System Message Bus Socket.
[[0;32m  OK  [0m] Started Trigger resolvconf update for networkd DNS.
[[0;32m  OK  [0m] Reached target Paths.
[[0;32m  OK  [0m] Started Daily apt activities.
[[0;32m  OK  [0m] Reached target Timers.
cloud-init[1164]: ci-info: +-------+-------------+----------+---------------+-----------+-------+
[   22.162632] cloud-init[1164]: ci-info: |   0   |   0.0.0.0   | 10.0.2.2 |    0.0.0.0    |   enp0s3  |   UG  |
[   22.164066] [[0;32m  OK  [0m] Listening on LXD - unix socket.
[[0;32m  OK  [0m] Listening on Socket activation for snappy daemon.
cloud-init[1164]: ci-info: |   1   |   10.0.2.0  | 0.0.0.0  | 255.255.255.0 |   enp0s3  |   U   |
[   22.167091] cloud-init[1164]: ci-info: |   2   | 192.168.1.0 | 0.0.0.0  | 255.255.255.0 |   enp0s8  |   U   |
[   22.169799] cloud-init[1164]: ci-info: +-------+-------------+----------+---------------+-----------+-------+[[0;32m  OK  [0m] Reached target Sockets.
[[0;32m  OK  [0m] Reached target Basic System.

         Starting Accounts Service...
[[0;32m  OK  [0m] Started D-Bus System Message Bus.
         Starting Login Service...
[[0;32m  OK  [0m] Started FUSE filesystem for LXC.
[[0;32m  OK  [0m] Started Regular background program processing daemon.
         Starting System Logging Service...
         Starting LSB: MD monitoring daemon...
         Starting /etc/rc.local Compatibility...
[[0;32m  OK  [0m] Started Deferred execution scheduler.
[[0;32m  OK  [0m] Started Snappy daemon.
         Starting Apply the settings specified in cloud-config...
[[0;32m  OK  [0m] Started ACPI event daemon.
         Starting Auto import assertions from block devices...
         Starting OpenBSD Secure Shell server...
         Starting LXD - container startup/shutdown...
         Starting LSB: Record successful boot for GRUB...
         Starting A high performance web server and a reverse proxy server...
[[0;32m  OK  [0m] Started System Logging Service.
[[0;32m  OK  [0m] Started iSCSI initiator daemon (iscsid).
[[0;32m  OK  [0m] Started /etc/rc.local Compatibility.
[[0;32m  OK  [0m] Started Auto import assertions from block devices.
[[0;32m  OK  [0m] Started Login Service.
         Starting Authenticate and Authorize Users to Run Privileged Tasks...
         Starting Login to default iSCSI targets...
[   23.583519] cloud-init[1253]: Cloud-init v. 0.7.9 running 'modules:config' at Sun, 30 Apr 2017 08:05:27 +0000. Up 23.33 seconds.
[[0;32m  OK  [0m] Started Apply the settings specified in cloud-config.
[[0;32m  OK  [0m] Started LSB: MD monitoring daemon.
[[0;32m  OK  [0m] Started LSB: Record successful boot for GRUB.
[[0;32m  OK  [0m] Started Login to default iSCSI targets.
[[0;32m  OK  [0m] Reached target Remote File Systems (Pre).
[[0;32m  OK  [0m] Reached target Remote File Systems.
         Starting LSB: VirtualBox Linux Additions...
         Starting LSB: daemon to balance interrupts for SMP systems...
         Starting LSB: automatic crash report generation...
         Starting LSB: Set the CPU Frequency Scaling governor to "ondemand"...
         Starting Permit User Sessions...
[[0;32m  OK  [0m] Started LSB: Set the CPU Frequency Scaling governor to "ondemand".
[[0;32m  OK  [0m] Started Permit User Sessions.
         Starting Hold until boot process finishes up...
         Starting Terminate Plymouth Boot Screen...
[[0;32m  OK  [0m] Started Hold until boot process finishes up.
[[0;32m  OK  [0m] Started Serial Getty on ttyS0.
[[0;32m  OK  [0m] Started Getty on tty1.
[[0;32m  OK  [0m] Reached target Login Prompts.
         Starting Set console scheme...
[[0;32m  OK  [0m] Started Terminate Plymouth Boot Screen.
[[0;32m  OK  [0m] Started Set console scheme.
[[0;32m  OK  [0m] Started LSB: daemon to balance interrupts for SMP systems.
[[0;32m  OK  [0m] Started LSB: automatic crash report generation.
[[0;32m  OK  [0m] Started OpenBSD Secure Shell server.
[[0;32m  OK  [0m] Started Authenticate and Authorize Users to Run Privileged Tasks.
[[0;32m  OK  [0m] Started Accounts Service.
[[0;32m  OK  [0m] Started LSB: VirtualBox Linux Additions.
[[0;32m  OK  [0m] Started A high performance web server and a reverse proxy server.
[[0;32m  OK  [0m] Started LXD - container startup/shutdown.
[[0;32m  OK  [0m] Reached target Multi-User System.
[[0;32m  OK  [0m] Reached target Graphical Interface.
         Starting Update UTMP about System Runlevel Changes...
         Starting Execute cloud user/final scripts...
[[0;32m  OK  [0m] Started Update UTMP about System Runlevel Changes.
[[0;32m  OK  [0m] Created slice User Slice of ubuntu.
         Starting User Manager for UID 1000...
[[0;32m  OK  [0m] Started Session 1 of user ubuntu.
[[0;32m  OK  [0m] Started User Manager for UID 1000.
[   26.657048] cloud-init[1408]: Cloud-init v. 0.7.9 running 'modules:final' at Sun, 30 Apr 2017 08:05:30 +0000. Up 26.47 seconds.
[   26.668348] cloud-init[1408]: Cloud-init v. 0.7.9 finished at Sun, 30 Apr 2017 08:05:30 +0000. Datasource DataSourceNoCloud [seed=/dev/sdb][dsmode=net].  Up 26.65 seconds
[[0;32m  OK  [0m] Started Execute cloud user/final scripts.
[[0;32m  OK  [0m] Reached target Cloud-init target.

Ubuntu 16.04.2 LTS ubuntu-xenial ttyS0

ubuntu-xenial login: 