[    0.000000] Initializing cgroup subsys cpuset
[    0.000000] Initializing cgroup subsys cpu
[    0.000000] Initializing cgroup subsys cpuacct
[    0.000000] Linux version 4.4.0-66-generic (buildd@lgw01-28) (gcc version 5.4.0 20160609 (Ubuntu 5.4.0-6ubuntu1~16.04.4) ) #87-Ubuntu SMP Fri Mar 3 15:29:05 UTC 2017 (Ubuntu 4.4.0-66.87-generic 4.4.44)
[    0.000000] Command line: BOOT_IMAGE=/boot/vmlinuz-4.4.0-66-generic root=LABEL=cloudimg-rootfs ro console=tty1 console=ttyS0
[    0.000000] KERNEL supported cpus:
[    0.000000]   Intel GenuineIntel
[    0.000000]   AMD AuthenticAMD
[    0.000000]   Centaur CentaurHauls
[    0.000000] x86/fpu: xstate_offset[2]:  576, xstate_sizes[2]:  256
[    0.000000] x86/fpu: Supporting XSAVE feature 0x01: 'x87 floating point registers'
[    0.000000] x86/fpu: Supporting XSAVE feature 0x02: 'SSE registers'
[    0.000000] x86/fpu: Supporting XSAVE feature 0x04: 'AVX registers'
[    0.000000] x86/fpu: Enabled xstate features 0x7, context size is 832 bytes, using 'standard' format.
[    0.000000] x86/fpu: Using 'lazy' FPU context switches.
[    0.000000] e820: BIOS-provided physical RAM map:
[    0.000000] BIOS-e820: [mem 0x0000000000000000-0x000000000009fbff] usable
[    0.000000] BIOS-e820: [mem 0x000000000009fc00-0x000000000009ffff] reserved
[    0.000000] BIOS-e820: [mem 0x00000000000f0000-0x00000000000fffff] reserved
[    0.000000] BIOS-e820: [mem 0x0000000000100000-0x000000003ffeffff] usable
[    0.000000] BIOS-e820: [mem 0x000000003fff0000-0x000000003fffffff] ACPI data
[    0.000000] BIOS-e820: [mem 0x00000000fec00000-0x00000000fec00fff] reserved
[    0.000000] BIOS-e820: [mem 0x00000000fee00000-0x00000000fee00fff] reserved
[    0.000000] BIOS-e820: [mem 0x00000000fffc0000-0x00000000ffffffff] reserved
[    0.000000] NX (Execute Disable) protection: active
[    0.000000] SMBIOS 2.5 present.
[    0.000000] Hypervisor detected: KVM
[    0.000000] e820: last_pfn = 0x3fff0 max_arch_pfn = 0x400000000
[    0.000000] MTRR: Disabled
[    0.000000] x86/PAT: MTRRs disabled, skipping PAT initialization too.
[    0.000000] x86/PAT: Configuration [0-7]: WB  WT  UC- UC  WB  WT  UC- UC  
[    0.000000] CPU MTRRs all blank - virtualized system.
[    0.000000] found SMP MP-table at [mem 0x0009fff0-0x0009ffff] mapped at [ffff88000009fff0]
[    0.000000] Scanning 1 areas for low memory corruption
[    0.000000] RAMDISK: [mem 0x36ac8000-0x3755bfff]
[    0.000000] ACPI: Early table checksum verification disabled
[    0.000000] ACPI: RSDP 0x00000000000E0000 000024 (v02 VBOX  )
[    0.000000] ACPI: XSDT 0x000000003FFF0030 00003C (v01 VBOX   VBOXXSDT 00000001 ASL  00000061)
[    0.000000] ACPI: FACP 0x000000003FFF00F0 0000F4 (v04 VBOX   VBOXFACP 00000001 ASL  00000061)
[    0.000000] ACPI: DSDT 0x000000003FFF0470 00210F (v01 VBOX   VBOXBIOS 00000002 INTL 20160108)
[    0.000000] ACPI: FACS 0x000000003FFF0200 000040
[    0.000000] ACPI: FACS 0x000000003FFF0200 000040
[    0.000000] ACPI: APIC 0x000000003FFF0240 00005C (v02 VBOX   VBOXAPIC 00000001 ASL  00000061)
[    0.000000] ACPI: SSDT 0x000000003FFF02A0 0001CC (v01 VBOX   VBOXCPUT 00000002 INTL 20160108)
[    0.000000] No NUMA configuration found
[    0.000000] Faking a node at [mem 0x0000000000000000-0x000000003ffeffff]
[    0.000000] NODE_DATA(0) allocated [mem 0x3ffeb000-0x3ffeffff]
[    0.000000] kvm-clock: Using msrs 4b564d01 and 4b564d00
[    0.000000] kvm-clock: cpu 0, msr 0:3ffe3001, primary cpu clock
[    0.000000] kvm-clock: using sched offset of 3422176347 cycles
[    0.000000] clocksource: kvm-clock: mask: 0xffffffffffffffff max_cycles: 0x1cd42e4dffb, max_idle_ns: 881590591483 ns
[    0.000000] Zone ranges:
[    0.000000]   DMA      [mem 0x0000000000001000-0x0000000000ffffff]
[    0.000000]   DMA32    [mem 0x0000000001000000-0x000000003ffeffff]
[    0.000000]   Normal   empty
[    0.000000]   Device   empty
[    0.000000] Movable zone start for each node
[    0.000000] Early memory node ranges
[    0.000000]   node   0: [mem 0x0000000000001000-0x000000000009efff]
[    0.000000]   node   0: [mem 0x0000000000100000-0x000000003ffeffff]
[    0.000000] Initmem setup node 0 [mem 0x0000000000001000-0x000000003ffeffff]
[    0.000000] ACPI: PM-Timer IO Port: 0x4008
[    0.000000] IOAPIC[0]: apic_id 2, version 32, address 0xfec00000, GSI 0-23
[    0.000000] ACPI: INT_SRC_OVR (bus 0 bus_irq 0 global_irq 2 dfl dfl)
[    0.000000] ACPI: INT_SRC_OVR (bus 0 bus_irq 9 global_irq 9 high level)
[    0.000000] Using ACPI (MADT) for SMP configuration information
[    0.000000] smpboot: Allowing 2 CPUs, 0 hotplug CPUs
[    0.000000] PM: Registered nosave memory: [mem 0x00000000-0x00000fff]
[    0.000000] PM: Registered nosave memory: [mem 0x0009f000-0x0009ffff]
[    0.000000] PM: Registered nosave memory: [mem 0x000a0000-0x000effff]
[    0.000000] PM: Registered nosave memory: [mem 0x000f0000-0x000fffff]
[    0.000000] e820: [mem 0x40000000-0xfebfffff] available for PCI devices
[    0.000000] Booting paravirtualized kernel on KVM
[    0.000000] clocksource: refined-jiffies: mask: 0xffffffff max_cycles: 0xffffffff, max_idle_ns: 7645519600211568 ns
[    0.000000] setup_percpu: NR_CPUS:512 nr_cpumask_bits:512 nr_cpu_ids:2 nr_node_ids:1
[    0.000000] PERCPU: Embedded 33 pages/cpu @ffff88003fc00000 s98264 r8192 d28712 u1048576
[    0.000000] PV qspinlock hash table entries: 256 (order: 0, 4096 bytes)
[    0.000000] Built 1 zonelists in Node order, mobility grouping on.  Total pages: 257913
[    0.000000] Policy zone: DMA32
[    0.000000] Kernel command line: BOOT_IMAGE=/boot/vmlinuz-4.4.0-66-generic root=LABEL=cloudimg-rootfs ro console=tty1 console=ttyS0
[    0.000000] PID hash table entries: 4096 (order: 3, 32768 bytes)
[    0.000000] Memory: 1001744K/1048120K available (8452K kernel code, 1293K rwdata, 3980K rodata, 1488K init, 1316K bss, 46376K reserved, 0K cma-reserved)
[    0.000000] SLUB: HWalign=64, Order=0-3, MinObjects=0, CPUs=2, Nodes=1
[    0.000000] Hierarchical RCU implementation.
[    0.000000] 	Build-time adjustment of leaf fanout to 64.
[    0.000000] 	RCU restricting CPUs from NR_CPUS=512 to nr_cpu_ids=2.
[    0.000000] RCU: Adjusting geometry for rcu_fanout_leaf=64, nr_cpu_ids=2
[    0.000000] NR_IRQS:33024 nr_irqs:440 16
[    0.000000] Console: colour VGA+ 80x25
[    0.000000] console [tty1] enabled
[    0.000000] console [ttyS0] enabled
[    0.000000] tsc: Detected 2194.918 MHz processor
[    1.742274] Calibrating delay loop (skipped) preset value.. 4389.83 BogoMIPS (lpj=8779672)
[    1.744013] pid_max: default: 32768 minimum: 301
[    1.744951] ACPI: Core revision 20150930
[    1.747112] ACPI: 2 ACPI AML tables successfully acquired and loaded
[    1.753825] Security Framework initialized
[    1.754703] Yama: becoming mindful.
[    1.755492] AppArmor: AppArmor initialized
[    1.756435] Dentry cache hash table entries: 131072 (order: 8, 1048576 bytes)
[    1.757940] Inode-cache hash table entries: 65536 (order: 7, 524288 bytes)
[    1.839623] Mount-cache hash table entries: 2048 (order: 2, 16384 bytes)
[    1.928881] Mountpoint-cache hash table entries: 2048 (order: 2, 16384 bytes)
[    1.930159] Initializing cgroup subsys io
[    1.930902] Initializing cgroup subsys memory
[    1.931681] Initializing cgroup subsys devices
[    1.932466] Initializing cgroup subsys freezer
[    1.948896] Initializing cgroup subsys net_cls
[    1.979231] Initializing cgroup subsys perf_event
[    2.059130] Initializing cgroup subsys net_prio
[    2.113465] Initializing cgroup subsys hugetlb
[    2.195743] Initializing cgroup subsys pids
[    2.219979] CPU: Physical Processor ID: 0
[    2.226212] CPU: Processor Core ID: 0
[    2.227996] mce: CPU supports 0 MCE banks
[    2.228982] Last level iTLB entries: 4KB 64, 2MB 8, 4MB 8
[    2.327734] Last level dTLB entries: 4KB 64, 2MB 0, 4MB 0, 1GB 4
[    2.345603] Freeing SMP alternatives memory: 32K (ffffffff820b9000 - ffffffff820c1000)
[    2.355398] ftrace: allocating 32123 entries in 126 pages
[    2.454737] smpboot: APIC(0) Converting physical 0 to logical package 0
[    2.520527] smpboot: Max logical packages: 1
[    2.529357] x2apic enabled
[    2.573015] Switched APIC routing to physical x2apic.
[    2.657062] ..TIMER: vector=0x30 apic1=0 pin1=2 apic2=-1 pin2=-1
[    2.869662] smpboot: CPU0: Intel(R) Core(TM) i5-5200U CPU @ 2.20GHz (family: 0x6, model: 0x3d, stepping: 0x4)
[    2.992677] Performance Events: unsupported p6 CPU model 61 no PMU driver, software events only.
[    3.095383] KVM setup paravirtual spinlock
[    3.097601] x86: Booting SMP configuration:
[    3.098804] .... node  #0, CPUs:      #1
[    3.099966] kvm-clock: cpu 1, msr 0:3ffe3041, secondary cpu clock
[    3.126943] mce: CPU supports 0 MCE banks
[    3.130905] x86: Booted up 1 node, 2 CPUs
[    3.133118] smpboot: Total of 2 processors activated (8779.67 BogoMIPS)
[    3.140170] devtmpfs: initialized
[    3.161473] evm: security.selinux
[    3.182242] evm: security.SMACK64
[    3.214422] evm: security.SMACK64EXEC
[    3.284022] evm: security.SMACK64TRANSMUTE
[    3.368722] evm: security.SMACK64MMAP
[    3.389732] evm: security.ima
[    3.395971] evm: security.capability
[    3.451748] clocksource: jiffies: mask: 0xffffffff max_cycles: 0xffffffff, max_idle_ns: 7645041785100000 ns
[    3.559243] pinctrl core: initialized pinctrl subsystem
[    3.634507] RTC time: 18:08:43, date: 03/08/17
[    3.704346] NET: Registered protocol family 16
[    3.749695] cpuidle: using governor ladder
[    3.858227] cpuidle: using governor menu
[    3.898138] PCCT header not found.
[    3.919988] ACPI: bus type PCI registered
[    3.941209] acpiphp: ACPI Hot Plug PCI Controller Driver version: 0.5
[    3.959217] PCI: Using configuration type 1 for base access
[    3.975081] ACPI: Added _OSI(Module Device)
[    3.989953] ACPI: Added _OSI(Processor Device)
[    4.004015] ACPI: Added _OSI(3.0 _SCP Extensions)
[    4.004964] ACPI: Added _OSI(Processor Aggregator Device)
[    4.006725] ACPI: Executed 1 blocks of module-level executable AML code
[    4.011094] ACPI: Interpreter enabled
[    4.016103] ACPI: (supports S0 S5)
[    4.016863] ACPI: Using IOAPIC for interrupt routing
[    4.018036] PCI: Using host bridge windows from ACPI; if necessary, use "pci=nocrs" and report a bug
[    4.030633] ACPI: PCI Root Bridge [PCI0] (domain 0000 [bus 00-ff])
[    4.107554] acpi PNP0A03:00: _OSC: OS supports [ASPM ClockPM Segments MSI]
[    4.158720] acpi PNP0A03:00: _OSC failed (AE_NOT_FOUND); disabling ASPM
[    4.176839] acpi PNP0A03:00: fail to add MMCONFIG information, can't access extended PCI configuration space under this bridge.
[    4.251595] PCI host bridge to bus 0000:00
[    4.254940] pci_bus 0000:00: root bus resource [io  0x0000-0x0cf7 window]
[    4.259142] pci_bus 0000:00: root bus resource [io  0x0d00-0xffff window]
[    4.311629] pci_bus 0000:00: root bus resource [mem 0x000a0000-0x000bffff window]
[    4.388050] pci_bus 0000:00: root bus resource [mem 0x40000000-0xffdfffff window]
[    4.485394] pci_bus 0000:00: root bus resource [bus 00-ff]
[    4.588278] pci 0000:00:01.1: legacy IDE quirk: reg 0x10: [io  0x01f0-0x01f7]
[    4.683657] pci 0000:00:01.1: legacy IDE quirk: reg 0x14: [io  0x03f6]
[    4.728746] pci 0000:00:01.1: legacy IDE quirk: reg 0x18: [io  0x0170-0x0177]
[    4.730053] pci 0000:00:01.1: legacy IDE quirk: reg 0x1c: [io  0x0376]
[    4.755108] pci 0000:00:07.0: quirk: [io  0x4000-0x403f] claimed by PIIX4 ACPI
[    4.779253] pci 0000:00:07.0: quirk: [io  0x4100-0x410f] claimed by PIIX4 SMB
[    4.845435] ACPI: PCI Interrupt Link [LNKA] (IRQs 5 9 10 *11)
[    4.892338] ACPI: PCI Interrupt Link [LNKB] (IRQs 5 9 10 *11)
[    4.965151] ACPI: PCI Interrupt Link [LNKC] (IRQs 5 9 *10 11)
[    5.058656] ACPI: PCI Interrupt Link [LNKD] (IRQs 5 *9 10 11)
[    5.137315] ACPI: Enabled 2 GPEs in block 00 to 07
[    5.150154] vgaarb: setting as boot device: PCI:0000:00:02.0
[    5.161242] vgaarb: device added: PCI:0000:00:02.0,decodes=io+mem,owns=io+mem,locks=none
[    5.172534] vgaarb: loaded
[    5.173118] vgaarb: bridge control possible 0000:00:02.0
[    5.174317] SCSI subsystem initialized
[    5.175162] ACPI: bus type USB registered
[    5.201636] usbcore: registered new interface driver usbfs
[    5.255995] usbcore: registered new interface driver hub
[    5.318810] usbcore: registered new device driver usb
[    5.338663] PCI: Using ACPI for IRQ routing
[    5.378642] NetLabel: Initializing
[    5.379402] NetLabel:  domain hash size = 128
[    5.380292] NetLabel:  protocols = UNLABELED CIPSOv4
[    5.381284] NetLabel:  unlabeled traffic allowed by default
[    5.382488] amd_nb: Cannot enumerate AMD northbridges
[    5.393828] clocksource: Switched to clocksource kvm-clock
[    5.404271] AppArmor: AppArmor Filesystem Enabled
[    5.492702] pnp: PnP ACPI init
[    5.558851] pnp: PnP ACPI: found 3 devices
[    5.576822] clocksource: acpi_pm: mask: 0xffffff max_cycles: 0xffffff, max_idle_ns: 2085701024 ns
[    5.579721] NET: Registered protocol family 2
[    5.589027] TCP established hash table entries: 8192 (order: 4, 65536 bytes)
[    5.599287] TCP bind hash table entries: 8192 (order: 5, 131072 bytes)
[    5.600521] TCP: Hash tables configured (established 8192 bind 8192)
[    5.609272] UDP hash table entries: 512 (order: 2, 16384 bytes)
[    5.610432] UDP-Lite hash table entries: 512 (order: 2, 16384 bytes)
[    5.620658] NET: Registered protocol family 1
[    5.621571] pci 0000:00:00.0: Limiting direct PCI/PCI transfers
[    5.623930] pci 0000:00:01.0: Activating ISA DMA hang workarounds
[    5.660039] Trying to unpack rootfs image as initramfs...
[    7.514740] Freeing initrd memory: 10832K (ffff880036ac8000 - ffff88003755c000)
[    7.524304] RAPL PMU detected, API unit is 2^-32 Joules, 4 fixed counters 10737418240 ms ovfl timer
[    7.525832] hw unit of domain pp0-core 2^-0 Joules
[    7.582257] hw unit of domain package 2^-0 Joules
[    7.639289] hw unit of domain dram 2^-0 Joules
[    7.669199] hw unit of domain pp1-gpu 2^-0 Joules
[    7.670230] platform rtc_cmos: registered platform RTC device (no PNP device found)
[    7.679419] Scanning for low memory corruption every 60 seconds
[    7.725786] futex hash table entries: 512 (order: 3, 32768 bytes)
[    7.729567] audit: initializing netlink subsys (disabled)
[    7.769693] audit: type=2000 audit(1488996527.015:1): initialized
[    7.789721] Initialise system trusted keyring
[    7.802847] HugeTLB registered 2 MB page size, pre-allocated 0 pages
[    7.806986] zbud: loaded
[    7.809241] VFS: Disk quotas dquot_6.6.0
[    7.825154] VFS: Dquot-cache hash table entries: 512 (order 0, 4096 bytes)
[    7.826716] squashfs: version 4.0 (2009/01/31) Phillip Lougher
[    7.829838] fuse init (API version 7.23)
[    7.880825] Key type big_key registered
[    7.892244] Allocating IMA MOK and blacklist keyrings.
[    7.893987] Key type asymmetric registered
[    7.958292] Asymmetric key parser 'x509' registered
[    8.038496] Block layer SCSI generic (bsg) driver version 0.4 loaded (major 249)
[    8.057972] io scheduler noop registered
[    8.069219] io scheduler deadline registered (default)
[    8.118410] io scheduler cfq registered
[    8.135779] pci_hotplug: PCI Hot Plug PCI Core version: 0.5
[    8.136830] pciehp: PCI Express Hot Plug Controller Driver version: 0.4
[    8.138173] ACPI: AC Adapter [AC] (off-line)
[    8.141591] input: Power Button as /devices/LNXSYSTM:00/LNXPWRBN:00/input/input0
[    8.143170] ACPI: Power Button [PWRF]
[    8.144066] input: Sleep Button as /devices/LNXSYSTM:00/LNXSLPBN:00/input/input1
[    8.157184] ACPI: Sleep Button [SLPF]
[    8.189196] GHES: HEST is not enabled!
[    8.189795] ACPI: Battery Slot [BAT0] (battery present)
[    8.193303] Serial: 8250/16550 driver, 32 ports, IRQ sharing enabled
[    8.224881] 00:02: ttyS0 at I/O 0x3f8 (irq = 4, base_baud = 115200) is a 16550A
[    8.238989] Linux agpgart interface v0.103
[    8.249862] brd: module loaded
[    8.257276] loop: module loaded
[    8.286914] scsi host0: ata_piix
[    8.289291] scsi host1: ata_piix
[    8.290104] ata1: PATA max UDMA/33 cmd 0x1f0 ctl 0x3f6 bmdma 0xd000 irq 14
[    8.291367] ata2: PATA max UDMA/33 cmd 0x170 ctl 0x376 bmdma 0xd008 irq 15
[    8.327511] libphy: Fixed MDIO Bus: probed
[    8.335805] tun: Universal TUN/TAP device driver, 1.6
[    8.336820] tun: (C) 1999-2004 Max Krasnyansky <maxk@qualcomm.com>
[    8.338101] PPP generic driver version 2.4.2
[    8.342456] ehci_hcd: USB 2.0 'Enhanced' Host Controller (EHCI) Driver
[    8.369433] ehci-pci: EHCI PCI platform driver
[    8.370410] ehci-platform: EHCI generic platform driver
[    8.392252] ohci_hcd: USB 1.1 'Open' Host Controller (OHCI) Driver
[    8.393419] ohci-pci: OHCI PCI platform driver
[    8.394373] ohci-platform: OHCI generic platform driver
[    8.398800] uhci_hcd: USB Universal Host Controller Interface driver
[    8.400061] i8042: PNP: PS/2 Controller [PNP0303:PS2K,PNP0f03:PS2M] at 0x60,0x64 irq 1,12
[    8.415875] serio: i8042 KBD port at 0x60,0x64 irq 1
[    8.447863] serio: i8042 AUX port at 0x60,0x64 irq 12
[    8.449160] mousedev: PS/2 mouse device common for all mice
[    8.473429] input: AT Translated Set 2 keyboard as /devices/platform/i8042/serio0/input/input2
[    8.478161] rtc_cmos rtc_cmos: rtc core: registered rtc_cmos as rtc0
[    8.478243] rtc_cmos rtc_cmos: alarms up to one day, 114 bytes nvram
[    8.478251] i2c /dev entries driver
[    8.478311] device-mapper: uevent: version 1.0.3
[    8.478365] device-mapper: ioctl: 4.34.0-ioctl (2015-10-28) initialised: dm-devel@redhat.com
[    8.478387] ledtrig-cpu: registered to indicate activity on CPUs
[    8.486248] NET: Registered protocol family 10
[    8.486400] NET: Registered protocol family 17
[    8.486411] Key type dns_resolver registered
[    8.486652] microcode: CPU0 sig=0x306d4, pf=0x40, revision=0x0
[    8.486659] microcode: CPU1 sig=0x306d4, pf=0x40, revision=0x0
[    8.486690] microcode: Microcode Update Driver: v2.01 <tigran@aivazian.fsnet.co.uk>, Peter Oruba
[    8.486848] registered taskstats version 1
[    8.486866] Loading compiled-in X.509 certificates
[    8.487743] Loaded X.509 cert 'Build time autogenerated kernel key: 32ca4feee90b5cde51f5f8c0e024b22f8c679982'
[    8.487769] zswap: loaded using pool lzo/zbud
[    8.489319] Key type trusted registered
[    8.491906] Key type encrypted registered
[    8.491912] AppArmor: AppArmor sha1 policy hashing enabled
[    8.491915] ima: No TPM chip found, activating TPM-bypass!
[    8.491934] evm: HMAC attrs: 0x1
[    8.492243]   Magic number: 9:555:139
[    8.492258] block ram4: hash matches
[    8.499132] rtc_cmos rtc_cmos: setting system clock to 2017-03-08 18:08:47 UTC (1488996527)
[    8.499253] BIOS EDD facility v0.16 2004-Jun-25, 0 devices found
[    8.499253] EDD information not available.
[    8.823301] tsc: Refined TSC clocksource calibration: 2194.797 MHz
[    9.019051] clocksource: tsc: mask: 0xffffffffffffffff max_cycles: 0x1fa2ffa4a29, max_idle_ns: 440795255827 ns
[    9.270269] Freeing unused kernel memory: 1488K (ffffffff81f45000 - ffffffff820b9000)
[    9.290162] Write protecting the kernel read-only data: 14336k
[    9.359856] Freeing unused kernel memory: 1776K (ffff880001844000 - ffff880001a00000)
[    9.365875] Freeing unused kernel memory: 116K (ffff880001de3000 - ffff880001e00000)
Loading, please wait...
starting version[    9.382510] random: systemd-udevd: uninitialized urandom read (16 bytes read, 3 bits of entropy available)
 229
[    9.383214] random: udevadm: uninitialized urandom read (16 bytes read, 3 bits of entropy available)
[    9.383251] random: udevadm: uninitialized urandom read (16 bytes read, 3 bits of entropy available)
[    9.383361] random: udevadm: uninitialized urandom read (16 bytes read, 3 bits of entropy available)
[    9.383402] random: udevadm: uninitialized urandom read (16 bytes read, 3 bits of entropy available)
[    9.383443] random: udevadm: uninitialized urandom read (16 bytes read, 3 bits of entropy available)
[    9.383491] random: udevadm: uninitialized urandom read (16 bytes read, 3 bits of entropy available)
[    9.383548] random: udevadm: uninitialized urandom read (16 bytes read, 3 bits of entropy available)
[    9.383609] random: udevadm: uninitialized urandom read (16 bytes read, 3 bits of entropy available)
[    9.383664] random: udevadm: uninitialized urandom read (16 bytes read, 3 bits of entropy available)
[   10.257094] e1000: Intel(R) PRO/1000 Network Driver - version 7.3.21-k8-NAPI
[   10.419237] e1000: Copyright (c) 1999-2006 Intel Corporation.
[   10.496924] Fusion MPT base driver 3.04.20
[   10.522308] Copyright (c) 1999-2008 LSI Corporation
[   10.532161] Fusion MPT SPI Host driver 3.04.20
[   10.554092] mptbase: ioc0: Initiating bringup
[   10.571727] AVX version of gcm_enc/dec engaged.
[   10.634107] ioc0: LSI53C1030 A0: Capabilities={Initiator}
[   10.754006] AES CTR mode by8 optimization enabled
[   10.911599] scsi host2: ioc0: LSI53C1030 A0, FwRev=00000000h, Ports=1, MaxQ=256, IRQ=20
[   10.969350] input: ImExPS/2 Generic Explorer Mouse as /devices/platform/i8042/serio1/input/input4
[   11.781751] scsi 2:0:0:0: Direct-Access     VBOX     HARDDISK         1.0  PQ: 0 ANSI: 5
[   11.781758] scsi target2:0:0: Beginning Domain Validation
[   11.782980] scsi target2:0:0: Domain Validation skipping write tests
[   11.782982] scsi target2:0:0: Ending Domain Validation
[   11.783033] scsi target2:0:0: asynchronous
[   11.783389] scsi 2:0:1:0: Direct-Access     VBOX     HARDDISK         1.0  PQ: 0 ANSI: 5
[   11.783395] scsi target2:0:1: Beginning Domain Validation
[   11.784297] scsi target2:0:1: Domain Validation skipping write tests
[   11.784299] scsi target2:0:1: Ending Domain Validation
[   11.784353] scsi target2:0:1: asynchronous
[   11.971537] sd 2:0:0:0: [sda] 20971520 512-byte logical blocks: (10.7 GB/10.0 GiB)
[   12.030868] sd 2:0:0:0: Attached scsi generic sg0 type 0
[   12.051969] sd 2:0:0:0: [sda] Write Protect is off
[   12.068566] sd 2:0:1:0: Attached scsi generic sg1 type 0
[   12.074455] sd 2:0:1:0: [sdb] 20480 512-byte logical blocks: (10.5 MB/10.0 MiB)
[   12.101402] sd 2:0:0:0: [sda] Incomplete mode parameter data
[   12.101404] sd 2:0:0:0: [sda] Assuming drive cache: write through
[   12.122764] e1000 0000:00:03.0 eth0: (PCI:33MHz:32-bit) 02:43:fc:58:af:9d
[   12.122770] e1000 0000:00:03.0 eth0: Intel(R) PRO/1000 Network Connection
[   12.233786] e1000 0000:00:03.0 enp0s3: renamed from eth0
[   12.240382] sd 2:0:1:0: [sdb] Write Protect is off
[   12.242949] sd 2:0:1:0: [sdb] Incomplete mode parameter data
[   12.245095] sd 2:0:1:0: [sdb] Assuming drive cache: write through
[   12.280190]  sda: sda1
[   12.309706] sd 2:0:1:0: [sdb] Attached SCSI disk
[   12.312949] sd 2:0:0:0: [sda] Attached SCSI disk
[   13.578185] floppy0: no floppy controllers found
[   13.659151] work still pending
Begin: Loading e[   15.082610] md: linear personality registered for level -1
ssential drivers ... [   15.111888] md: multipath personality registered for level -4
[   15.127847] md: raid0 personality registered for level 0
[   15.146002] md: raid1 personality registered for level 1
[   15.230462] raid6: sse2x1   gen()  8125 MB/s
[   15.478613] raid6: sse2x1   xor()  6598 MB/s
[   15.850536] raid6: sse2x2   gen()  9897 MB/s
[   16.186268] raid6: sse2x2   xor()  4972 MB/s
[   16.394261] raid6: sse2x4   gen() 11369 MB/s
[   16.518692] raid6: sse2x4   xor()  8789 MB/s
[   16.839016] raid6: using algorithm sse2x4 gen() 11369 MB/s
[   17.229281] raid6: .... xor() 8789 MB/s, rmw enabled
[   17.231709] raid6: using ssse3x2 recovery algorithm
[   17.234701] xor: automatically using best checksumming function:
[   17.277847]    avx       : 16902.000 MB/sec
[   17.388874] async_tx: api initialized (async)
[   17.438818] md: raid6 personality registered for level 6
[   17.549359] md: raid5 personality registered for level 5
[   17.589419] md: raid4 personality registered for level 4
[   17.595710] md: raid10 personality registered for level 10
done.
Begin: Running /scripts/init-premount ... done.
Begin: Mounti[   17.656912] Btrfs loaded
ng root file system ... Begin: Running /scripts/local-top ... done.
Begin: Running /scripts/local-premount ... Scanning for Btrfs filesystems
done.
Warning: fsck not present, so skipping root file system
[   17.886567] EXT4-fs (sda1): mounted filesystem with ordered data mode. Opts: (null)
done.
Begin: Running /scripts/local-bottom ... done.
Begin: Running /scripts/init-bottom ... done.
[   18.513395] systemd[1]: systemd 229 running in system mode. (+PAM +AUDIT +SELINUX +IMA +APPARMOR +SMACK +SYSVINIT +UTMP +LIBCRYPTSETUP +GCRYPT +GNUTLS +ACL +XZ -LZ4 +SECCOMP +BLKID +ELFUTILS +KMOD -IDN)
[   18.659931] systemd[1]: Detected virtualization oracle.
[   18.759522] systemd[1]: Detected architecture x86-64.

Welcome to [1mUbuntu 16.04.2 LTS[0m!

[   18.829662] random: nonblocking pool is initialized
[   18.839711] systemd[1]: Set hostname to <ubuntu>.
[   18.867411] systemd[1]: Initializing machine ID from random generator.
[   18.979316] systemd[1]: Installed transient /etc/machine-id file.
[   19.628367] systemd[1]: Reached target Swap.
[[0;32m  OK  [0m] Reached target Swap.
[   19.891340] systemd[1]: Started Forward Password Requests to Wall Directory Watch.
[[0;32m  OK  [0m] Started Forward Password Requests to Wall Directory Watch.
[   19.894153] systemd[1]: Listening on Journal Socket (/dev/log).
[[0;32m  OK  [0m] Listening on Journal Socket (/dev/log).
[   20.275943] systemd[1]: Created slice System Slice.
[[0;32m  OK  [0m] Created slice System Slice.
[   20.279136] systemd[1]: Created slice system-serial\x2dgetty.slice.
[[0;32m  OK  [0m] Created slice system-serial\x2dgetty.slice.
[   20.281410] systemd[1]: Listening on LVM2 poll daemon socket.
[[0;32m  OK  [0m] Listening on LVM2 poll daemon socket.
[   20.286028] systemd[1]: Created slice User and Session Slice.
[[0;32m  OK  [0m] Created slice User and Session Slice.
[   20.474057] systemd[1]: Reached target Slices.
[[0;32m  OK  [0m] Reached target Slices.
[   20.606104] systemd[1]: Listening on Device-mapper event daemon FIFOs.
[[0;32m  OK  [0m] Listening on Device-mapper event daemon FIFOs.
[   20.61430]] systemd[1]: Listening on Syslog Socket.
[[0;32m  OK  [0m] Listening on Syslog Socket.
[   20.719634] systemd[1]: Listening on Journal Audit Socket.
[[0;32m  OK  [0m] Listening on Journal Audit Socket.
[   20.741777] systemd[1]: Listening on /dev/initctl Compatibility Named Pipe.
[[0;32m  OK  [0m] Listening on /dev/initctl Compatibility Named Pipe.
[   20.744240] systemd[1]: Reached target Encrypted Volumes.
[[0;32m  OK  [0m] Reached target Encrypted Volumes.
[   20.777772] systemd[1]: Listening on LVM2 metadata daemon socket.
[[0;32m  OK  [0m] Listening on LVM2 metadata daemon socket.
[   20.779870] systemd[1]: Listening on udev Control Socket.
[[0;32m  OK  [0m] Listening on udev Control Socket.
[   20.798213] systemd[1]: Set up automount Arbitrary Executable File Formats File System Automount Point.
[[0;32m  OK  [0m] Set up automount Arbitrary Executab...ats File System Automount Point.
[   20.919703] systemd[1]: Listening on udev Kernel Socket.
[[0;32m  OK  [0m] Listening on udev Kernel Socket.
[   20.962056] systemd[1]: Reached target User and Group Name Lookups.
[[0;32m  OK  [0m] Reached target User and Group Name Lookups.
[   21.269768] systemd[1]: Listening on Journal Socket.
[[0;32m  OK  [0m] Listening on Journal Socket.
[   21.570047] systemd[1]: Mounting Debug File System...
         Mounting Debug File System...
[   21.612161] systemd[1]: Starting Monitoring of LVM2 mirrors, snapshots etc. using dmeventd or progress polling...
         Starting Monitoring of LVM2 mirrors... dmeventd or progress polling...
[   21.694171] systemd[1]: Starting Load Kernel Modules...
         Starting Load Kernel Modules...
[   21.710788] systemd[1]: Starting Remount Root and Kernel File Systems...
[   21.735026] EXT4-fs (sda1): re-mounted. Opts: (null)
         Starting Remount Root and Kernel File Systems...
[   21.808376] Loading iSCSI transport class v2.0-870.
[   21.850291] iscsi: registered transport (tcp)
[   21.850488] systemd[1]: Starting Create list of required static device nodes for the current kernel...
         Starting Create list of required st... nodes for the current kernel...
[   21.946116] systemd[1]: Starting Journal Service...
         Starting Journal Service...
[   21.995356] systemd[1]: Mounting Huge Pages File System...
         Mounting Huge Pages File System...
[   22.136465] systemd[1]: Starting Set console keymap...
         Starting Set console keymap...
[   22.170406] systemd[1]: Mounting POSIX Message Queue File System...
[   22.289643] iscsi: registered transport (iser)
         Mounting POSIX Message Queue File System...
[   22.334107] systemd[1]: Starting Uncomplicated firewall...
         Starting Uncomplicated firewall...
[   22.382008] systemd[1]: Starting Nameserver information manager...
         Starting Nameserver information manager...
[   22.575177] systemd[1]: Mounted Debug File System.
[[0;32m  OK  [0m] Mounted Debug File System.
[   22.586038] systemd[1]: Mounted POSIX Message Queue File System.
[[0;32m  OK  [0m] Mounted POSIX Message Queue File System.
[   22.589198] systemd[1]: Mounted Huge Pages File System.
[[0;32m  OK  [0m] Mounted Huge Pages File System.
[   22.618430] systemd[1]: Started Journal Service.
[[0;32m  OK  [0m] Started Journal Service.
[[0;32m  OK  [0m] Started Load Kernel Modules.
[[0;32m  OK  [0m] Started Remount Root and Kernel File Systems.
[[0;32m  OK  [0m] Started Create list of required sta...ce nodes for the current kernel.
[[0;32m  OK  [0m] Started Set console keymap.
[[0;32m  OK  [0m] Started Uncomplicated firewall.
[[0;32m  OK  [0m] Started LVM2 metadata daemon.
         Starting Create Static Device Nodes in /dev...
         Starting Initial cloud-init job (pre-networking)...
         Starting Load/Save Random Seed...
         Starting udev Coldplug all Devices...
         Mounting FUSE Control File System...
         Starting Apply Kernel Variables...
         Starting Flush Journal to Persistent Storage...
[[0;32m  OK  [0m] Mounted FUSE Control File System.
[[0;32m  OK  [0m] Started Nameserver information manager.
[[0;32m  OK  [0m] Started Load/Save Random Seed.
[[0;32m  OK  [0m] Started Apply Kernel Variables.
[[0;32m  OK  [0m] Started udev Coldplug all Devices.
[[0;32m  OK  [0m] Started Flush Journal to Persistent Storage.
[[0;32m  OK  [0m] Started Monitoring of LVM2 mirrors,...ng dmeventd or progress polling.
[[0;32m  OK  [0m] Started Create Static Device Nodes in /dev.
         Starting udev Kernel Device Manager...
[[0;32m  OK  [0m] Started udev Kernel Device Manager.
[[0;32m  OK  [0m] Started Dispatch Password Requests to Console Directory Watch.
[[0;32m  OK  [0m] Reached target Local File Systems (Pre).
[[0;32m  OK  [0m] Reached target Local File Systems.
         Starting Create Volatile Files and Directories...
         Starting Commit a transient machine-id on disk...
         Starting LSB: AppArmor initialization...
         Starting Set console font and keymap...
         Starting Tell Plymouth To Write Out Runtime Data...
[[0;32m  OK  [0m] Started Create Volatile Files and Directories.
[[0;32m  OK  [0m] Started Commit a transient machine-id on disk.
[[0;32m  OK  [0m] Reached target System Time Synchronized.
         Starting Update UTMP about System Boot/Shutdown...
[[0;32m  OK  [0m] Found device /dev/ttyS0.
[[0;32m  OK  [0m] Started Tell Plymouth To Write Out Runtime Data.
[[0;32m  OK  [0m] Started Update UTMP about System Boot/Shutdown.
[[0;32m  OK  [0m] Started LSB: AppArmor initialization.
[[0;32m  OK  [0m] Listening on Load/Save RF Kill Switch Status /dev/rfkill Watch.
[[0;32m  OK  [0m] Started Set console font and keymap.
[[0;32m  OK  [0m] Created slice system-getty.slice.
[   24.609642] cloud-init[448]: Cloud-init v. 0.7.9 running 'init-local' at Wed, 08 Mar 2017 18:09:07 +0000. Up 24.07 seconds.
[[0;32m  OK  [0m] Started Initial cloud-init job (pre-networking).
[[0;32m  OK  [0m] Reached target Network (Pre).
         Starting Raise network interfaces...
[[0;32m  OK  [0m] Started Raise network interfaces.
[[0;32m  OK  [0m] Reached target Network.
         Starting Initial cloud-init job (metadata service crawler)...
[   26.593469] cloud-init[1041]: Cloud-init v. 0.7.9 running 'init' at Wed, 08 Mar 2017 18:09:09 +0000. Up 25.34 seconds.
[   26.603000] cloud-init[1041]: ci-info: +++++++++++++++++++++++++++++++++++++Net device info++++++++++++++++++++++++++++++++++++++
[   26.621395] cloud-init[1041]: ci-info: +--------+------+----------------------------+---------------+-------+-------------------+
[   26.652882] cloud-init[1041]: ci-info: | Device |  Up  |          Address           |      Mask     | Scope |     Hw-Address    |
[   26.744455] cloud-init[1041]: ci-info: +--------+------+----------------------------+---------------+-------+-------------------+
[[0;32m  OK  [0m] Started Initial cloud-init job (metadata service crawler).
[   26.758593] cloud-init[1041]: ci-info: | enp0s3 | True |         10.0.2.15          | 255.255.255.0 |   .   | 02:43:fc:58:af:9d |
[   26.762559] cloud-init[1041]: ci-info: | enp0s3 | True | fe80::43:fcff:fe58:af9d/64 |       .       |  link | 02:43:fc:58:af:9d |
[   26.765545] cloud-init[1041]: ci-info: |   lo   | True |         127.0.0.1          |   255.0.0.0   |   .   |         .         |
[   26.768491] cloud-init[1041]: ci-info: |   lo   | True |          ::1/128           |       .       |  host |         .         |
[   26.787670] [[0;32m  OK  [0m] Reached target Cloud-config availability.
[[0;32m  OK  [0m] Reached target System Initialization.
[[0;32m  OK  [0m] Started Trigger resolvconf update for networkd DNS.
cloud-init[1041]: ci-info: +--------+------+----------------------------+---------------+-------+-------------------+
[[0;32m  OK  [0m] Started ACPI Events Check.
[[0;32m  OK  [0m] Reached target Paths.
[   26.825383] cloud-init[1041]: ci-info: +++++++++++++++++++++++++++Route IPv4 info++++++++++++++++++++++++++++
[   26.833658] cloud-init[1041]: ci-info: +-------+-------------+----------+---------------+-----------+-------+
[   26.841594] cloud-init[1041]: ci-info: | Route | Destination | Gateway  |    Genmask    | Interface | Flags |
[   26.844305] cloud-init[1041]: ci-info: +-------+-------------+----------+---------------+-----------+-------+
[   26.848554] cloud-init[1041]: ci-info: |   0   |   0.0.0.0   | 10.0.2.2 |    0.0.0.0    |   enp0s3  |   UG  |
[[0;32m  OK  [0m] Listening on ACPID Listen Socket.
         [   26.903570] Starting Socket activation for snappy daemon.cloud-init
[1041]: ci-info: |   1   |   10.0.2.0  | 0.0.0.0  | 255.255.255.0 |   enp0s3  |   U   |
[   27.012885] cloud-init[1041]: ci-info: +-------+-------------+----------+---------------+-----------+-------+
[   27.013295] cloud-init[1041]: Generating public/private rsa key pair.
[[0;32m  OK  [0m] Started Daily apt activities.
[   27.013396] cloud-init[1041]: Your identification has been saved in /etc/ssh/ssh_host_rsa_key.
[   27.143727] cloud-init[1041]: Your public key has been saved in /etc/ssh/ssh_host_rsa_key.pub.
         Starting LXD - unix socket.
[[   27.144304] cloud-init[1041]: The key fingerprint is:
[0;32m  OK  [0m] Listening on UUID daemon activation socket.
[[   27.241032] cloud-init[1041]: SHA256:aSxQY5OIaVP146YAD4WmQ/ppqxm6Q0td897ujNk+nOg root@ubuntu-xenial
[   27.250569] cloud-init[1041]: The key's randomart image is:
[   27.250687] cloud-init[1041]: +---[RSA 2048]----+
[   27.250850] cloud-init[1041]: |   =oo*.         |
[   27.251022] cloud-init[1041]: | .B..o.+         |
[   27.251202] cloud-init[1041]: |o+o..   o        |
[   27.251376] cloud-init[1041]: |+  + + o o       |
[   27.251548] cloud-init[1041]: | o..+ + S        |
[   27.251696] cloud-init[1041]: | o+. . *         |
[   27.251850] cloud-init[1041]: |+...  o + .      |
[   27.252064] cloud-init[1041]: |o+.    o==       |
[   27.252160] cloud-init[1041]: |=+    .E+*.      |
[0;32m  OK  [0m] Started Daily Cleanup of Temporary Directories.
[[   27.252566] cloud-init[1041]: +----[SHA256]-----+
[   27.262178] cloud-init[1041]: Generating public/private dsa key pair.
[   27.262400] cloud-init[1041]: Your identification has been saved in /etc/ssh/ssh_host_dsa_key.
[   27.262543] cloud-init[1041]: Your public key has been saved in /etc/ssh/ssh_host_dsa_key.pub.
[   27.262694] cloud-init[1041]: The key fingerprint is:
[   27.262844] cloud-init[1041]: SHA256:n0xfA4sV4PVx8zAhUw/Uzz2F+JnrXSqZnAC1oI+Bv34 root@ubuntu-xenial
[0;32m  OK  [0m] Started Timer to automatically refresh installed snaps.
[   27.262998] cloud-init[1041]: The key's randomart image is:
[   27.269262] cloud-init[1041]: +---[DSA 1024]----+
[[0;32m  OK  [0m] Reached target Timers.
[   27.269385] cloud-init[1041]: |          ..=+O=.|
[   27.300698] cloud-init[1041]: |        .....=.B=|
[[0;32m  OK  [0m] Listening on D-Bus System Message Bus Socket.
[[   27.300911] cloud-init[1041]: |     . . o..o..+*|
[   27.320204] cloud-init[1041]: |    . o . .o o+.+|
[0;32m  OK  [0m] Reached target Network is Online.
[   27.320307] cloud-init[1041]: |     . +S.o . o..|
[   27.348296] cloud-init[1041]: |      o .+.o ....|
[   27.359052] cloud-init[1041]: |       .  +o.= o.|
[   27.359294] cloud-init[1041]: |      . E   * o .|
         Starting iSCSI initiator daemon (iscsid)...
[   27.359464] cloud-init[1041]: |     ...     .   |
[   27.364170] cloud-init[1041]: +----[SHA256]-----+
[   27.364388] cloud-init[1041]: Generating public/private ecdsa key pair.
[[0;32m  OK  [0m] Listening on Socket activation for snappy daemon.
[[0;32m  OK  [0m] Listening on LXD - unix socket.
[[0;32m  OK  [0m] Reached target Sockets.
[[0;32m  OK  [0m] Reached target Basic System.
[   27.364530] cloud-init[1041]: Your identification has been saved in /etc/ssh/ssh_host_ecdsa_key.
[   27.386587]          cloud-initStarting LSB: Record successful boot for GRUB...[1041]: 
Your public key has been saved in /etc/ssh/ssh_host_ecdsa_key.pub.
         Starting Apply the settings specified in cloud-config...
[   27.493111] cloud-init[1041]: The key fingerprint is:
[   27.541262] cloud-init[1041]: SHA256:mfwwq9qbDufZNzYS1jXP3YKD8nAlkqGnwDPZJE6dE1c root@ubuntu-xenial
[   27.552240] cloud-init[1041]: The key's randomart image is:
[   27.576289] cloud-init[1041]: +---[ECDSA 256]---+
[[0;32m  OK  [0m] Started Regular background program processing daemon.
[   27.593233] cloud-init[1041]: |     ..o..E      |
         Starting Pollinate to seed the pseudo random number generator...
[   27.669613] cloud-init[1041]: |    o =..        |
         Starting LXD - container startup/shutdown...
[   27.719125] cloud-init[1041]: |   + = o o       |
[   27.784295] cloud-init[1041]: |    B o.+o. +    |
[   27.820285]          cloud-initStarting /etc/rc.local Compatibility...[1041]: 
|     + oSo = = ..|
[   27.844086] [cloud-init[0;32m  OK  [0m[1041]: ] |      . ==+ o + o|Started ACPI event daemon.

[   27.878641] [cloud-init[0;32m  OK  [0m[1041]: ] |    . ...*.  . . |Started FUSE filesystem for LXC.

[   27.879009] cloud-init[1041]: |     = =. *      |
[   27.894179] cloud-init[1041]: |    .oO..+ o     |
[   27.896640] cloud-init[1041]: +----[SHA256]-----+
[   27.900717] cloud-init[1041]: Generating public/private ed25519 key pair.
[   27.903028] cloud-init[1041]: Your identification has been saved in /etc/ssh/ssh_host_ed25519_key.
[   27.918809] [cloud-init[0;32m  OK  [0m[1041]: ] Your public key has been saved in /etc/ssh/ssh_host_ed25519_key.pub.Started Deferred execution scheduler.

[   27.919195] cloud-init[1041]: The key fingerprint is:
[   27.946489] cloud-init[1041]: SHA256:j6XtucyNwLp1016AEnZmAiDHi7WVVp2019botm5W2f4 root@ubuntu-xenial
[   27.952387] cloud-init[1041]: The key's randomart image is:
         Starting LSB: MD monitoring daemon...
[   27.955860] cloud-init[1041]: +--[ED25519 256]--+
[   27.979777]          Starting Accounts Service...
cloud-init[1041]: |  ..o..o.o..     |
[   27.983283] [cloud-init[0;32m  OK  [0m[1041]: ] |   oo +.  o. . o |Started D-Bus System Message Bus.

[   27.983879] cloud-init[1041]: |   o =  + = . + .|
[   28.016350] cloud-init[1041]: |  . o  . * o o   |
[   28.055255] cloud-init[1041]: |        S o . o o|
[   28.096352] cloud-init[1041]: |       . B . o oo|
[   28.110289] cloud-init[1041]: |        * = . oo |
[   28.112392] cloud-init[1041]: |       o * * oo .|
[   28.117097] cloud-init[1041]: |      o.  B.oo. E|
[   28.140453] cloud-init[1041]: +----[SHA256]-----+
[   28.457231] cloud-init[1133]: Generating locales (this might take a while)...
         Starting System Logging Service...
         Starting Login Service...
[[0;32m  OK  [0m] Started Snappy daemon.
         Starting Auto import assertions from block devices...
[[0;32m  OK  [0m] Started /etc/rc.local Compatibility.
[[0;32m  OK  [0m] Started Auto import assertions from block devices.
[[0;32m  OK  [0m] Started Login Service.
[[0;32m  OK  [0m] Started iSCSI initiator daemon (iscsid).
         Starting Login to default iSCSI targets...
[[0;32m  OK  [0m] Started LSB: Record successful boot for GRUB.
[[0;32m  OK  [0m] Started LSB: MD monitoring daemon.
[[0;32m  OK  [0m] Started System Logging Service.
[[0;32m  OK  [0m] Started Login to default iSCSI targets.
[[0;32m  OK  [0m] Reached target Remote File Systems (Pre).
[[0;32m  OK  [0m] Reached target Remote File Systems.
         Starting Permit User Sessions...
         Starting LSB: Set the CPU Frequency Scaling governor to "ondemand"...
         Starting LSB: VirtualBox Linux Additions...
         Starting LSB: automatic crash report generation...
         Starting LSB: daemon to balance interrupts for SMP systems...
[[0;32m  OK  [0m] Started Permit User Sessions.
[[0;32m  OK  [0m] Started LSB: Set the CPU Frequency Scaling governor to "ondemand".
         Starting Authenticate and Authorize Users to Run Privileged Tasks...
         Starting Terminate Plymouth Boot Screen...
         Starting Hold until boot process finishes up...
[[0;32m  OK  [0m] Started Terminate Plymouth Boot Screen.
[[0;32m  OK  [0m] Started Hold until boot process finishes up.
[[0;32m  OK  [0m] Started LSB: daemon to balance interrupts for SMP systems.
         Starting Set console scheme...
[[0;32m  OK  [0m] Started Getty on tty1.
[[0;32m  OK  [0m] Started Serial Getty on ttyS0.
[[0;32m  OK  [0m] Reached target Login Prompts.
[[0;32m  OK  [0m] Started LSB: automatic crash report generation.
[[0;32m  OK  [0m] Started Set console scheme.
[[0;32m  OK  [0m] Started Authenticate and Authorize Users to Run Privileged Tasks.
[[0;32m  OK  [0m] Started Accounts Service.
[[0;32m  OK  [0m] Started LSB: VirtualBox Linux Additions.
[   30.672675] cloud-init[1133]:   en_US.UTF-8... done
[   30.720368] cloud-init[1133]: Generation complete.
[[0;32m  OK  [0m] Stopped OpenBSD Secure Shell server.
         Starting OpenBSD Secure Shell server...
[[0;32m  OK  [0m] Started OpenBSD Secure Shell server.
[[0;32m  OK  [0m] Started LXD - container startup/shutdown.
[[0;32m  OK  [0m] Started Pollinate to seed the pseudo random number generator.
[[0;32m  OK  [0m] Reached target Multi-User System.
[[0;32m  OK  [0m] Reached target Graphical Interface.
         Starting Update UTMP about System Runlevel Changes...
[[0;32m  OK  [0m] Started Update UTMP about System Runlevel Changes.
[[0;32m  OK  [0m] Created slice User Slice of ubuntu.
         Starting User Manager for UID 1000...
[[0;32m  OK  [0m] Started Session 1 of user ubuntu.
[[0;32m  OK  [0m] Started User Manager for UID 1000.
[   33.656315] cloud-init[1133]: Cloud-init v. 0.7.9 running 'modules:config' at Wed, 08 Mar 2017 18:09:11 +0000. Up 27.73 seconds.
[[0;32m  OK  [0m] Started Apply the settings specified in cloud-config.
         Starting Execute cloud user/final scripts...
ci-info: no authorized ssh keys fingerprints found for user ubuntu.
<14>Mar  8 18:09:18 ec2: 
<14>Mar  8 18:09:18 ec2: #############################################################
<14>Mar  8 18:09:18 ec2: -----BEGIN SSH HOST KEY FINGERPRINTS-----
<14>Mar  8 18:09:18 ec2: 1024 SHA256:n0xfA4sV4PVx8zAhUw/Uzz2F+JnrXSqZnAC1oI+Bv34 root@ubuntu-xenial (DSA)
<14>Mar  8 18:09:18 ec2: 256 SHA256:mfwwq9qbDufZNzYS1jXP3YKD8nAlkqGnwDPZJE6dE1c root@ubuntu-xenial (ECDSA)
<14>Mar  8 18:09:18 ec2: 256 SHA256:j6XtucyNwLp1016AEnZmAiDHi7WVVp2019botm5W2f4 root@ubuntu-xenial (ED25519)
<14>Mar  8 18:09:18 ec2: 2048 SHA256:aSxQY5OIaVP146YAD4WmQ/ppqxm6Q0td897ujNk+nOg root@ubuntu-xenial (RSA)
<14>Mar  8 18:09:18 ec2: -----END SSH HOST KEY FINGERPRINTS-----
<14>Mar  8 18:09:18 ec2: #############################################################
-----BEGIN SSH HOST KEY KEYS-----
ecdsa-sha2-nistp256 AAAAE2VjZHNhLXNoYTItbmlzdHAyNTYAAAAIbmlzdHAyNTYAAABBBHJAMjSgV0AZzj+/r2tJFaOk5VtKrdW8RoAznIdDQKBQloSKxXlEiupuBvvj1BHJJSbeJpCZLOvUVjOWAiL0GDU= root@ubuntu-xenial
ssh-ed25519 AAAAC3NzaC1lZDI1NTE5AAAAIErNlwEbQ8sNTxGVl3Smh7oVFmrvwIxSYZOA2cbyWA75 root@ubuntu-xenial
ssh-rsa AAAAB3NzaC1yc2EAAAADAQABAAABAQCRHUvEWLq0pIBSXuPeD6Qe2ybUNnMs0X203Wdrv+cu6Ta1ZIBmRu1ZphuSUz2bwpcU4+d/Ag2Ww9oLVs5iTPa8yuG9CrJhvl7mCpYlmyu8gG+hX0ThErnN2Ccvb13dpWgecVsr07wp/dQpQAsed/ZhjIDuyuAXQU2SSAF0zan/rsxOe2BYKDnXEff7iLp+tlFjYkYJNZv/ksARZknyF45CLtp6o+1Opos25pxhnU7P4MLVkBzGHc6zhCWvZ07LW4KDM9f2nq+VzSUEmdO2tlX+ELxfqgP97X31T4JivqHpJNgG+M3Lcs7NlDs5eATJCIWYrIYO7w6qPqsBc3RMR47J root@ubuntu-xenial
-----END SSH HOST KEY KEYS-----
[   35.039844] cloud-init[1473]: Cloud-init v. 0.7.9 running 'modules:final' at Wed, 08 Mar 2017 18:09:17 +0000. Up 34.01 seconds.
[   35.054440] cloud-init[1473]: ci-info: no authorized ssh keys fingerprints found for user ubuntu.
[   35.116637] cloud-init[1473]: Cloud-init v. 0.7.9 finished at Wed, 08 Mar 2017 18:09:18 +0000. Datasource DataSourceNoCloud [seed=/dev/sdb][dsmode=net].  Up 35.02 seconds
[[0;32m  OK  [0m] Started Execute cloud user/final scripts.

Ubuntu 16.04.2 LTS ubuntu-xenial ttyS0

ubuntu-xenial login: 